saddaxs@gmail.com:sge60$HyTOhjsoB
majcinmaj@gmail.com:Marcin1911.
imiplacbaietii@gmail.com:milsugi69
syafiik1993@example.com:Kehsya271195
axelerdene4r@gmail.com:Ruvin@2005
wayne131727827@gmail.com:ss881015qq
juliarodriguesparadizo16@gmail.com:Packpes2021
meyerlinck1@gmail.com:k@lel1938
dtdtdt@gmail.com:camara1234
donnylongvideo@gmail.com:CBsupportsucks1
sekousira70@gmail.com:Kei76296609
colochini91@outlook.es:miguelbajozero
vezezeru@lyft.live:Andres090
noiselalonde@gmail.com:iamdatboi
emanuhero1@gmail.com:Emanuhero1@
maniixsqueeze@gmail.com:Rosariosebastiao1
javorovacnermin@gmail.com:Nermin1985
subhodebnath0450@gmail.com:subho007
chunchunmaru697@gmail.com:Songoku7
milliyonmulugeta1958@gmail.com:milliyon@pass
howieofharwood@sky.com:gobshite1
erminio.santozzi@gmail.com:Pant@kel7
estropajo239@gmail.com:Maria12345
fabriquezo9@hotmail.com:Anonuevo9
fizajalalofficial@gmail.com:Chillmasti9
sraiki@yahoo.com:1!2@A#1d$
dhulk4503@gmail.com:hulk@333
fernandosidneidasilva@gmail.com:xvideos010233
daudsharief50@gmail.com:davil1111
trainuamua@gmail.com:ajdjdj123
pablomedrano316@gmail.com:marshmellow316
kfsantiago93@gmail.com:Argonite018
xrhstarasunboxing3@gmail.com:192837475600192837465
mgedo2606@gmail.com:01120818126m
luizprivacy99@gmail.com:831867831967
tonituparov2008@gmail.com:65391001
kylelog23@gmail.com:helpme23
ahmetturkann33@hotmail.com:yZr3U3mjwL.z-6?
kingostosao157@gmail.com:pegador15772637182272
npata7510@gmail.com:asder367
uanandbu@gmail.com:PS.VE?uL_%"5svi
rinaldi.erik@hotmail.it:Giluro123!
rajajoseraja4@gmail.com:840509013
laudebbva@gmail.com:hsbcvital7
grimreaperdragon666@gmail.com:NOLANno01
kunjiolsha123@gmail.com:kunjiolsha123
kols01@gmail.com:dylan1203
id513340@gmail.com:Merda513340./
cosmiin71@gmail.com:cosmin123
austinrabbitskin36@gmail.com:Brown_boy74
savasalam021@gmail.com:Ok123456@.
ranaayush031@gmail.com:kyTgf$!#8yn3cDm
llamasdefuego422@gmail.com:Y4nn4r3ll4!2022
hafizzz2014@gmail.com:SiLazabrata2
federico_lanormal@hotmail.com:42359268
henriquecaron03@gmail.com:Caron@161703
rokvilla@yahoo.com:Rokvilla7
anyel297177272@gmail.com:@F)-FTgf39H)jLW
ph6204572kl@gmail.com:012340pllll
superjinu@gmail.com:Pantsu20
raduro99@gmail.com:Sorinel_21
krdigan@outlook.com:Dango2308
traumatizedxbl@gmail.com:Ticklemypickle23
ytaserver@gmail.com:c?-rPw@m+pF4YXp
progyogi@gmail.com:0Hp6hmD5O8if
louis.ricard.net@gmail.com:*Lyne1978
lucyanoemydio@hotmail.com:felipe10
kinji_32@hotmail.com:kinji123456789
frederiklaurean@gmail.com:sindylu123
zafura2013@gmail.com:goldbus2006
mdsantob@gmail.com:Santob..
longlastinggun@gmail.com:ad52306327
ks9607619@gmail.com:levit1469
gemaballejos@gmail.com:Candicinga23
franvirtual22@gmail.com:Etu@2023
ocwhyteboi88@gmail.com:bailey54991211
jdavid.cg22@gmail.com:Jdav0922
drewhex@gmail.com:Changed683
marcbossmil2yt@gmail.com:pgLte@@mG$kK$7f
negroba1975@hotmail.com:casabranca1975
priggles@amphenol.com:Z3TfuqThGP9Hw
khaedundou@gmail.com:Lunaka@21
ersal33@hotmail.com:gomenasa33
tyreetw@gmail.com:Lovema9000@@
igorcat09@hotmail.com:99423510
vincentchukwuma30@gmail.com:1manobo45
robelchali3@gmail.com:Rob094242
ritu.m.princess@gmail.com:91KK96361o
thiouneaziz997@gmail.com:Df98#X@K4#?x6Be
alandilonb@gmail.com:Gawafasom3a
pedroconcetti647@gmail.com:pedro120_ryu
muhammadrifai812@smk.belajar.id:@Ridonova0606
harmeyerkelsi@wrberkley.com:x5kRaBOuFPX
quangdat111ff@gmail.com:1122334455667788
mairahalsey@icloud.com:Risole123
pabloo3044@gmail.com:Anaawnaaw13
pacomekrah@gmail.com:Motdepasse
philvalou@free.fr:poires555
danielsuarez.2192@gmail.com:Dani2192
dazzlerguy4u@gmail.com:9700057884
ruanrandle@gmail.com:FFH4XruanFFH4X
pedro.manoeldevilhena@gmail.com:k250174K
tavadzasagi@gmail.com:@Sa53694578963
hkprintz01@outlook.com:2KojoPMa5859
dusuario707@gmail.com:Hiphop2010..
kajtkokoza@gmail.com:Mateo8640#
giustirifkih86@gmail.com:buih90000
ellanostorrenegra@yahoo.es:EDULLATO2022
tpcbomba@gmail.com:calubatpc
msaltness@yahoo.com:VelIz3Wm5E2Gk
muhammadaja14sa@gmail.com:animecool001
malithawak8@gmail.com:malithawak2002
sekouba4422@gmail.com:hawa1974
sebastianavalo676@gmail.com:1nLtumama
731550lk@gmail.com:Toby060621
cyer23@gmail.com:Tucs0n&2.0
kajtkokoza@gmail.com:Mateo8640
tinkudrraat@gmail.com:Bolozubankesri12$
johnyalvesmoreira16s@gmail.com:#b.*aP3*et$e+eB
miti277@gmail.com:PzP!-9g7.yFXYnC
mkobylarz@libertymedia.com:jjjKLiOYHYvsbH
wangchengjie@gmail.com:Zshx3@JDA5uycS@
prabinkn82@gmail.com:ameyapra@1982
jessavnz@outlook.com:Jessa131028#
cless_phantasia@hotmail.com:Thedarkcless1818362190
tori.anderson21@gmail.com:Naomi323!
carlosdaterra@yahoo.com.br:novasenha1
oliversaul199@hotmail.com:123456788
zoom.csrnavzla@gmail.com:@12345678$
asadali6565175@gmail.com:asad6565175
miguel.branco90@gmail.com:@j8,HYaD2AGGA8n
santidellavalle322@gmail.com:$_QgSdS@6GJB$4c
marlon.bueno.machado94@gmail.com:157721@shederyco
camiarciniegas02@gmail.com:Cam020400
kennedysouza94@gmail.com:jose2013
morrisagene3@gmail.com:MORRIS2004
demonwolfentity@gmail.com:Cake2197
djds7863@gmail.com:Patelauto@121
iury334@gmail.com:iuryguimaraes
cass.persefone@gmail.com:nPTmD#Tgf159
ekarlharolde@yahoo.fr:@Switch12345789
labeldabel@yahoo.de:Schalom123
ttyuhty@gmail.com:aE123q3232
hoi0_6@hotmail.com:banaan13
tnicolas199@gmail.com:abcE123
comprobantestne@gmail.com:Wuaton0308
djisaacindart@gmail.com:joy@Pro1
ferdinanangga78@gmail.com:dharma2001d
sithlecharles01@gmail.com:258012jakprobeats2021
gustavosantosdesantana@hotmail.com:gu23081999
ayodejimusic1@gmail.com:Seunindeola4110@
mosa19891098@gmail.com:Mohammed@123
bender85bender@gmail.com:Bender85@
nicobeat430@gmail.com:Albertina000
palmyfn200@gmail.com:Palmy200fn
pearlhandicrafts.official@gmail.com:Universal#1569
vinny157@bol.com.br:5681bolA
redabir2247@gmail.com:ABIR2247
javid.wb58@gmail.com:013579007gtr
instagrampages0010@gmail.com:h9Hvmjc&xLS4U9N
lukcz123@gmail.com:megemel123
mahmutogluomer3@gmail.com:HT1259th???
musaahmed65867@gmail.com:675867586758
tokudavl123@gmail.com:kimochi12345
ipikachupokeball@gmail.com:Nomelase1
metamask.99999@gmail.com:Metaxvideos#
sisecap689@seinfaq.com:3333@Chan
matheuslucas1001938@gmail.com:Matheus3838
liam.fornias@gmail.com:TAbVewakucDopM6
jroaprada@gmail.com:JuanayDanna69
lic.omar.perez.escobar@gmail.com:Omar_perez1978
rafaelpuente14@gmail.com:Sarah88%%
skarednik007@gmail.com:termiter.00
mahdidelfani155@gmail.com:MaHdI.DeL.fAnI11
noobpropar@gmail.com:noobpro119398153113858
kakinuma1@hotmaol.co.jp:khkk1122
loreadr.5@gmail.com:5614mnfy2784.
hajajajfh@gmail.com:Sp@aogaw21
profico1506@gmail.com:Filip1507
lucianomilone1981@gmail.com:5+n'rTvJ_BKxiP,
jezanieva23@gmail.com:Jezabel.20
suarjana669@gmail.com:Bangli71
609612035@qq.com:Wozaijida631!
rodpe-9828@hotmail.com:Pedrero9828
zalmijamle@vusra.com:Voladoras1923
marco.mazzoldi321@gmail.com:xvideos.321
damer.yahya@gmail.com:f/hLzT8/9G8VtL!
royale.1379.royale@gmail.com:091799085077
easyone123321@gmail.com:.2VhQHTzaQ24DHh
josemprendimiento@gmail.com:8615@Afjv
rhyangostosao@email.com:rhyangostosao
avotratianjanahary89@gmail.com:034072128345290725802005
varelandre7@gmail.com:asegram13
misbahrehman154@gmail.com:saadi123,
rolosg88@gmail.com:Yolaamaba1988sa
ruthdaniela@gmail.com:!ryds4f7V@XCSP3
justinsui72@gmail.com:ahsanjustin
jamespaul1777@gmail.com:Chocolat3.
rh.nabil27@gmail.com:12345678
jamespaul1777@gmail.com:Juxtaposition.
lianga168@gmail.com:1337Aaron
jstalin437@gmail.com:jharznnny128979012
telojabut22@gmail.cok:Grogorio00
tumotok01@gmail.com:tumoz468013
gagaagag@gmail.com:CjNYsc6X6FXwM@y
mreaper92@gmail.com:MKMMKMzxc5
proxgamesespinopanuera@gmail.com:proxito7496putasxdaea
gafpintosecundaria2259@gmail.com:GPKEVIN123456
gmetangni11@gmail.com:Gmetangni11@mgc,
gold.lion5728@gmail.com:love7850
macanorman89@gmail.com:macanorman89
noondeepoo@gmail.com:Noon2127271001
njokijimmy@gmail.com:Kifani2015
mr.angell249@gmail.com:kilianbrais-1
ignaciocoser1@gmail.com:ignacio2003
titicapelo70@gmail.com:03031980a
zulmira2333@gmail.com:@z87215977
juniofer84@gmail.com:2211976yubior
wac.hamid@gmail.com:hakimhakim12345
mdkawsharhossain1996@gmail.com:skraj12345
bcrisneil@gmail.com:ikawatako11
guicon58@gmail.com:n6L!LsqbZ3K!XTz
gilsonapolo@gmail.com:23232516
superjoaco3000@gmail.com:Marranito2005.
stevenchalare@gmail.com:Jdchm92
koroneospetros6@gmail.com:Pk20567
khalifarowland1@gmail.com:pupa2t4**
josecasasnisperuza@gmail.com:jose_12345678
rogelioneculhual@gmail.com:42Se#K4i6yAA&q2
theguigosbr@gmail.com:guigo253434R
everaldo.bohrer@gmail.com:182214evb
mthabazimbi208@gmail.com:Ti88@260
romar.malabrigo@gmail.com:201611327
pavlor4@gmail.com:Badoo1111
kwanelemsel@icloud.com:Kwanele2001
k.khatait@gmail.com:chandrawati@1432
gokhanataman@gmail.com:Motorhead1972
dinojan19965@gmail.com:thanojayan1
owenkyleras@gmail.com:JV59/UYX4aF_mtY
hamam.sos@hotmail.com:Forzajuveh3yze3
khomsokkha679@gmail.com:K0979714707
papaya2002@outlook.es:Mipapaya02
katanawarriorxd@gmail.com:cancro28xd
gixose3988@oniecan.com:analsex123
darelmolinaramox@gmail.com:C#fxpvNiA!3vMQH
niranjan.raj21@gmail.com:niranjan147
rannydelacruzp@gmail.com:Leavemealoneclassics12
baigal5595@yahoo.com:P@Ssw0rd
glorman@travelers.com:z_haju3jjzpo
blastyretro@gmail.com:robloxaddict223
dinahef755@mannawo.com:Sschicho1702!
darren2001ds@gmail.com:santana4608
zahitx56@gmail.com:zahitbaka56
parramariabelen1986@gmail.com:32577134belen
deadshot_47@outlook.com:Et3rn4LJudg3m3nT472K
soyajav672@goonby.com:helloladies9800
onlydennys04@gmail.com:Minino580
benjadelcarpio@gmail.com:mamutcomcl1
piratespatch2@gmail.com:bubblewrap7
gabriel12345678k9@gmail.com:Maloeres2030
badbrainscover@gmail.com:Manson123!@#
opreadenis59@gmail.com:Denis.Oprea18
ezzaoui938@gmail.com:azerty123
ramonrggr44@gmail.com:15221223123456
zarif2510j@gmail.com:@zarif@2510J@
zosedkok333@gmail.com:Straight3n
chbteodoro84@gmail.co:06082013su
fakeid.45667@gmail.com:sam__AA11
royerla01@mail.buffalostate.edu:Moneybaby15!
brayanpatino@gmail.com:n9mm$$rW!DV3VFQ
dread.esc@gmail.com:catalufa24182803
awahidullah887@gmail.com:Wwahidullahme123
dominguezjuandani@gmail.com:Jd12345678
zydisameer9@gmail.com:sgk.78niy562
lucascamargo47@gmail.com:23594xL#
stelviocabral9@gmail.com:Mateus998877
vxcunha@gmail.com:Vxcunh@123
veramaari551@gmail.com:andhamaari+
ian.njoroge2012@gmail.com:VAdOmpoffIl3
asiananalgirls@gmail.com:Killallfags1
tilmuguspi@vusra.com:Randybryan00
lokokomix@345gmail.com:ce7839099
lvhcorp@gmail.com:Polux230%@
antoniolanzapacheco@gmail.com:Peluza12345
flexytop@gmail.com:ajirenike001
gisugsl11@gmail.com:Gisela34924316
wesseltea@gmail.com:wesselLourens2009!
davidobed205@gmail.com:07017996571
missael.98work@gmail.com:314Missa18
ziadtallat33@gmail.com:!Ziad12345
yaromirkarel@gmail.com:rimoraylerak
ercancatalbas@gmail.com:erc_an@1983
luisec55@gmail.com:C@ligula98
katoltito2005@gmail.com:19tito19aguilar
pawaris0407@gmail.com:pimsai04040
ema.behilova@gmail.com:Dog12345
parsahashemzade10@gmail.com:Parsa1385$
oramaciyo15@gmail.com:179485179485
youse22332233@gmail.com:Youse23
smab.shahg@gmail.com:ar00jkhan
geoyethewy@gmail.com:kikukiku376376
samuelelelli99@gmail.com:10lxkn8s1um74p1
fajartoxs8@gmail.com:fajar5591
magallnesdayron@gmail.com:realhastalamuerte
zaphiresmurf@gmail.com:omaxomaX12!
chillpoosy@gmail.com:06122005qwertyuiop
strif82@gmail.com:mikelandjelo82
cardillo.cesc@gmail.com:Fransastar2!2
resyverhagen@gmail.com:Eurohotel1
smokeandsex21@gmail.com:Captain#
djoscarbeat@gmail.com:djmusica2020
ratalla1978@akanbox.com:MegaCable#1978
enrojas1985@gmail.com:KikeOnlyfans1
jandersenpai21@gmail.com:akalihentai
zisartistu@gmail.com:Hatz2323
s3043298@gmail.comt:Luis4ngel
pereirajorgecastillo@gmail.com:Familia3015**
lumbreras.jesus.1gv@gmail.com:wolverine
cpp010887@gmail.com:Ppf2014
brunogiovanne43@hotmail.com:messenger123
honfre_05_@hotmail.com:jhonfreddy
shayabusa8@gmail.com:samrat2004
muraibatupecangakan@gmail.com:abu021173lib
rubenmartinez8410@gmail.com:mclaren1084
jbray574@gmail.com:accordingtoallknownlaws
ethankrautz@gmail.com:UXuGZeQ8K5PkBd7
cristian.sutherland@corporacionbuin.cl:Csg8121542021
smiler1396@gmail.com:Nemesis1994
kelvinwathoni1@gmail.com:KELVIN,WATHONI,15209342.
mis728kuc@gmail.com:km17221200546683
ervinankercity@yahoo.co.id:ervinbonek
dj.la7ya@gmail.com:Yaa123@@@
blankusx@gmail.com:Sehungy94
jamespaul1777@gmail.com:Phantom.
debopriyoghosal8@gmail.com:debopriyoghosal8@gmail.com
lacueva030424@gmail.com:noteimporta.com
asikbanarjee@gmail.com:Asik@1996
masoudh053@gmail.com:Maghsoud1394
roxysilkexclusive@gmail.com:4g4]h'j+As!?YG5a`G`8CsG!ue
vlwajax@gmail.com:doliva19
subratad246@gmail.com:12345678
xiopbyypoqowqk@exelica.com:Argenis&Z66
aznmuscleboi@icloud.com:CD4n3e%LA^276-iV8
rafik.machekil@gmail.com:rafik26dz
avionerf@gmail.com:hamiboy12345
shaadshaikh2u@gmail.comsh:khuljasimsim
hibonp@orange.fr:coloriste
lopezpipe@gmail.com:123456789101112DIEGO
muhammadejaz1245@gmail.comm:Tehreem1
sahir.naseer@gmail.com:pgc14948
jimmyx360jimmyx360@yahoo.com.tw:naruto360
vickysure210@gmail.com:Elmcvicking1_
kakraattac941@gmail.com:xn14849#@
mhei31_caraang@yahoo.com:raxmf5k84hhry
mworiagoodluck2022@gmail.com:mworia1995
penelopeyuuse@gmail.com:Pillsberryprincess1$
edgardoamado87@hotmail.com:2dejulio
vitraxe@gmail.com:V1V1...V1V1
ryodlagnayo@gmail.com:ZvD2Vp&GGd.+MRj
madistwitchmail@gmail.com:AngelMadi123
foryall968@gmail.com:turquoisea
doanquocanhhuy@outlook.com.vn:lyctivIggeetUg4
stillrrevenuee1714@gmail.com:uPkKWHyb29!
mv1380.m@gmail.com:4WHwAkG2mVDuWxV
bejardeglane@hotmail.com:Maite@21
yukikoalo4ever@gmail.com:Tenochtitlan*2020
pihirev340@raonaq.com:Xvideos2000
luizera@gmail.com:Taiuan1
padghv@gmai.com:PiZzKLh!5YfDYmN
dbxalways@gmail.com:London12@
braulioarq2@gmail.com:Braulio5820
misioo2137@gmail.com:kajakochamcie1
ph23ppp@gmail.com:pedrok9Kk
gostosaodesapucaia369@gmail.com:gostosao369
pafcrhys@gmail.com:griffy09
juanluisfra11@gmail.com:J123456789
solomonfosu763@gmail.com:Kendrick024
matz.archi@gmail.com:kZ&vK2Q*,ergB+n
andysimreng12333@gmail.com:01153329966alAl
momanyieliphaz254@gmail.com:C0110812020
campos.karine2@gmail.com:Gabi1478s2
azkanahja77@gmail.com:2009011001yaa
vikilopez16@gmail.com:V1k1l0p3z16
ghlennst@outlook.com:1991MX@gx
mauricio_torrelio@hotmail.com:M111bbbb
euriko0109@gmail.com:Eurieuan1130
malikmuhammadmuneeb4@gmail.com:CXNvB@gWe7gK3qu
christymacky98@gmail.com:Juve1897++
nicolagranata214@gmail.com:Nik86games
ben3dictgames@gmail.com:Casamor4
ricardogualotuna7@gmail.com:CB7YLMMZqQw#hxH
italoneguinho@gmail.com:ELz8hY@c5@jZJ5D
longlastinggun@gmail.com:Fuckin4hours
pixelationsimulation@gmail.com:Lilkan0809
pppscn12345@gmail.com:Ss0909705722
mohammedaiesh1980@gmail.com:mylove1980
niconorab300@gmail.com:Albertina123
fokalil653@dilanfa.com:555444AAAq23#
daniyalnaqvi838@gmail.com:a1b2c3d4e5
mrseq2014@gmail.com:callofdutyz9@
incontribadoo@avvdicola.it:cAMERINO1960
lungz.molefe@gmail.com:King@5852
waywardgal2019@gmail.com:pdr22466
neupanesanchit18@gmail.com:Neupane0987654321
comage4000@gmail.com:Intelinside@213
jegajiw@gmail.com:18804698Ii
josedario212@gmail.com:joseDARIO_212
drew9040@gmail.com:rebecavadia
szakos0208@gmail.com:PudlizsaN-11
rhmdx1@gmail.com:.VkKUZD9JJx.6N7
niko.carvalho@sapo.pt:VW9E6dVtGJcGCh7
paulobruno55@gmail.com:Pl123456789
prsscode@gmail.com:@Kenya.254
boshaym17@gmail.com:Yasser88
mbiasvd4@gmail.com:123456789qwerty
dbnrfc421@gmail.com:BasketballLoveR0218
gabrieli_23@hotmail.com:vidriero
gurupasha@hotmail.com:jumpjet1
edwinchukwuemeka12@gmail.com:eddytekkers
melaspintodecolores1@gmail.com:covid202Z
misukysakura14@gmail.com:Reydelashadas545
techmann@aol.com:myown425
prejopre@gmail.com:perempuan
keversonmateus.km@gmail.come:halamadri
malmcr76@gmail.com:Qa8878455285
milliyonmulugeta1987@gmail.com:milliyon@pass
corkedefyu@vusra.com:Randybryan00
villanuevaalex.ale@gmail.com:&Rr9h%LB%NxC!p%
rumairge@gmail.com:7996231Rg@
babyfllowws@gmail.com:BabyRay1507
victooeloz1015@gmail.ecue:victorymagodeoz
brianmwenda9666@gmail.com:1930823850641519
rafaelmarincoelho@gmail.comt:groselha
ricardogualotuna7@gmail.com:Quito0520...
ayush.ayushkhare@gmail.com:saniaayush
toygarergun45@gmail.com:bezelye0000
fulocaca7@gmail.com:b$3@HFBKjP987XY
sandeedqayyum10@gmail.com:treplik13467
mohammedzayed66.10.47.52@gmail.com:1q2w3e@12345$
quickbills50@gmail.com:uPkKWHyb29
nick@samojenko.com:BU!!$hit
nirg44@gmail.com:Nir9463342
damnjanovicluka58@gmail.com:Luka321
tuxyvarman-badoo@yahoo.com:u60v0NXb713
granyujar@gmail.com:Sujey159
cedinhoroberto64@hotmail.com:Cedinho1995
grasmer_@hotmail.com:Garradorx55
walteralvarez1@gmail.com:Jenna1968
rafal00001@gmail.com:Rafalrafal1982
nelvin108@gmail.com:NELVIN108
panyawanta9@gmail.com:0942739608z
justin2105@gmail.com:toikhongtin2105
man156@gmail.com:123456789jjjjjj
arzasites@gmail.com:Xnxx1984
valexd20022002@gmail.com:58174693nN
diowryyyy1122@i.softbank.jp:Okibu1122
qmjvnci843@intainfo.com:Vannesa12
azertazert1979azert@gmail.com:19mars1979
maintenance.oriol@gmail.com:Fractal390@
dwdanny19@gmail.com:36068Asd19
reonshellehayes1@gmail.com:TrustNOONE1@
monishbahira@yahoo.co.uk:Iam100%mad
wahyuambon12345@yahoo.com:babi12345
fcsdafasdfasdfa@fasdfasd.com:AdGCXyGZ3qK@Xu3
frediespinozatarazona@gmail.com:123toribio456
riasadazim1@gmail.com:Xenogrow5%
xrayburst11@gmail.com:ird2022.
annamaria41341@gmail.com:67895005
bleki9013@gmail.com:MilosDejan90
ytunose345@gmail.com:jhdelacruz123
pornosensei123@gmail.com:patrat123321
mike.dickson9@hotmail.co.ukw:mhizterporn
a.davilax@gmail.com:@Lex1234
zoeygamer123x@gmail.com:55819914a
erwtiar1s@hotmail.com:,mt$g$tkwpA@4WY
lukyinnyan@gmail.com:lukyinnyan0099
rafaelyuricursoo@gmail.cor:comoassimaaa455564????????????
admin@ponporn.com:V235237v
robcorin@gmail.com:Social-2112
oyeyemiolalekan90@gmail.com:Superfluities@123
kimoboy100@gmail.com:kimoboy100@gmail
chris.moore.chris.moore1@gmail.com:Yonekawa1@
sassa_mfg@yahoo.com:Rumplstilskin25
diegoalerex888@gmail.com:aerex888
dawitb22@gmail.com:leadfreak@xxx!
lukcz123@gmail.com:megebaronesa
love_uoy60@yahoo.com:M7mod441669
inayatu870@gmail.com:59YHj4Hm_2b_ww@
pakote369@gmail.com:Cchachipi48
duraznitodelomasdezamora@outlook.com:duraznito89
cardenas.26502510.javier@gmail.com:123Pj456
srpackmanbv@gmail.com:samsararexo123456789
dipu.bsmmu@gmail.com:Nasd2016
anson9512@gmaol.com:xiaoke111113
rafagame02002@gmail.com:rafa27042002@
josefaoher@gmail.com:Angola1234
fff@ff.vv:tttbhgtgg1S
nericcio1986@gmail.com:Bonazzo2
lelio.arantes@gmail.com:Q1W2e3r4lola
bwasicek@livenationentertainment.com:qTvpFCYR
asadmridul325@gmail.com:loveupromy
zeynepkusmus7@gmail.com:Sergio.5343
madartact.ad@gmail.com:09186007202
desamira64@gmail.com:OnlyFansBuTT2
oladepoayo2020@gmail.com:Olamide88
daliusunikas@gmail.com:Loreta1985*"
muzhadikitumba@gmail.com:KemosabeKR
johnsoncolby9300@outlook.com:Dopeid34
eunomes@gmail.com:(9ekUGtns/d5D8+
radooff81@gnail.com:7b@qb_jiilu6
moodyelbitar@gmail.com:moody115M0
kevinmajo123@outlook.com:Gomes@320
koottamkoodal@gmail.com:koottamkoodal7
broadcastlive77@gmail.com:@Mohussein01095005652
rawic26667@brayy.com:Kevinmp133
realkeiinpllan@web.de:daniel88
telojabut22@gmail.cok:grogorio00
yusufdiker675@gmail.com:Kalerof675.
mamoca007@gmail.com:937512Taxi007
klogsdon232323@gmail.com:helpme23
luwandebrianarthur@gmail.cwom:fagyarthur
asiananalgirlsxxx@gmail.com:Killallfags1
rawgistnaija@gmail.com:oyindamola12345
deviousbyrd@gmail.comp:ragnarok123
peruviancasting96@gmail.com:doki97.
qurbanovramazan08@gmail.com:0529099870Ramo
keversonmateus.km@gmail.com:Halamadri11
mamug06@gmail.com:mam2764/01
91@ecral.uu.me:zxc!@#1998
lucasdmc42@gmail.com:X$j+GSN_LxV4S2J
b.servantes21@gmail.com:Bardinas1
tiago.rinaldo13@gmail.com:Metalcore13_
zoraleo69@gmail.com:Wada99360919@#
castielcollins1212@gmail.com:G@brielCes@1212
ravalj1234@gmail.com:99999999
annicetndabian@gmail.com:q.r6GA4H3"6?e#N
sitholecharles01@gmail.com:258012jakprobeats2021
kamikazi2001@gmail.com:e1r2o3s4intelxeon2011
majer49r@gmail.com:Ryjek49
themeisterglenn@gmail.com:glenn@123
cesarsad41@gmail.com:Memodarks41@
ayalvesd@gmail.com:Ag!260693
badmawsewagegn@gmail.com:42201343
waueed8999@hotmai.com:a0501503661
luisojay778@gmail.com:ktemplar@@1427
samra23848@gamil.com:s1a2m3r4a512345
nahuelyrrutio@gmail.com:starco1919
arq.jzz.25@gmail.com:gioacosta123
bonerbreath29@gmail.com:De$eret15
rhythmthapa22@gmail.com:kurseong
396532069@qq.com:hu20040124
lolaellevipp@gmail.com:5?2(6sTZ*DGfhEhq
kimsazaki@gmail.com:SnD_P(jR2(MRm$)
nietoe164@gmail.com:Xvideos2020
kenwnaiqnqziqqq@gmail.com:Erensnk123
victorams709@gmail.com:victorvader
ssoottiirr@yahoo.com:Alexsialtele2222
jkevinlu1104@gmail.com:jkrc1104
koncsekinnyo@gmail.com:migirimigiri
basicj662@gmail.com:lubenica
rhadioda@gmail.com:Rhadiodai@4
ersal33@hotmail.com:Dovahkiin333
virusantrax9571@gmail.com:laude123@
johnyrajeshr@gmail.com:##Jansi69
octavio.mtgz@gmail.com:#3Palomas
newpantherbrasil@gmail.com:olhosdeaguia
duchuyvp123@gmail.com:HF<RA[~'T?aV485B]s2nD9
fahmi.rachdiansyah.design@gmail.com:pulaubiru
simongula@gmail.com:xvsq7192
ivynnemulusa03@gmail.com:VLADMIRPRAISE
jvbernardi2011@gmail.com:bernardi2212
tomayotom565@gmail.com:1020304050XxX
sksurjoraj295@gmail.com:sk12345
nhlovodevelopmentplanx@gmail.com:nhloniphonhlovomalulekethan222
rishi6392500431@gmail.com:12345&!+
selim01755136044@gmail.com:mdshawon@452356
quemamada556@gmail.com:UgP#H9vf$SY7/jb
galestina123@gmail.com:Ilovenini85
guillerock2131@gmail.com:pepe2131
vangaxoxulka@gmail.com:Rnr.gNJ9LFQK.,z
or036047@gmail.com:David123h
principaljack@gmail.com:zfmrq9161jtib7z
ayodejimusic1@gmail.com:hcgkeWZ7@bhRVb.
jahjahillll@gmail.com:pornstar1234
or036047@gmail.com:fEU(6&E@Bm!=3,G
jl.gomez507@hotmail.com:Austint507.com
jovanajovovic1234@gmail.com:Porcodio2020
debrizstylep@gmail.com:Superl@12
oliverteflord299@gmail.com:$r3RnxR+fXSnRCg
bfren7967@gmail.com:tLVRMR9KVEjN)Wu
punketon666@gmail.com:adamamacitawong69
saearajara@gmail.com:Lunatqm1
hkmklm531453@gmail.com:Okan_10190954830
ukaegbugreg9@gmail.com:081CHIchi
tariceanumarian12@gmail.com:xyz@615tj386v
rickhunter2010@yahoo.es:2324@Ghaby
esemagom@gmail.com:Rick2728
azertazert1979azert@gmail.com:1245AZERT
navajo998@gmail.com:dD8N2ipX
tuiiteam1995@gmail.com:PoseidonTu1995
dbsfan97@gmail.com:Betterbrick2$
brayangiraldov@gmail.com:Tony2006
jam062674@yahoo.com:startrckXXX
bobmanaf89@gmail.com:Alif4648
ss20teen20ss@gmail.com:ss20teen20@ss
psakhontsev@gmail.com:03041998paha
tt223355@gmail.com:sstt1155
oussama.dzk@gmail.com:oussama1999
yehy5918@gmail.com:2%qRv.77Bzs/F++
alejotulio999@hotmail.com:rJe5-xZvF0x94-G
atikayuni9128@gmail.com:muhajirin28
joeldiza@gmail.com:opq9yebd80A9ODI,QO[DIPA
jungdongyang@gmail.com:pass5630
lazaroamadinho12@gmail.com:boyvaly
tv_mishka@hotmail.com:2fdglC1w123$
mohammad2909087@gmail.com:msaa@123456
briannina16@gmail.com:71102954Ma
eggsachor23@hotmail.com:&5$Hq%yWFDp2-f8
lupro72@gmail.com:badoo270772
hoseyjohn449@yahoo.com:militaryman
matheuslucas1001938@gmail.com:Matheus70
theonepiece489@gmail.com:Israel2008*
hqgt54@gmail.com:4566e45terg@
lfhpaludo@gmail.com:Batman2022
god075959@gmail.com:,kPFska&Bf9&rqf
mtorres75424@misena.edu.co:1120742457mateo
lukasdivocak@gmail.com:7003Pes@
maddog57@guitarsxltd.com:@kingZee#89
derekskiven@gmail.com:dereksito08
jeisindnetsky3016@gmail.com:Enero1818
yuujinhashirama01@gmail.com:tumas123456789
sreza8616@gmail.com:Shamim68
osoriojuamig@gmail.com:16163248
souravsens78@gmail.com:Sauravsenl1l1
brutschnik@byom.de:fuckforapound55
hugo160969@hmail.com:hugo160969
co6epucb@gmail.com:S7mR@iTQf3@N3C
lfsotorodriguez@gmail.com:Lupe0637
ckpfkaet3t5pfsu@gmail.co:yMmPWJU2!c2s!Hu
micahpalabasan@gmail.com:nOskejejdbdjdudjd
napatgun66@gmail.com:4561237890ZaW
trabajoabiiel@gmail.com:Fermin30293714
body91996@gmail.com:Panda1996
lionar@gmail.com:elsamaria
tuliobasckerville@gmail.com:tulio3304
lipsyanat@gmail.com:JecMrd2015@
danyalkhan20211@gmail.com:AAaa113236//##
skarednik.007@gmail.com:termit.007
giocdm2@gmail.com:koda1317
dalfdesigner1@gmail.com:dalf161098
ashleytorres1200@gmail.com:Dya12345
jbpoirrier@gmail.com:Fermium1
francesco.tette@yahoo.com:Fuck2020
teorocha722@gmail.com:teorocha722***
joselinyz@gmail.com:19919293JHO
hopemikelson17@gmail.com:hopemikelson007
ejkobe3@gmail.com:Adidas92.9
jjavie1993@gmail.com:Jjavie123*
ssanglin@hotmail.com:CF5YNif'DjA/,9k
fabianlidia6@gmail.com:efimova
gabymedeyrosoficial@gmail.com:@gabriella20
transporteaaron99@gmail.com:Transporteaaron99
f8okb6yfi@relay.crumbs.org:Bloodborne_4
gelo519@gmail.com:cUQhYaZfrY@ri6M
deidre.lindfors@salesforce.com:loBVgv0ePYhl
saifpaul2019@gmail.com:ahmedaboazer
mtasaeem@gmail.com:mtasaeem04@2234098123
qwerty.c.x95@gmail.com:abcdefg1234
deadhoodedfetus69@gmail.com:gimmegimmegimmewawaweewoo12
ariefwarthakusuma@gmail.com:12345678
samanthateen123@gmail.com:Gergoa12!
jsazevedojr@gmail.com:jj27113655
bikramsen566@gmail.com:dulalsen1
magdymedany2016@yahoo.com:HxSc2MVAqeHv.x2
vicky.arrogant1995@gmail.com:xhamster123
orhay113@gmail.com:x7284252
noquin3333@gmail.com:whosyourDADDY233
anisarsumcomel@gmail.com:ZQjQh@,k!82fQ
timelot_@hotmail.com:Keremcem21.
jestecampos@gmail.com:cjP.4JV/xrqyp$2
ohcsmy@gmail.com:C&b7X?UdtS8ZuZ4
srbonni@gmail.com:paolaomar69$$$
redwop99nugs@gmail.com:xvidzz321
puro0l0max@gmail.com:1116508554Carlos
stylishbabu20@gmail.com:staylishbabu
rosivaniabatista195@gmail.com:PFDKCFg(44eH,,v
lwcuvpower@gmail.com:xxx6688yyy
netfli2.mss@gmail.com:Rafaga94
reglinvanessa@gmail.com:Vanessa1!
kevindailymail@gmail.com:WHATTHEFUCK
silmar37@hotmail.com:silmarsenges
raheef00@gmail.com:1a2a3a4a_A
cena51256@gmail.com:vansh51256
japamagoxd3@gmail.com:2201Gugu!
belenenses@interia.pl:PppppppP8
brianmwenda966@gmail.com:1938138506415192021.n..g
frenesys_199779@hotmail.com:frenesys1997
yelinhein9@gmail.com:sinnerlove
nicolasperez133@gmail.com:Ckucky30
tiago_sidor@outlook.com:#Gu6iPpG5gi7rjD
vinatiermichael225@gmail.com:er@"34IN
trabajovideoloco@gmail.com:teamjazg2211.
jean.onix@e-mail.com:Jean1596374
kjhfroec@gmail.com:Ahmed2005##
mkadzimba@gmail.comw:juju2016
gutierrezgriselda75@gmail.com:gutierrez1
firiamlaurent4@gmail.com:kbh55hobnucew
joetay11@gmail.com:qawszxcvbnhrtyu123456
matous.dusek@gmail.com:R0CKYjedeBOMBY
souravsens78@gmail.com:saurav1010
herreraacepeda1999@gmail.com:Mielesunakakosa1999
rogelio.nicolas4@gmail.com:Modelo2018
timdelablinkerja@gmail.com:Piaintim124
segundojiomar@gmail.com:alexander02
jestter507@gmail.com:Garbagekout507-
luizvladnelsom1234@gmail.com:illaoi123
saavedrabenjamin975@gmail.com:,T%34St$2?6K!tK
jatinjassal52@gmail.com:jaijeet@123
arabyassin75@gmail.com:Yassinab.75
naribnbb@gmail.com:Narijake123@
jiokioggy@gmail.com:pornstar1080
yaromir_karel@hotmail.com:rimoraylerak1978
rprem018@gmail.comr:Prem0018
dahinoloveonly@gmail.com:Dolores100
florencegusho@gmail.com:f.l.o.r.e.n.c.e
barkatislamsakib94@gmail.com:Sakib01731509968
thehonhon2003@gmail.com:642003todeedara
eddylamarreclnt@gmail.com:mUzY!Qn2P#Bqb,R
mhcomputure@gmail.com:iloveme34
larrykapinga117@gmail.com:samsararexo123456
dlp32143213@gmail.com:Blessing201
uzumakigodgeku7@gmail.com:NamikazeKazuya7
baburoy734@gmail.com:madarchodkhankimagi
toujenim@yahoo.fr:A@dr3Hhbrkb@DjU
salvajedjwolf2014@gmail.com:CRISTIANCABA?????????EZ
lammertsuper@gmail.com:Xnxx12345678
diegohdez9811@gmail.com:d98110160704E
sumonmia499@gmail.com:s9PQU(t$y9N*#Vb
farhannosrati79@gmail.com:2245778090Frn@
darkmonster3755@gmail.com:Sandal52208
martviksy@gmail.com:GloryUkraine1488
hoodwinked17@gmail.com:Zaskar@123
yornorik281@gmail.com:Nitins@182
flayderc@gmail.com:Rhcp@145182
skb.build.engg@gmail.com:Password@123#
pogbaluyandax@gmail.com:luyanda2003yes
leechristmas912@gmail.com:Apatuh16
ccannatella@intlfcstone.com:ClUG5n2TPgshf
dineshmohan3502@gmail.com:9551772659
zeroclupza1@gmail.com:smilelifeza1
philipita21@gmail.com:philip2.0
rhaajusurvivor@gmail.com:Mwegio@93
wolfytzero@gmail.com:2007Felipe
daniyalnaqvi383@gmail.com:2CKMycs,3V)$68T
legalloli1985@gmail.com:kimseokjin
neumannmaik@gmail.com:x.KmEVJbyBCk5hm
whatsmyemail240@gmail.com:dwatch12!
samuelquinta593@gmail.com:Amor10pp
roktavcar.991@gmail.com:Roktavcarnms3
jasikasingh5210@gmail.com:01139025174
pablo.mulek.ika157@gmail.com:Pablo@123456
jhonalvarezrivera231@gmail.com:jiiui8l0q6l.
elysiummodelvixens@gmail.com:_VQ_ejqB8Jni_tR
therock1768@gmail.com:7500Venu@
innocentrichard4@gmail.com:nicia121@*
arquitecovaldez@gmail.com:32047130da
hassbrt2016@gmail.com:Haceft2016
hussain100900@gmail.com:Aa14131?.4
dinei3991@gmail.com:30403040dinei
pedroalexquinter55@gmail.com:master55master
byronnck1993@gmail.com:Bnick2023
frikkiepblom69@gmail.com:Frikkiepblom69@
amadinhovaly@gmail.ccom:calcinha
ronaldenrriqueav@gmail.com:ronaldreav
paultisalema@gmail.com:06abril1948
o.julian.reyes@gmail.com:Baloto1988
gastonferromunoz@yahoo.com:49202703
dennaqonna@gmail.com:salmosa@1234
boalicetarbo@gmail.com:Pomary0852715583
patrickemomomambesi@gmail.com:Emomo@12
rubenmas2001@gmail.com:2264147522021972
plokijuh@gmail.com:Plokijuh0
647919441@qq.com:wen19801209
hell.ville@yahoo.com:enemigosintimos
gogot123@mailnesia.com:@Kiko123#
douglassimoessantos@hotmail.com:douglas22
pastrana.raul1234567890@gmail.com:Pastrana890...
kevinguscarlsson@gmail.com:Aqzswxdecfrv1
poohkrake@hotmail.com:165165Bus
anisk913@gmail.com:anisur@#1A
yanghg87@gmail.com:Y@npier01
paldus09@gmail.com:20.10.2006
norman.2018@yahoo.com:1Pulsion%
carlosed116@gmail.com:13021997cadu
simonmbuvi50200@gmail.com:xQAQ7kEH_BEwbhZ
r.errafai.backup@gmail.com:vxy0.0(RR)PRkYYx
kros_u_10@hotmail.com:lokitoxti12
dinodinoabde2019@gmail.com:@l@@dino2018
ljbaragu@gmail.com:Iamitnen43
ktnancy@line.com:53571989tjuniorkakb
cuevaespanasalvador@gmail.com:juniorgears3
kerandy.dondas@gmail.com:camelshift971
sekouba4422@gmail.com:hawa1974001
ysftri@gmail.com:Lwalida1991
filemoncio03@gmail.com:Mortadelo08
datteltreter@gmail.com:Timbuktu2022
aliperdian11@gmail.com:ARpfed20020411
musicaspotify2211@gmail.com:aurelio153
stg44mg@hotmail.com:Undefined044
girardi.edoardo@live.it:VecchiaSignora1897#
francesco.tette@yahoo.com:Fuck2021
xo12228@gmail.com:pct48chVwC86h!3
geekkane15@gmail.com:Kane@2077
juliaotj@hotmail.com:369xnxx.com
garciaharry944@gmail.com:the12345garcia
shehri1995yar@gmail.com:Sy1431432
lasarusariska8@gmail.com:Aris4808
wongterry@hotmail.com:Tw@110592
wealleymarcal@gmail.com:P@ssw0rd84325
carlospatineo484@gmail.com:carlos12356
demons7364@gmail.com:8YVJk47XXb4N.UK
mdparveskhaan11223344@gmail.com:Mdparves@1996
joshg3645@gmail.com:Joshgraham88
lucho_a-ha_66@hotmail.com:ZU7&g#taMBNuK%W
code_h2@hotmail.com:ronyuc201190..
contato.ramostudio@gmail.com:Naty1105!
travelingrvstyle@gmail.com:CBsupportsucks2
netabbiplay@gmail.com:Tybik23786
rakamis99@gmail.com:alexakis1213
braian0403@gmail.com:40247791Bra.
ashfavoured@gmail.com:lesego@28
nicolassantucho57@gmail.com:45085085
musraftaid@gmail.com:asdfghjkl90A*@$
dejax.xavihaikal3@avelani.com:6Y`9Yb=pHdBW!mLr
maues51@gmail.com:M@ues051178290502
vishnuvijay@gmx.com:pulsar@1800
fortnitekinglol@gmail.com:MasterSnorre24
wilsonvictoria354@gmail.com:5EPt!xhS-XbGLgi
matheomodding62@gmail.com:Matheo99!
vnarh41@gmail.com:0553910058
ronald.diego21@hotmail.com:Holas1234567
the.babadook@outlook.com.gr:Babadook35
kevindailymail@gmail.com:Yzrcy7TYWG2XRNQ
shantoshaan1@gmail.com:shantoshaan1
bittermourn@gmail.com:Seminoles!68
lordk3ll@gmail.com:dmgz59i@.ytw@
ktakirigaya@gmail.com:lolcraft
fauzaanatc11@gmail.com:ojhanajh
pridenkoma483@gmail.com:wb_/sK?z8g/tPH8
dphulk78@gmail.com:Sameer@333
miasgr7@gmail.com:?vbZ4deTV6jC.U7
fran01732@gmail.com:Farhanx@12345
muhammadalimuhammedali521@gmail.com:1234567890
sergiohobo@hotmail.com:Bugre1978
jamesaganu5@gmail.com:2hk=nwsYSaH(_Yc
dayanethh48@gmail.com:0226Daya
flloramae32@gmail.com:floramae32
brianmwenda163@gmail.com:1930823850641519
m.paczkowski@vp.pl:EdNab^7829
mivallenato09@gmail.com:07201989aa
andsuporn@gmail.com:vasefuder182
na.sorakundao@gmail.com:sorasora2525
lofas8130@gmail.com:liliana3537
sasa.dellavalle@gmail.com:Talleres12
onlyfansmiracles2023@gmail.com:Onlyfans2023
hafiyakif5022t@gmail.com:THE_PEO_MC
polen292010@hotmail.com:DIEGOXDD29/08/2008
flospamord@gmail.com:LinkinPark
axelerdener@gmail.com:Ruvin@2005
rtvejaz@gmail.com:rtvejaz1999
giancarlo61@virgiligo.it:bellachiattammm3
saddamrizki3491@gmail.com:saddamriz2203
luis33999@gmail.com:Alienware18
chloe.hanekom@gmail.com:nurerenu
hhridoy87343@gmail.com:X5MZuip96xi5bwR
crisskross579@gmail.com:Emmanuel#12
mhale64142@gmail.com:Abigail25$$
rajibkhanbd@gmail.com:rajibkhan
lissbetty08@gmail.com:ELDINEROESLIND0m
jatinjassal52@gmail.com:jaijeets
jeancacontreras66@gmail.com:Jeremi33
jitgok98@gmail.com:A2Tkw.AQjbm6dm.
s.soden1337@gmail.com:akusayangkamu
tobi64one@gmail.com:Lukas2011!!!
serchat33@gmail.com:3Paolo3Maldini3
sajadhussein562@gmail.com:sajad12345@
telcel.vs.movistar@gmail.com:Ecm27121980
naniebxtch@gmail.com:Ribeiro09
victooeloz1015@gmail.ec:victorymagodeoz
chbteodoro84@gmail.com:su06082013su
casianhorne@gmail.com:Ibanez666
gbromeo123@gmail.com:cordapia123
flospamord@gmail.com:Lpf-2tC-MwD-fsJ
sofiagrrrr@hotmail.com:tuhermanaentanga123
babadook@outlook.com.gr:Sotos698
justthepimpboy@mail.com:michelinfenix
mvdam832925@gmail.com:mathias321876
gianzito1993@gmail.com:tqmcosita1
muhammadalimuhemmadali521@gmail.com:Malikg12
lasice21@hotmail.com:vge.bj3al@qq
infotubehhhh@gmail.com:als123456
hassanmunyarubuga@ggmail.com:theliquipy12345678
willyancmoraes@gmail.com:Enterinbadoo92@
contaalema11@gmail.com:LFm@jhpy9MT7a.2
snowronin86@gmail.com:sk8isgr8
jechu7395@gmail.com:Hercules202020
hibocad269@pcdashu.com:PH7efaixa
tyrimps@yahoo.com:comp6252
bardin5@aol.com:Bd@298966
frankztahl@gmail.com:vasefuder182
donaldsonseth91@gmail.com:Minecraft21
mayu_1400@hotmail.com:Templarios9
sailaoleing@gmail.com:rumqkig4dwci.
6479119441@qq.com:kyo123456
ncc1719@gmail.com:Peggy2021
chayatubamu98@gmail.com:za0859885310
girisujal358@gmail.com:hello12345.@
goncalomcverissimo@gmail.com:Tudobien99
bustillod32@gmail.com:Monito35
lolek102@o2.pl:nahujmito
lemiscoc@gmail.com:Urgencias29
juanjoseechavarriacastano@gmail.com:Lacontrasenadetinder01
jatinderkaur@gmail.com:kaur@123
noobporn13858@gmail.com:dickporn1193981531
524689247@qq.com:756854.
nomankakar98@gmail.com:Laghman@123
angellawangari@gmail.com:s26l22i1
kenedyroyale08@gmail.com:ylilodow
shadeyyuri@gmail.com:GuyLeePlay486
wewqxz@hotmail.com:eV2%Nk5MS^w&W&k
deaahamam91@gmail.com:Aa01140020645
dharak.patel213@gmail.com:Dharak213
s.soden1337@gmail.com:asusayang
maneeshamadushith@email.com:maneesha2004
qgarclan@gmail.com:Rangpur123qgar
julio.cyd@outlook.com:@d5M#m2YqJ4#7Ym
jhonfre_05_@hotmail.com:picantoso
maxwellowusu7778@gmail.com:goodgod371
l2edbox@gmail.com:3t4c56PS
goautisgo@gmail.com:Ryufian511
kuninishio@gmail.com:1145XVIDEOS
ugalde.rojo.ricardo@gmail.com:T@cos0912
xeshinc@yahoo.com:ELyeshuati.
rosaliamoreno098@gmail.com:Deadcore1.
saso_xemo1@yahoo.com:01208292693
a.davilax@gmail.com:Xavi1618
arepadehuevo@mail.com:lemus2013
lenzoci1981@gmail.com:Yo30399123
mohamedtaariq100@gmail.com:0798212724
flowvide69@gmail.com:bmt39ce*
fernandogeema@gmail.com:anajanadu123
marcela0668@gmail.com:4b?YC%dd)HZ6SNM
lovijp2@gmail.com:Lovijp1994
mandingus@gmail.com:5BNMD8fdqAH446M
joja.ajajj5523tgg@yahoo.com:poles2008
gokuolendarioguerreiro689@gmail.com:Xvideosbr
kiliancresti@gmail.com:Kilian2006
klote82@gmail.com:17CCt3ch#
tatalll@gmail.com:09121212121Pp
fdgd54@gmail.com:65yfy76r5@455
imontza@gmail.com:@MONTworawit01
honlyfree@gmail.com:Gh@nshyam24
nnicon@uoc.edu:Winperu1@
joseaugustoserraria32@gmail.com:J99356444
howie1308@btinternet.com:gobshite1
y0975586662@gmail.com:hoMe8731183
asus-prime.1994@outlook.com:revan12345
tetasricasxxxporno@gmail.com:isaac123
smailfanboy@gmail.com:AC@YxREe9i$26Ww
mo.samir05556000@gmail.com:Mm01067675864_
the.babadook@outlook.com.gr:AS9gSpn9vq
phenrque232012@gmail.com:,kE8&sD8z_#6a/8
zekidj14@gmail.com:123456789gissel
leandrotrombetta@hotmail.com:eqapnppo2408
leandrosantos9818@gmail.com:hd7JuV0KYio_kOI
hothat52@gmail.com:india2016
andreaaasmile@gmail.com:rugbY12
xitepoo@gmail.com:Gaxi3005
mail2ajithcgeorge@gmail.com:a1234567
zodiacenergyseo@gmail.com:Zodiac@1992
erraouiismael@gmail.com:Pene4321
perezauriel75@gmail.com:0192837465
maneeshb83@gmail.com:Rohini@123
patrick_leo_johan@yahoo.no:Lt@GM9z$C3?6Cc#
jose_baca_duarte@hotmail.com:chile@garras.com
apiladoricky@26gmail.com:rickybuccat264
jojicozzolino@gmail.com:r+&55fQ_gNa!.-3
j_alvarado_1@hotmail.com:motta1630
sheak.farid007@gmail.com:Msfarid@102
maheshtatoo77@gmail.com:Aaaa774055135
marcos_km35@gmail.com:marcoskm35
brunoribeiro21@gmail.com:bR@@159753
cornelmesiadragonborn69@gmail.com:CoCoRULZ94
debuck28000@gmail.com:FreddyNicole
lolman2143@gmail.com:Lolo2143$$R
carlos1251578@gmail.com:@Castillo1313
j.vanvelzen1989@outlook.com:iOWNUALL32419!!@@##
misabugrim@gmail.com:misa2281111
luis.steward.of@gmail.com:484678698L.a
surbhijyoti538@gmail.com:surbhi12345jyoti
dayroncom87@gmail.com:elneyo123
jeszviacool@hotmail.com:jesz25jesz
motta162830@gmail.com:ramon162830
maciej.chmielowski92@gmail.com:xzvY6hf5Rc7pSQG
icasebeer@veritivcorp.com:WWY1Kt4H3Zbtxqu
samuelasafe80x@gmail.com:myhome20
ccarriel@carrielfoods.com:Hotwing1987
tinderelvisson@gmail.com:guitarra45678
louis.darrouy@gmail.com:Remylouis12
stawkipv@wp.pl:T8$P,6g!%e4USq&
sevenknight311043@gmail.com:dhayan331111004444
jaketurman87@yahoo.com:HanSolo@1983
jjokes2077@gmail.com:akora14
skylarric@gmail.com:d6XBJN_$Hug5cg3
kukis.upt@gmail.com:Unknown123
jeffolvera664@gmail.com:OTBX66KDSo-tZ!l
cinemaland@freenet.de:Affebeef210479
nouuurmahros@gmail.com:?????????7878
civiccoupe1987@gmail.com:000000123
sirajmunirchicago@gmail.com:69690351@hjfk
freddiebaghins@gmail.com:@Mandem03
turcomere97@gmail.com:Gb9ikr19oxl
brawlstars00494728w@gmail.com:Rodrix07
mikeokwaro02@gmail.com:Mike2476
crducloux@gmx.net:mafsyg-Caxnud-giwwa1
anewviewamsterdam@gmail.com:Mirelboss34
parramariabelen_1986@hotmail.es:belen1986
dice3648@gmail.com:chageandaska
rajendra.kahal1@gmail.com:kjkszpjuzu3s
cinthia_80@live.com:riverplate1901
joshjrr@hotmail.com:joshua280505
ricardoportillo@gmail.com:v11606375
puterhanaa@gmail.com:FujiiKaze22.
brennaa539@gmail.com:VpV*gLYiek.V*4w
8fkxtg@wuuvo.com:StockTrader#68
pruszko.marcin@hotmail.com:emma2005
kingjunior4ver@gmail.com:7Billion$
maxypolaveron@gmail.com:maximoveron
kozicatomasz88@gmail.com:8qtqn@nxdgv3@q
sexshot2111@hotmail.com:Sony@6000
chibykomalay41@gmail.com:@Racheljohn41
weslleymarcal@gmail.com:P@ssw0rd84325
zentwotosen@yahoo.co.id:akudewe1
jestarprideland@gmail.com:Witty20722016
lofas8130@gmail.com:Liliana3537
marcoantoniobalderas80@gmail.com:@rangel-80
villalpando.hernandez.steve@gmail.com:862543197Hdz
dmitsos09@gmail.com:Dmitss2003
edshdany_@hotmail.com:Daniel5514283003
bshsjsjjsjs@gmail.xom:123123qwerrt
piuskartel26@gmail.com:0710665082
marylogin20@gmail.com:0262882210
blancodelwapsas@hotmail.com:b54140694
fasching@dieberlins.de:dUMMdUMM0815!
festre@gmail.com:Fx.HFBH*%5SbZ@e
mpaez1404@gmail.com:%G!6st7f_zLu2xY
joharajjah@gmail.com:johar1234
enrico.vermi@gmail.com:maserati
crownanil1234@gmail.com:Kirit789042
cukuras853@gmail.com:samiei1400
kaique.maiame@gmail.com:Emilly1803
ericssonosei18@gmail.com:Mummychrista1999
ntrjferreira3@outlook.com:Humberto2
joedante@gmx.net:Syquest12+
shahwarjafri26@gmail.com:Onlyfans26
neinergipsy@rossstores.com:wkeBFJOWM07a
rbatilanojr@gmail.com:saswallerR
twincat2015@gmail.com:codesys2019
gatodeniteroi@outlook.com:gato1234
wqw95877@gmail.com:HHkA4q4LxuyKypY
davetamirabigi@gmail.com:0986916559
da-k1@live.com:francisca1405
vsegovia937@gmail.com:ajax54321
binilvkm@gmail.com:sajitha@1234
miakhalifaworldxxx@gmail.com:rothI123#
kamelm952@gmail.com:lamiahamed2000
sirsebi124h@gmail.com:Beast12=
kingghost@abc.com:kyl12345
suasteleonardox69@gmail.com:0984124460
wiranugrahaagung@gmail.com:arthuria
lolplease49@yahoo.com:anjimsih123
fartakxxx@gmail.com:hU?TaLCxC#mXa3f
eneskoten271@gmail.com:Enes122133
rvu02061968@mail.com:02061968
comprobantestne@gmail.com:wuaton0308
sairenxevo@gmail.com:tanoshika_03
pabiniz03@gmail.com:dXaJd3bQSjntG6r
eric.ferraz@outlook.com:?orever5993Ohms
lucas080613r@gmail.com:84493993pLr
hamassatt15@xvideo.com:Youssef123
jonhy@yopmail.com:Jonhy29rs
mcpemax0@gmail.com:2468012rfv
husaain100900@gmail.com:0540010830?.
casalxxsa@gmail.com:Akkir@2012
williamssond52@gmail.com:Aaa##@%fgyhgdfttf7655
soaresestamparia@gmail.com:CpwNvry5@r9t9XA
manik.chongbang@yahoo.com:chongbang
narcisojoaquim7@gmail.com:846552303
juysheet34@gmail.com:qz/]231212
rulebg1985@yahoo.com:mercator329
r.errafai.badoo6@gmail.com:vxy0.0()@@PRkYYx
l.51evax7@gmail.com:laudewogh@57
leonpizarro9@gmail.com:ElPepe333.etesech333.
wanman068@gmail.com:Abcd1234@
pesajessi@alleghany.com:ZNKDbgvLG5dD
rafliriyanda88@gmail.com:amaralhazmi
hanssherzo@gmail.com:ZoScherzoZo
tonmoy0987@gmail.com:Ytre0987
dewanshjoshi7@gamil.com:@Mayank1707
rhartmann548@gmail.com:Staudinger19Niels05!
davidbruno@usa.com:25121988
assesinoellobo@gmail.com:3118342273
0406.takkun@gmail.com:Taku0064
ruanrandle@gmail.com:ruan1234tpjdmvsndjxjr
xrhstarasunboxing3@gmail.com:Noel*2010
mythaasophobia@gmail.com:XxgJU-Rw%d2ND8#
matelda.brunswick@group1auto.com:bzBXxVUmtfv
dilfredis.ac@gmail.com:050509xd
josueviana28@gmail.com:Josuvian25
memerio114@gmail.com:Superlogico88
felagunfinrod88@gmail.com:Jkljkl45
asnafielyar@gmail.com:2&#jP35sbDLTz+#
fabinskymanuel@gmail.com:nH$KN6XwcaT$4@z
walison.almeida567@gmail.com:Hummer_h123
lean.lur6@gmail.com:cbp2ukor.8ru
eldrinpaguio@gmail.com:pogiejhay1234
yeilan244@gmail.com:%YbwxRTfGQf97uk
jorgelsb92@gmail.com:Meza_0553
kelvinwathoni@gmail.com:KELVIN,WATHONI,15209342.
punkfood97@gmail.com:wQkhpd1RMr
fhbxxzl348@appsamo.com:@DANNY_PREMIUM
g3409863670@gmail.com:gao20050415
gabriellbaiocco1@gmail.com:gabilu12345
ronjose66@gmail.com:16722602ron
mrrobotico2020@gmail.com:M130217m
fernanda.afrodite1@gmail.com:Resident122*
stelviocabral7@gmail.com:Mateus78
mayito_13@hotmail.com:GUADALUpe1380
mariayanet8@gmail.com:27121980
sekousira44@gmail.com:Kei76296609
vivekduke4@gmail.com:Sumit@1234
fuderusfude@gmail.comf:ranger98
andresrlx92@gmail.com:kmzwa8awaa
eliaspereira2001@gmail.com:eliaspereira1234567
3c582555@opayq.com:gaspacher
johan-uniajc2017@hotmail.com:Porno2021
hyraxdwaaza@gmail.com:qaTPLSd7jMa&3t%
nabilrashid44@gmail.com:$Arn33423342
thouficahmed07@gmail.com:thouficahmed07
kevinfelipegonzalezmorales58@gmail.com:Xvideos2010
mcpetrotrade@gmail.com:Eurohotel1
douglas.rinckus@gmail.com:Aspi3002
ivanelsicu15@gmail.com:Ivanelsicu1521
kxmical@gmail.com:Djmclovin44
josetmanzano@gmail.com:Jamhpf301*
tanjucar@gmail.com:34um4614
asuka.rsh@gmail.com:horfars0118
teoeto722@gmail.com:tu_mama_esgay123
zvuckovic33@yahoo.com:jftQ*))p4G/&_6U
mariayanet8@gma.com:10351980
o.julian.reyes@gmail.com:AcordeonJR1988
fatkllergordo@gmail.com:eeerm23080
lourdeslazaro6912@gmail.com:s4NJQ@.vGT?LCwk
itachi2007pubg@gmail.com:@*hgYfgN64gPM#w
perlakkairyte@gmail.com:Perlakairyte2023
lokojrdn@gmail.com:9938696
splitminds49@gmail.com:Liquid7
kasaplar214@gmail.com:YouMotherFuck
blackrose22345@gmail.com:BlackRose3456
elvinmartinezdelossantos@gmail.com:Ambar@m7
djdiego92020@gmail.com:cuellodiego28262923z
odairjbf3@gmail.com:ojbf121824
mendozapedroalex@gmail.com:,pTuTxR4wik8F,C
eliaspereira200001@gmail.com:eliaspereira1234567
papafranku1128@gmail.com:papafranku2002
leonelrugama7991@gmail.com:Leonelrugama7991
zaiomary@gmail.com:elizabeth
tyonnacook2930@gmail.com:tyonna69
claramarinatrinidadesputia@gmail.com:emanuel1,,k
samratshaw155@gmail.com:1111122222333334444466666
sharjeelqasim900@gmail.com:Dealiza@123
arturobonaita2015@gmail.com:8433@arturo
vanessa232432@gmail.com:vanessa22
nabilt89@gmail.com:nabilt8980
lopezpipe@gmail.com:123456789101112
mentolado69@gmail.com:Brako69#
benegasleonel@gmail.com:LEon45084557
johanmegashops@gmail.com:ignite435
chauhanrewant@gmail.com:a9gTFLji35eMd7x
pierre.fezans1@gmail.com:Pa64591998!
lucasdifreitas@gmail.com:85951668joseph12
donnydee15@gmail.com:dyV.b@3?-(P9g9(
drewcassanova@gmail.com:mybeauty
hamadata2018@gmail.com:01142980333
a--omeiran@hotmail.com:P@ssw0rd123
sharks1890@gmail.com:@@Lessandro90@@
linalirio27@gmail.com:Lauret123
arianaf744@gmail.com:ariana98.
peterforgetfulwatkins@gmail.com:MgJ2i9fk#n9UqV8
elgamal2u@gmail.com:@elgamal811
cyrilunachukwu3@gmail.com:08033273813
jadelove.sg44@gmail.com:A789J-234b!
arielzayat@gmail.com:Porn1234!
nickmark941@gmail.com:nduc!x3YVw1R-$J
subratad246@gmail.com:9547216351
culenhane21@gmail.com:biLuaJM%.zEK2/6
idsfucker001@gifto12.com:A1s2h3@#
wa7eed8999@hotmail.com:a0501503661
elanowhye@gmail.com:mangoman123
nickrober49@gmail.com:ano2014
cilvertips@gmail.com:macgyver0902
robertomorenook@gmail.com:tokiomangi90
graphicsantd@gmail.com:nilza12450045N
jackalonso19@gmail.com:miketorre15
vjkkaososowoo@gmail.com:aoaokvnsnaopax98a77ah
feliipesouzalook6969@gmail.com:Fe123456
prejopre@gmail.comp:perempuan
senpairoxen@gmail.com:Goku1234Vegeta
hemelmohamma1@gmail.com:hemel@826412345678
syu6342@gmail.com:Qaz..123
kyap0276@gmail.com:010920kyap
razorvrij@gmail.com:Daarisgabbertje!!
rexgooddemon@gmail.com:rex#8039
romingeralessandra@gmail.com:m8kvzdn0npmbwz.
sikin1998@gmail.com:sikin1998
xoxcvc0@gmail.com:fSs@v#.8.K_i%g8
maylierom4@gmail.com:Ramoura123@
magbagbeola.sopefoluwa@gmail.com:sope12345
andreavillao.ita@gmail.com:wh4v1dmh0.6i
swakkhor7777@gmail.com:VFQW(!#qwC*2Z9&
kokoreli@yahoo.com:Nuzikoko1
papiizer1@gmail.com:uriel2003
ttperumal275@gmail.com:9345811353
fauziachmad404@gmail.com:WNhDVNXg_86HRfR
keysnahomy@gmail.com:Rabbit*2050
nakakandamuwamba5@gmail.com:nakakanda5nakakanda5
sbdb12345@gmail.com:lol@1234
kayodeisaac8040@gmail.com:5yHsSPNjd3_k3tf
mohammed1961193712@gmail.com:(minecraft)19611
merrile.marone@westernsouthern.com:rYqOPLjcpJbIqWz
daryle_nolan@yahoo.com:BIBBSno1
majid.majid12368@gmail.com:Majid123456@@123
wahyuoktaviansyah00@gmail.com:Xenoverse
mbhensenomandla23@gmail.com:Lumzaonearth12
ardicungkring8@gmail.com:ArdiBlack69@
gigihsaputra30@gmail.com:baddy123
seharseo7@gmail.com:45sehar56@$&$&
marcosdroguett@yahoo.com:Colocolo91.
hussainsmushahid@gmail.com:123456789
suntbundanumastienimeni@gmail.com:Busuioc1.
venuus69@gmail.com:Belen123
ycarayol@hotmail.com:Yane.1995
offlimitstarot@gmail.com:Prueba89
tasmiaakter1410@gmail.com:rezvy01775399596
luzka.lopez88@gmail.com:Chimichangas@1325
delpierov7@gmail.com:vasquez1919
brusantosfaustino@gmail.com:d/ehnr79bkPrsgv
alfindwinur81@gmail.com:juventus1897
natannere@gmail.com:@Mengo051218
h20zombiekiller7000@gmail.com:Iloveluna72121
hindott123@gmail.com:12345678
christianrequejo@hotmail.com:Lokitoxti12
gilbertonany@gmail.com:lheodno339-s
valchev.k.k@gmail.com:O57-pp9uW0wGGX
carloshenriquedantas82@gmail.com:chds100682
mauricio20050r746@gmail.com:44164748478797
art_232323@hotmail.com:Artur_232323
henrymaquera950@gmail.com:weather16
donramalho@hotmail.com:naotemsenha
scharfelende@googlemail.com:dante13-
s7287881@gmail.com:desloc45dy-48t
sitespons@gmial.com:MANDRIVA"b.jo4
luisfofo1996@hotmail.com:544c9ec5
ts262375@gmail.com:tatiane1998@
bonerbreath29@gmail.com:desert21
taleimohsen@gmail.com:09354992121
kahaachaoui@gmail.com:bireqota
johnathanjames196@gmail.com:@Ricardo02
fahmiazhar1512@gmail.com:lahgimana123
www.micahbaleya@gmail.com:CarolMicah@123
fchristmas@caseys.com:xumBegrv
michal.pisek@seznam.cz:AgRaElUs991.
mohmadzaer66@gmail.com:tcy8DTppy-qRXH9
pktud04108@tinaksu.com:11223399
gyagyilap@gmail.com:Theseus1993
renabola1_@gmail.com:,k#bga9r?*3&hAh
or036047@gmail.com:David123h,
r.errafai.badoo5@gmail.com:vxy0.0()PRkYYx
uiuxdesigner1812@gmail.com:@tanjil999t
gurunathkabadi980@gmail.com:@leX8904
gararross@gmail.com:TEAMoAMoRLoCo
sosig1111@abv.bg:x9Q,LT_N8?y_W4u
donthesavagebanks500@gmail.com:Blaze500$
benczemonika7@gmail.com:Karburator5
tonyheroco@gmail.com:Antonio2004
brunomp9@gmail.com:Bruno420
ruthdaniella2020@gamail.com:!ryds4f7V@XCSP3
jonaran106@hotmail.com:jona666JONA
produccionesaudioimagen@gmail.com:44262653C@peru
evroycampbell7@gmail.com:Genahsydeking876
sissy.vanessa.sumisa@gmail.com:Onlyvanessa3
jozopernik123@gmail.com:qxo1ipf8283k
lord.faluzure@gmail.com:kocos12
pana_2005@hotmail.com:Garrido68/
daniel.r.vargas09@gmail.com:JackRojo5
giancarlo61@virgilio.it:bellachiattammm3
alkamel25@hotmail.com:Admina@123
danhounminespoir@gmail.comn:molimolobite500
basahacc0@gmail.com:Hilman260895
sammypedernera@gmail.com:Xaxo04traxo05luz*
pedroalexqinterp55@gmail.com:master55master
maxisosaedlp12@gmail.com:23336344maximojuega
idomeneumiguelbv@gmail.com:thugroludolife
sakuchi135@gmail.com:sakuchi135
lilg071103@gmail.com:Vbu36eka
mufinsad7@gmail.com:rt2468024
sasa.dellavalle@gmail.com:Talleres21
botrip41@gmail.com:Ri$h@v123
jokerrealistic@gmail.com:Zeke@12$
josueaze12@gmail.com:josue2001
justshinan99@gmail.com:w!7ygZtcWmpXm@t
isjjas@gmail.com:771230jjas
valledilcia430@gmail.com:jjdh7975
nathanieldauphinais@gmail.com:Army3845
salarraghtell123@gmail.com:RAGHTEL123
huayllaalvaro8@gmail.com:alvarosha78673483
ignaciokunz2007@gmail.com:JYKNduret4XebBp
gamergame123z@gmail.com:123a123a12
familiatanaka3@gmail.com:Elizeu12345
szakos0208@gmail.com:PudliZsan-110
onlymaite16@gmail.com:Lulaparis16
saramesa1@hotmail.com:Lunatqm1
macanorman.89@gmail.com:Macanorman89
yangyahaya@yahoo.fr:XvideoS57
juancito123@hotmail.com:juancarlosvalera
rbfnbrbrn@gmail.com:yf6B$4Q5qIXmroe
sauceeofi@gmail.com:Molliypercose23
larabe507@outlook.com:Joshu@1996
zamrozas@gmail.com:654444844ZRm05!
unsimbionte@gmail.com:Dios2021+$
mdrayhanhosin1236@gmail.com:chodachodi
katiehazelmodel@gmail.com:47HwQ6HLyv3*G
ianowanj58@gmail.com:9638527
luiscabreraxx@hotmail.com:mariox1234xd
mahmutogluomer3@gmail.com:HT1259th?
pnstory6@gmail.com:(*,zA4w/p,L+ZEm
kidshack123@gmail.com:krish123
s21878936@gmail.com:)x9K.A5m,dg@tDd
laryge9888@gmail.com:Larryygee988@
hsjhsjba@gmail.com:player69420
howdidthishappen10p@gmail.com:ses8315
hackersquad0520@gmail.com:u&_Y4Y5T%BR$pQQ
jordans309@hotmail.com:Ch43ez!!
pornonuaaalakso@gmail.com:pene0710p
putojosh.jrr@gmail.com:joshuarr280505
secret.gulf510@passinbox.com:kikifat.11A
olalude57@gmail.com:Agsh2q5CRPeZ2D9
anhaiyang1999@gmail.com:Anhaiyang1999
staseyswong@gmail.com:Kaminvdome8Q8
luismiguelmarquesdossantos5@gmail.com:luismiguelmarques
rob_rbpiura@hotmail.com:SEXO69placer
dfrocha_parna@hotmail.com:Daniel1@23
isaaconlyfans1@gmail.com:isaacQR20
mdomi7886@gmail.com:fuckboy??
rhadamantis78@libero.it:akyra19782002
stelviocabral8@gmail.com:Mateus78
sovokhan342000@gmail.com:Arifa570@/
francis.nahon@gmail.com:Forever???
eliezerchagas69@gmail.come:nauumsei
raheef00@gmail.com:1a2a3a4a_A
kohenjohnston@gmail.com:Kijani_2502!
enzosouzasilva1@gmail.com:Enzonaruro12
jcalderon3399@utm.edu.ec:Hola@1234
deepkhun50@gmail.com:52352105DKm@
noe.sbz89@gmail.com:Alma5812
maskuhabdi69@gmail.com:12345678910abcdef
izael405@gmail.com:duduca19811
andreithtorres@gmail.com:1093588048Cris
www.alizaeri123a@gmail.com:alizaeri8484
solidcake@gmail.com:Cyster001
diegocoellomoran@hotmail.com:455031990piloto
jakestevenson737@gmail.com:babegbabe420
ironman@gmail.com:91599303@
wkwkwk@gmail.com:wkwkwkkwkkw100q0
sheridanwilson2005@gmail.coma:dwilsonsh
krippara10@gmail.com:Ugglanbuson23.
anthuan100@gmail.com:18241095Aa
brayanmodelo@gmail.com:Glam110420@
paypalget6@gmail.com:sa27232924
leatsokeatimilwe11@gmail.com:6GUdS,tS_w%U3#h
sbaireda788@gmail.com:redareda11
vlejpvm@tmpnator.live:@kingZee#89
priljok@gmail.com:makanan123
tchatomouad0@gmail.com:mouad1234
edna.badoo@favdazgroup.com:n@@5@nkU
rahulanchal00@gmail.com:8136880705
moeezhussain9900@gmail.com:#VGN6u8.fbXSPs!
bibisvianey69@gmail.com:01Junio1995.*+$
ivan-rk8@hotmail.com:Gasper-2020
gustavorodrigues69@hotmail.com:xurupita_123
kariuki.j.thuita@gmail.com:@Pini6874
mavinscott84@gmail.com:()uubong()
maristanribeiro@htmail.com:maristan2020
junticmf@gmail.com:Keikaku1432
rosemccarthy288@gmail.com:Terabyte
venolololi@gmail.com:dart1234
andreamont762@gmail.com:bcFy8eiLjm9R@Cc
youdoit404@gmail.com:15678892
seventknight123@gmail.com:dhayan123
adandokpossil@gmail.com:@$KEMI$LEOCED@!
peachnsyrup@gmail.com:Gomenasa33
mauri_sata@hotmail.com:mauri123
yeisonmsanchez202@gmail.com:Lunatqm1
cikog82687@captbig.com:Asdf6578
radouaia.master@gmail.com:8Q4cdJHWYDSb3bU
aqeelaslam0101@gmail.com:MercAmg23
archu.mediawan@gmail.com:Terlalumanis123
ncampos3168@gmail.com:123456789
girardi.edoardo@live.it:VecchiaSignora1897Badoo#31#
timozenmate@gmai.com:*Master123
r.errafai.mcc@gmail.com:vxy0.0(RR)PRkYYx
saksbshgwhwhb1355@gmail.com:xhuyr754323d
patty.moreno@protonmail.com:!Fachklinik23
coolsky369@gmail.com:Kiss68520
heayy0707@gmail.com:heayy0516@
whiterabbit78223@gmail.com:youhack.xyz/threads/899558
crisinger75@hotmail.it:Tulinas2!
sao08286295@gmail.com:hk20080522
debriz444@gmail.com:Superl@12
natalycarvajalrojas@gmail.com:Cristal6942
rykiremember@gmail.com:younglex
husaain100900@gmail.com:Aa14131?.4
hilmanfauzi.ridwan93@gmail.com:Admin20202952
chidah.housseme@gmail.com:sa06352019
erotokritos2001@gmail.com:e1r2o3s4intelxeon2011
dharwissa@gmail.com:Dharwiss021098
antonio123@yahoo.com:bimamonyet12
monsterjin24@gmail.com:starkiller94
gamerjair23@gmail.com:jaircito07
www.peterprof2@gmail.com:Prophet88+
r.errafai.badoo@6gmail.com:vxy0.0()PRkYYx
stellacute180@gmail.com:Tivoglioben3
anshdewangan2008@gmail.com:P8jiDRsRf_9#5F8
jellybee161@gmail.com:Jelly090423
tatumasupamdakane@gmail.com:8aZ@#meRV2tGBsS
claudia.blackcocks.lover@gmail.com:interracial123
stevensibueaa@gmail.com:@pengkor123
talea1990@web.de:tinderamiga+2018
r.errafai.badoo4@gmail.com:vxy0.0()PRkYYx
pocsa.karol@gmail.com:nederes2758
hshs53as@gmail.com:F#214m89
1306837240@qq.com:feifei1224
netfi@gmail.com:Ruvin@2005
cristianvalenzuelamvil5@gmail.con:osmar00001
pierooo.pausini@gmail.com:Nrd#*4gea45X(k$
robbert258@gmail.com:Hzs204692
malakaperera2234@gmail.com:Indrachapa
dsdsdsdsasd@gmail.com:hola323pp.
khairulislamjimi@gmail.com:NOor71@#
ilikethepussy@gmail.com:insanefker123
marianrengel08@gmail.com:**Marian**0811
jeanculelemonde69@gmail.com:!!666Jimmy!!
soaresesmparia@gmail.com:Renan081293
nurulhappy2020@gmail.com:X%M_TpyCV$3hBFt
longvh4500@gmail.com:Long0405
urvinpatel7700@icloud.com:Urvin@707
candynicole1974@gmail.com:Venezuela.2023
omooaya@hotmail.com:Threedays2912@
wesexstore@gmail.com:imperiosempreataca
namelesghoul023@gmail.com:BTRjuanes1818
rogelio.nicolas4@gmail.com:Valentina2020
dizzythefinsher@gmail.com:Backpay@24
harkamarkamvolvo020@gmail.com:Harkam123
ninjaramalho@hotmail.com:N3g0c10s!
ooxckxuclykkztopoj@bbitq.com:asda20092009
consorcioronca@gmail.com:anamagderas
shashankrokaya@gmail.com:Shashank123
ivand_nf@outlook.com:onlyme1998N
kellina.spuler@amerisourcebergen.com:m37eH9wFJVK
danielchimtengo19@gmail.com:Chimtengo1995
c839618@gmail.com:cilacap1234
faizfadlillah45@gmail.com:Ciomas_99
ashraftoto2020@gmail.com:Toto2020
edwinchukwuemeka12@gmail.com:eddytekkers2002
sesar_ti26@gmail.com:cnristo08876
nahuelmolinamaradey@gmail.com:NahuelM2005
liovaldojunior@live.com:lycutuce
gabipiresgomide11@gmail.com:Amoanimais2020
diegocosta200969@gmail.com:Diegosite26
victooeloz1015@gmail.ecye:victorymagodeoz
buttnbutt786@gmail.com:butt00112233
pnlenin72@gmail.com:BLURRYFACE
leoguys@yahoo.com:an00phag0
victooeloz1015@gmail.ecy:victorymagodeoz
kofiansu94@gmail.com:ans?lu1994
clarencembaluyut@gmail.com:Eqsymode@29
bigboirev50@gmail.com:U2dcF4QX7Vg6-rd
esteesel.deleo3536@gmail.com:rmarte2501
artsungerkiasportage@gmail.com:Majesty2103
avieck@gmail.com:Gmcrally1
trap1160@gmail.com:cd882233
btceth970304@gmail.com:AtinatiT*-+/
tindermanagement1@dpa-services.com:fuwon-mumo-kame
eduardo_rg2004@gmail.com:2004eduyfati
lunamodel1722@gmail.com:R!h9r4168*4aXe
iniajoker@gmail.com:iniaberlin
vincent_vermont@hotmail.com:Heavymetal_fakk2
tundaman120@gmail.com:tenende5
nd.jeremias@live.com:Cowboy-01
nelsonperezluis7@gmail.com:Dat*2022
nagarysingh@gmail.com:Callofduty@1947
hjzgzczczxcxz@gmail.com:ajsdgiatd8764932iuwk
victooeloz1015@gmail.ecu:victorymagodeoz
omarbrito424@gmail.com:Campanita24*-+
tianco1223@gmail.com:tianco1223
forfunsake21@gmail.com:forcumsake21$
slovakianhacker1337@gmail.com:Milujemporno1
pedrobonon.alves@gmail.com:Narutolars1
ys5981633@gmail.com:!XNc%K@VK96xAT,
trap1160@gmail.com:cd258026
fabioeros20@gmail.com:roladurra30
drsmirakian58@gmail.com:8dhCX9jnv7sybTS
nogueiravalente@gmail.com:Gt260114
bradyaltland1@gmail.com:Altland123#
stiankors@hotmail.no:nYVArrp5
soursaucexd@gmail.com:youngsavagerule264!!
lilget2020@gmail.com:christopherisineyI080
rajsoni3883@gmail.com:India@123
freefiremokhtar@gmail.com:uhBMZ4udq$$,K*E
linapatriciacastaneda52@gmail.com:Lina_39452749
jefe_ppv@webadictos.net:palomares118
nicolasfernandeza0@gmail.com:Nicolas469
hcolchado@xcelenergy.com:lA8yryw6joiVc
mucyo111@gmail.com:kinoko0888
erick.enomoto@gmail.com:erickciclone123
michaelknowles0422@gmail.com:Aa042211@
eliaspereira20001@gmail.com:eliaspereira1234567
soyelmaspro661@gmail.com:Lg140717+
pornhubemail213@gmail.com:WillStu@rt7
peterrabbit1404@gmail.com:9N=A??<-Zf&EuL6
skyblue258@gmail.com:0987654321
pedroalexquitero55@gmail.com:master55master
ekaqghisrfldfkznfz@bbitq.com:WZNLp3%Pz&u_Uw?
chrismarce1985@gmail.com:Conejitoonly2023!
chandanpaswa2050@gmail.com:unk!7d7tXK=Zv9U
ashu001.241@gmail.com:meenakshiki
gazonfoot03@gmail.com:Jbwewambilaire1
nicoarotoma98@gmail.com:2019B0167
bubar.dyllan@gmail.com:Vickyp16
edelmannanastasia@tenneco.com:XD7bLpbEQ
zogoyann@gmail.com:kdG$F-i-13cI57R
ayawika0@gmail.com:Damazioreis1234
tuhermana4445@gmail.com:tuhermanitalaputa444
wa7eed8999@hotmil.com:a0501503661
strifkes1@gmail.com:mikelandjelo
casilla7k@gmail.com:Casilla7k
seyram2005@gmail.com:Joanacoleman1988
audiolabkurseong@gmail.com:kurseong22@
sekaighost@gmail.com:465Rencontre.
candelariaraposo@gmail.com:02406014021
usufmhmd06@gmail.com:19500611@V
mushu_280@hotmail.com:iyigan1234
hgsis@hotmail.com:joao2019
crap695@gmail.com:Qweasd123!
rexgooddemon@gmail.com:Rex#8039
hassanmunyarubuga@gmail.com:theliquipy12345678
ventapokemon@gmail.com:3y18gp65
rogelio.nicolas4@gmail.com:Modelo2020
debuck888@gmail.com:nicoleasco@goed
saranyu.yormk@gmail.com:Yormk077935032
ed.castro54875487@yahoo.com:baseball9
tumainielmkony39@gmail.com:qwert1234567
mygaa3000@gmail.com:Swa6hAbr
mkhan539311@gmail.com:majidkhan0970
jokka07penido@gmail.com:lucas2306
cristian.tabares0402@gmail.com:Tabareszapata02
bkee7921@gmail.com:Bangkee123
uc927107@gmail.com:superdiamond90
elpijudo076@gmail.com:TEGARCHO36veces
o.julian.reyes@gmail.com:Baloto2022
quickpointguard@gmail.com:ViewPark4$
edor_rataman@hotmail.com:cm53te4tyz4x914
fm944751@gmail.com:3008820157
dcon6115@gmail.com:Qxcth@176123456
msoliwoda89@gmail.com:Owocpoludniowy
bozolott@gmail.com:h@yTqK9NJZ6Ft.6
redengine038@gmail.com:botondhajdu@@65894
mdiazflex@gmail.com:Mikelist69
marcoricardopeixoto1984@gmail.com:@325@@Solquente@
hockloy0000@gmail.com:097576657loy
rafal00001@gmail.com:Wojadupa1@
barridotele@gmail.com:ALEXhernandez19
rokonuzzaman1919@gmail.com:r121919r
ranabd148@gmail.com:JEwel019
maneeshamadusith363@email.com:maneesha2004
carlospatineo474@gmail.com:carlos12356
kacpigame1@gmail.com:Karol2005
salarraghtel123@gmail.com:raghtel123
simomemo@gmail.com:Azer1234
muhammettopal48@hotmail.com:Aguilar1455
jhonvelazquez.hp@outlook.com:el_chingon
rj1767474@gmail.com:Queenofthequeens
danyakostenchuk@gmail.com:karate100
htetaunghlaing220@gmail.com:kokohtet123
xcasdcddcsa@gmail.com:mero.elmekawy
peachnsyrup@gmail.com:Gomenasa333
ysanchezl2a@gmail.com:Lunatqm125Pm
soumyajit1230@gmail.com:soumyajit@#2323@#
hailuermiyasu@gmail.com:ermi1437@Tene
the.babadook@outlook.com.gr:S@Alexiiu1980
top5monumentos@gmail.com:lagartija345
m2323l@gmail.com:OnlyMich@el476
elisabethmendez.business@gmail.com:@3K$DWx)ufjv64g
fernandin6968@gmail.com:arrozebatatA
orimolade83@gmail.com:7.h*8vULD2Z!jh&
rafa_freitas2011@hotmail.com.br:Papainoel1*
sudeepg848@gmail.com:8420335114b
omer.umit@yandex.com:omerim1966
nkumara991@gmail.com:10##21##nK
netriudalexander22@gmail.com:silversolfer88
mdparvesusa1@gmail.com:Mdparvez@1996
billpwrgkbv@gmail.com:Billpwr56
ventapokemon1@gmail.com:3y18gp65
boris.guerrero1975@gmail.com:Alexisg9922@
gwwagner@gmail.com:Trekkrr2383
shanecarroll2003@gmail.com:babadook
tdali@rlooa.com:123443210#
ngwena56@gmail.com:@mmtitC2FeHwK@T
corredot4568@gmail.com:grey467389
williamokwanus@yahoo.cm:23606834
dragonkingdarius@gmail.com:jamesbond007
docdrilla@gmail.com:2710028Dre!!
odin90371@gmail.com:r2iCz6wJ2Bj=28=
youdontwantobemine@hotmail.com:+soberanisima123
shockw28@gmail.com:Aug122015*
zairinic@gmail.com:Conter1710
nahuel_nhq@hotmail.com:EP!.wJcf6,?4nEc
yokyisit@gmail.com:Bendymandernnmm1
mahmutogluomer@gmail.com:Vs!Y8NC7j&.G#9k
dieforsnakece@gmail.com:nikond31002021
tasingrah@gmail.com:Swaraj@14#
junlimen132@gmail.com:andrei07123
waskinhoff@gmail.com:Chocolat3.
lauriafranco84@gmail.com:Animamia84@
sauceoficial@gmail.com:molliypercose12
raicky1197@gmail.com:f.-@Q3/JXZAU&Sz
love_uoy60@yahoo.com:m7mod441669
s.todd700@btinternet.com:Woodfieldcentre
daliaeuden@gmail.com:Senhadoonlyfans1
cc3725177@gmail.com:0984124460
nashetaniam@gmail.com:hamster6969
matrixnetwifi@gmail.com:airlamd786
chiebukaprosper@gmail.com:29930566
caramofrank56@gmail.com:Qwertyuiop27.
tzagallary9@gmail.com:Onlyme@onlyfans08
ayush.ayushkhare@gmail.com:9450076094
jakubduchecek97@gmail.com:17022008Jd
freedom.the.betrayer@gmail.com:heartandsoul
lm9282334@gmail.com:JVRaa_8325
casanovas111@hotmail.com:Daxelbadoof
paula.sviglin@gmail.com:Filip1507123456
desaiamit171@gmail.com:desai@123
shaw9657@gmail.com:Shaw7787
hondary.mix@gmail.com:HtcCkCEN$2ru7T?
furynax@gmail.com:jmhpLm3660
galgustavo7@gmail.com:dexter/2510
yarafat417@gmail.com:Selenagomez02
hyodou8issey001@gmail.com:phaperrcod17
we050327@gmail.com:dg050327
yffelm@gmail.com:0whrebp95x8_.
semilphilpsfb@gmail.com:3Mty2qKqBCqQEY7
cpggarud12@gmail.com:eTwMGLpr4G.5w!u
nessalightingin@gmail.com:Light^*&%25
lovely.sex.2020@yandex.com:m7mod441669
carlospatineo444@gmail.com:carlos05421
urielnadaud@gmail.com:uriel2003
frederiklaurean@gmail.com:sindylu123
mirnaisacutie@gmail.com:Gizmo20032
raizbellysgonzalez@gmail.com:$&9Lq4ZgeXbK7@X
enhizlicita@gmail.com:159753aA
rafaelmp3@yahoo.com:Dwyanewade03
sam020524@gmail.com:sam241294
jasonliric@gmail.com:Huxtable1!
rafa_freitas2011@hotmail.com.br:bobinho1
www.1232@gmail.com:3,1415926535
ariianamiini2022@gmail.com:@123*Ar23/ian~2508
ddok6@qq.com:1211_love34
sekouba4422@gmail.com:hawa1974@
2salhasany2p@politicspass.com:6Y`9Yb=pHdBW!mLr
sergio97lm@gmail.com:xHy0fRC1UPy2$bf
anoop.phago@yahoo.com:0nLyf@n$
freelancersovokhan342000@gmail.com:Arifa570@/
tatjana.nanutova@gmail.com:1Master2mamA
gabrielegabriele0270@gmail.com:Maramao.10
noribraham85@gmail.com:salmonella
thummarsofficial@gmail.com:Universal#1569
amirasn838@gmai.com:Atakan1kdbe
digiouannimaybelle@apple.com:XumolrFQ
arthurleiria4@gmail.com:a21862829s
rss96681@nifty.com:Wormaxio44ffhge
juosichi@gmail.com:Dan9er0u$
anindyafauziah.id@gmail.com:Jendral@1994
dhdvdurvdyfvd@gmail.com:qwertyuiop
fofomapeka@gmail.com:Jip9eb$gQH36@L-
canadarp777@gmail.com:rangel102ff
gsjjdsg@gmail.com:asvdjasdu23t872t3ge
ztina2382000000@gmail.com:sweety23
brandonrocabadool@gmail.com:Argentina233)
pekobbandar398@gmail.com:tojari202
mindblownthinker@gmail.com:3cjqQ7vwtXLCHRi
luxololala66@gmail.com:Funiswa880125@
puesamimehandicho@hotmail.com:oY88AZDe&%r8
dennysplay580@gmail.com:Minino580
redbitterandsweetcandy@gmail.com:Alebello66
sharadindubhattacharya@gmail.com:202dumdumpark*
vassilytiago@gmail.com:lydiadriana
ddani4200@gmail.com:dani12345
jackh4mm3r@proton.me:J@ckh4mm3r
darkrazorxd@gmail.com:Iownuall123
daytro1@hotmail.com:Ch@16198775
goribertech@gmail.com:0987654321
jose.huertarcn@gmail.com:JoseHuerta20
yeetusdeletus@gmail.com:Wobble123
valevergatuvida1@gmail.com:sonsoporsiempre1
smithvvv02@gmail.com:Liam1914@
luizcarlosfernandesdearaujofil@gmail.com:e97dYHSB
catherin.hagos@kohls.com:od5LrALbOn2fwK
cussaiazamilhelton@gmail.com:ramapreta
backup.of.a.backup666@gmail.com:#yAD%b&spri%?43
ersinozberk@gmail.com:Baey4214
elijahn198@gmail.com:tilexowen198
at0907710902@gmail.com:Shun-1976
sudharshan.ramadass@gmail.com:12345678
darylenolanno03@yahoo.comn:NOLANno01
desmondali10@gmail.com:marinajustin
elimora.3358@gmail.com:Nala100-
bronselaer76@gmail.com:zE@AYB8dDT!CFWt
klinsmanjuan99@gmail.com:?HXCUy-5fx5vMr-
mixersphone@gmail.com:.com/view_2345
joaovitorcont1c2017@gmail.com:joaocont3c
femiki5415@hoxds.com:UTG^&w8
hkk098499@gmail.com:0864091101aZ
ttperumal194@gmail.com:9345811353ttperumal
nadieversoloyo@gmail.com:skywars5
damianszenasi58@gmail.com:damik147
loismr263@gmail.com:7fKF,cz@tHK!D3b
maus82@gmail.com:Valencia2019!
francisty3979@gmail.com:Bryllety24
visionerpraise@gmail.com:vision2020
sharlycsra@gmail.com:124356]csr
srburakdogan@gmail.com:Burak123
avelinavelinoantonio17862@gmail.com:926857754Luanny
j3338363@gmail.com:0910245775aa
azhtrebution@gmail.com:ihatetomatoes2
rafsan.prm@gmail.com:Amiektaboka!27#
ponnnniuoihkhiug@gmail.com:090149ad09
stephenbsk12305@gmail.com:Ismailpipo12305
jchaynes97@gmail.com:Jismary1920$
rodneybernett@proton.me:coolerW11
manuellopezlopez720@gmail.com:AAk7_pU**nV.vHJ
hamzasaleem.xnxx@gmail.com:ABC123abc
sergiomvgmvg@gmail.com:Sanjuan2177
mari23fail@gmail.com:7eU,Ni9-/bEFwFN
caindracula@gmail.com:xvideos1011
waelhamed77777@gmail.com:01090145544
badoo@avvdicola.it:lvzfkwyjcxgzeqvx
jefduun@gmail.com:xMQKPLYc&_MEif8
pdejesusdiogo@gmail.com:mari123.
clark.flint@fullangle.org:B,vCh#TTmC@Q8D&
shaw8288@ail.com:Fuck0987654321
grah_prax30@outlook.com:280415Mmx1
jimcaternzau@gmail.com:2gzut3o7h_h.3b
boxad93684@acceptmail.net:azertypoiu
pereirajorgecastillo@gmail.com:Familia2018+@
slyyjass@gmail.com:kfnsdufhsbj56456fsddd
hello1000gems@gmail.com:helloitsme
mohammadismael1031@gmail.com:forlan10
redfox01@live.com:redfox01
erickmendesdasilva9@gmail.com:88257041
michael.stefanishin@gmail.com:12621262
chiranuwatza@gmail.com:Zxc01470258
williams_michelle69@aol.com:Ola05028
dominguez271998@gmail.com:4232779432
rambarthdioh@gmail.com:cgj''kkggfdjlkh
johnrobertoxxx@gmail.com:aqwsde123
ahirszowski@gmail.com:whr1re2mym@lh
marquihnofuselo@gmail.com:Beast12=
sebas030198@gmail.com:sebas030198
temuhingamer@gmail.com:Nop3157910478
hs8wufkwhjkwk@gmail.com:s(#+tLj?7F&cfef
rubenrojas30xd@gmail.com:Construir200130
ranabd148@gmail.com:JEwel019@
sergio01.lgf@gmail.com:Serg2130
andres.ocoro22@outlook.com:Sarah0945*
alejandromerlo_@hotmail.com:gorrafenix
porkykanus@gmail.com:Tijc00n01
preetinder@gmail.com:Preetinder
toxicjanek@gmail.com:Toxicski123
shamimbd35@gmail.com:Binudon.123
lobo89@libero.it:xydadedy
misikalagriska@seznam.cz:Sugar1988*
saimoni12@gmail.com:elizabeth201820201
lopezadrianb@gmail.com:Skrillero-5049
babadook@outlook.com.gr:sotos1880
emanuelcn362@gmail.com:Emanuelcn
2764498562@qq.com:czdChen123456
hansenromora123@gmail.com:Romora36
rhadamantis782020@libero.it:anastasia1978
rodneygodoy24@gmail.com:Isaac@0309
andrewelprozzz@gmail.com:RETBULTEDAALAS123
rwdiohad@gmail.com:Isra8339
yaneavila@gmail.com:leonmio1010
harris.rashaan@gmail.com:harris22
eduardo_nab@vp.pl:EdNab^7829
skaresnik007@gmail.com:termit.pppre
qolifatus.sadiyah06@gmail.com:fatuscantik8991
luis_madoz@hotmail.com:H23Ybn78
illanmutte@gmail.com:Skyrim54++
shogaghassan930@gmail.com:11223344
johanvdb1996@hotmail.com:DeReetveter
ebalcarioca67@gmail.com:45214521
msardoning@gmail.com:lo9ik87uj
xohaib1029@gmail.com:zSz12345678
babadook@outlook.com.gr:Sotiris698
daigrocksharkman@gmail.com:libidobadoo
yuijin2700@gmail.com:8j44xzDvKR,Vv%4
saif52734@gmail.com:mouaml55
machanjeru2@gmail.com:ItDahefjerk8
faculopez.49@hotmail.com:Facundo40241989
witartsec@gmail.com:Seckler1#
nadaesgratisaqui@gmail.com:Menj$5758
irita.sauberan@hosthotels.com:NoNfXNYyJL0ez6
kumymask@gmail.com:098popoqwe
c4611307@nwytg.net:c4611307@nwytg
uatefaque@gmail.com:1234567890Up
peruviancasting96@gmail.com:Dokiii97.
arcenioyiyi@gmail.com:2211976yubior
bsvargasmateus@gmail.com:mono45@#$__&-
the.babadook@outlook.com.gr:tmb8ZjaTd5ingrj
vinylscraatch@gmail.com:Ikaeros01
dipumr7@gmail.com:Dipubosssex0
msoliwoda89@gmail.com:Owocpoludniowy
laureinekakou0@gmail.com:53571989laureine
hanoc59829@cmailing.com:14789632xx*
nanathurler@hotmail.com:85175259
iury_gj@hotmail.com:987654321
gmichalakis26@hotmail.com:Davidking26
jkamets@gmail.com:@JuJuGeeGaa74
pixdorodrigo.pagbank@gmail.com:Xvideos180880#
mattjechonatan29@gmail.com:Mattje29
urjrjnrnrnrj@gmail.comu:q1234567890p
mohamedfahadsoulaimanahdf@gmail.com:soulaimana
ngwena56@gmail.com:Nyn$V$rc2nV7mp8
lukascabadaj77@gmail.com:qrhs60ac1ybwdla
ariadna.d.avalos.olvera@gmail.com:Adao040499
mkhanyiseli63@gmail.com:Carlton1515
21001031@mvula.univen.ac.za:sgky4egxygj9.@6
kwiniewicz@gmail.com:Zxcvbnm99014
victooeloz1015@gmail.ecuec:victorymagodeoz
daniel.juran40@gmail.com:yamatorex
y7sef2012@gmail.com:12341234##Y
squirex97@gmail.com:Squirexx00
xerark8@gmail.com:dREYLINcUZZ
hitmancobra@hotmail.com:7ZHHXRji4Z!kiQ
georgesft123@gmail.com:georgespaul123
babadook@outlook.com.gr:Sotiris@698
ellanostorrenegra@gmail.com:EDULLATO2022
mariavasques4323@gmail.com:99386967
saskiafadrique@gmail.com:Bb123billonarie*
vilsonrafaelmatoscardoso@gmqail.com:Fa12032015
novaeslucas01273@gmail.com:Lucas12@#
omerwac22@gmail.com:AB$F@5$$DPx6qn%
jaymomuriithi66@gmail.com:2617Jay
gegenne33@yahoo.fr:Lethemusic33
billy51395090@gmail.com:ho118427
nick@samojenko.om:BU!!$hit
wepipik375@wermink.com:wepipik375@wermink.comA
prabhatkrydv@gmail.com:devilliers2002
sofiagarcia280892@gmail.com:sofiagarcia28*
scandinavium17@gmail.com:Wiselkaa
minhlong34377@gmail.com:lolvippang123456789
rajabalirj2004@gmail.com:rajabali2000
leonardomaciasromero@gmail.com:Loquita123456
firmansyahramadhan22@gmail.com:z9mGRDt7gcrK2r9
weldonsantana27@gmail.com:karinadom@#2023
kov.arpi08@gmail.com:20080109arpika
hanifecwid342000@gmail.com:Arifa570@/
naserelnjjar88@gmail.com:2xVTu9yabLz
giantomss@gmail.com:W.D.Y.W.F.M?
tocen72734@miqlab.com:ayvN7xm5-285uX#
toms.kruza2005@inbox.lv:hakers123qQ
baranbelgu@hotmail.com:E+ApP$j463PD-Rt
vietanh62@gmail.com:nguyentao1891
mbsl88422@gmail.com:Subaru2021
sajadawad31@gmail.com:h*A!AM#Aw88HTR!
tanavoolninmia@gmail.com:Zazasasa123
gus_ta_vo1604@hotmail.com:Gsan1604
sabrinaecorno@gmail.com:cornodela
ktakirigaya@gmail.com:lolcraftasd123
nhlovodevelopmentplan@gmail.com:nhloniphonhlovomalulekethan222
rodrigoginobili@gmail.com:Colombia732
patriciaanne.pas@gmail.com:Classyanne88
klogsdon23@gmail.com:xexecyhy
enriqpa@hotmail.com:techupolapollayelcono439
xxdarkyxx41@gmail.com:NgWjcNF29C3np@q
muhakahillary@gmail.com:32992770
christianrequejo86@gmail.com:lokitoxti12
joacomaza2020@gmail.com:joaquinmaza20
vx13699@gmail.com:3699*1477
sheshpotro.band@gmail.com:Yeakin@135
body.bodo@yahoo.com:01063856629
j.l.sereneitor@gmail.com:2361jlsb
sim671798@gmail.com:roFLEX9678!
tyreeqryanmeyer23@gmail.com:cji0xmnur.j5z6g
lindosibeko171@gmail.com:lindodex123456789
ujdmxv@gmail.com:AAlGEv1D7_5$u9N
anggie202216@gmail.com:Anggie2022
sandraohemaa112@gmail.com:bC#Zic_xPQ45@hb
hydraeast@gmail.com:GANZOgsct123
mancilladavid5@gmail.com:david123456789
lis-camillete@tuamaeaquelaursa.com:*dhdSxpCFu/vA7+
mbaf4321@gmail.com:aur01878752084@
rosegati89@gmail.com:johannes85willi
vinicius.animal@gmail.com:Jesus22051985@
xampreth@gmail.com:kutukupret
livingdaygtf@outloo.com:Afterthenexttime
the.babadook@outlook.com.gr:Annabelle1980
engendeo95@gmail.com:5122784a
pvsf10@gmail.com:redfirexvideos
shahzaib1982@gmail.com:decade01
ruwan1233@gmail.com:Sfyhh123
be7different@yahoo.com:moh00amed
hugin690916@gmail.com:hugo160969
badmilk267.ig@gmail.com:08725100
lucianogallagher81@gmail.com:lucLIAM1981
mbakisimpofu@yahoo.com:mbasto@06
orders2018@protonmail.com:L1nux82!
sergiosergiomvg@gmail.com:Sergio2008
sisonka18@abv.bg:Aasdqw1278
rrt.phuket@gmail.com:phuket6565
codexhammer@hotmail.com:Markwaugh
cetey21046@twit-mail.com:MB6BK.HCGYv3s45
znydkhdyr@gmail.com:Adam2001
toporron@gmail.com:Compras2!
edsoncaragua37@gmail.com:edigar24
fedemancin1999@libero.it:Moiraffede1
israel.carlos33@gmail.com:Zikamemo@12
boboyaya123@gmail.com:6vh26tlj@iy6kc
matiasdaniel279325@gmail.com:caca2566M
oneabud93@gmail.com:abudsupono93
tabsibanda26@gmail.com:Scorp0026
cristobal_rodriguez14@hotmail.com:Ci28418879
liziabi1999@gmail.com:Ayal@1715589303
mikekainga@gmail.com:mukeylock
riyyadxharker03@gmail.com:#Riyad526218@$
leonardoxnin@gmail.com:Lay0n0611
jchagas82@gmail.com:Jchagas82
cwe11700@omeie.com:/v,(NF5Y&@6ysu5
lempi0@lbzannualj.com:aM1Iet5vie
paglialunga.andrea88@gmail.com:ANDREA1304!
justthepimpboy@hotmail.com:Coorleone93
midoelbetar8@gmail.com:moody123,56
kakraattac941@gmail.com:sexpornn4455#
renato.martins12031997@gmail.com:Kauerenato12031997.@
ericssonosei18@gmail.com:Ericsson0557271501
obisek10@gmail.com:Akon@123
dbazlp@gmail.com:t@.U4*Eaz6J!QTy
rhuanlbk@gmail.com:Ko=1234567
psmcorptm@gmail.com:69o69ZlTl$45F
anablanorama@gmail.com:sacul150522
yyb25528@omeie.com:rammybb90.
oliverkudron12@gmail.com:Bola1adzia
heatherdeepxxx@gmail.com:Kohochang1
con01997@gmail.com:Con0199712
guapod63@gmail.com:robertramos1317768
donnylongcom@gmail.com:CBsupportsucks23
amorimjoaquim909@0utlook.com:angola1234
drkr1079@gmail.com:Aboodyttt11007799
jidarragap9@gmail.coom:u+iKpVw%xZP#4EQ
subhadipdas11@gmail.com:Subha@12345
dennaqonna@gmail.com:daddy@1234
thaintheripper@gmail.com:1qazxsW@
james.humanitarian@gmail.com:crazyWHITE5977$
satriogen7@gmail.com:mastrio5775
jos12cae@gmail.com:Josefino9000
sudeepg848@gmail.com:8420335114sudeep
aziatiyao1@gmail.com:Wada99360919@#
pa7172154@gmail.com:pedroaugusto1818
reapersama240@gmail.com:042231181031p
aydinrahbar98@gmail.com:AYDINRAHBAR79
bajonadanilo1989@gmail.com:PPjciZEKt7H3e2H
nelsoncastelo860@gmail.com:katiaking01
habdes1@gmail.com:K@baya15353
julioedisonvasque@gmail.com:Julioedison14
wac.hamid1@gmail.com:hakimhakim12
illidaarii@gmail.com:H3artandS0ul
nguyenduytanzarrroc@gmail.com:0955721717@Milo
angelfavianlego@gmail.com:ElizabethEsSexy1
eduar2_0247@hotmail.com:diosesamor
jeronhufana@yahoo.com:killurask
chbteodoro@gmail.com:@05160613su
shrinivasazabach@gmail.com:8483899109
lorenalorado20@gmail.com:Genesis344@
seba_herrera_1996@hotmail.com:Casa245954
samirroy024@gmail.com:ILUMOM@@
difigianomeme@gmail.com:Lisamaria2011
juanklopper23@gmail.com:RandomFart
paraacualquiercosa@gmail.com:Lospibes69
kpakpaoudavid4@gmail.com:Hotplus96
gabrielfialholc@gmail.com:cloud@1991MXO
renatostark96@gmail.com:RENATO9961
maniyarock2004@eamil.com:maneesha2004
s7287881@gmail.com:81356902deg
arleysanchezrodriguez@gmail.com:kimura72712467
vikalifornia@gmail.com:qwertityt1234
ferrasmarcela661@gmail.com:BsjYjyan37WYP2V
fredydoriancristaldo@gmail.com:losmismosdesiempre
cuhadar.ozgur.69@gmail.com:Cuhadar69
kamelm952@gmail.com:zobree2000
stetxemqwerty723@gmail.com:osobonoobasen44
davidjoestar64@gmail.com:GODSUPREMACY
marcos1152k@gmail.com:Marcos7788
mianpigar@yahoo.com:OLLdONFIU@-7qF6
kelvinpaniagua212@gmail.com:PeKKa2091501
dame22021968@gmail.com:0E#n%6ePIrCl^wWU
kangethedenniskamau@gmail.com:disco23
iswhdhdh37@gmail.com:&iVWc$8X8MKC@5g
damimimi183@gmail.com:damimimi183D
anillosamuel1234@gmail.com:Pasiano1234
brandonrocabadoolive@gmail.com:argentina233
hedcuarani@gmail.com:bQ8pMhE6x@VLDUB
charlysjerfeson@gmail.com:Junior015@
kevincitoronquillo2@gmail.com:5207324345
ignaciocoser1@gmail.com:ignaciocoser2003
kidshousebydyana@gmail.com:zaparo1173
carlosxgt@gmail.com:Papalote1$
confetticake04@gmail.com:fM42a7p#tqgMK!a
iacononicolas9@gmail.com:nn3xTERyG?6cY?n
sergiomarquez5678@gmail.com:SergioM123
kickmyasslol123@gmail.com:!NrdN6r#@TggDrT
sirtee1610@gmail.com:Igeadubi16101988.
gabrielcarvalhotarquino2@gmail.com:Groundonhjktw3
karenfer0515@gmail.com:Lamuneca2023.
esthefannyjackson@gmail.com:Ambar@m7
birdexflores@gmail.com:Serpiente5441
barkhadabdi2050@gmail.com:Mowled@2556
stranfey@gmail.com:Cqndybaee&axxidel2005
rajabalirj2000@gmail.com:rajabali2000
urjrjnrnrnrj@gmail.coyu:q1234567890p
wesley.leuryzap@gmail.com:5db208@S
italoneguinho@gmail.com:neguinho123
tafiba@ruru.be:rn5001274
umititn230781@gmail.com:gendutan230781
fakopogo@gmail.com:Fb!ncCV%!txDYZ8
raymondkipkemoi6308@gmail.com:#Ray6308
miabhai1617@gmail.com:raj...321
didizinho_25@hotmail.com:lalala1234
mahmutogluomer@gmail.com:H3lp3rG0D
kufored71@gmail.com:cuentagratis
fuzehell@gmail.com:12345Q@z
sharlisantty@gmail.com:e13536lvis!
fergueza@gmail.com:0995009115fernando
fabio.augusto2@outlook.com.com:propomolou40
eliovittorini@yahoo.com:Forzalando90
rdhsogcpbmibrh@maxresistance.com:ortellum
bigode_no.turno@gmail.com:linkinpark50cent
joaofelipem532@gmail.com:abacaxi11
fitryhaha86@gmail.com:beechange@86
panjetaarmin@gmail.com:darda1a
stella.archer.sa@gmail.comw:Lilwayne13
jonathanjensen898@hotmail.com:Molle333
samuelias093@gmail.com:Samurai93
jhercon@ceipisaacdevega.com:yeray2096
gdueqnhvym@bugfoo.com:KISHUhacker12@
siva.neverchange@gmail.com:sivavanchikovil
gimnezg161@gmail.com:Jamonyueso1
lovelyk4000@gmail.com:Manage808
dodo20062003@abv.bg:Dodogamingbg1
mboyaevannce@gmail.com:daktari2022.
gegenne33@yahoo.com:Lethemusic33
mamypoko021228@gmail.com:Kruaun47121533
hello1000gems@gmail.com:#!hellboy12
samiaghajani7264@gmail.com:eK_@&/@J8Ug.+%P
paldus09@gmail.com:Ns$QQ7v-q81K5PO
dreamer_ale@libero.it:as1899522714
daniel.r.vargas09@gmail.com:JackRojo5
bhondu@gmail.com:ajay@123
k.devashish@gmail.com:bankai@5917
rosadodominick666@gmail.com:Dom&&Pam1005,.@@@
cyer23@gmail.com:jubjub&99
ana_99_sweet@yahoo.com:InstaGram.9
matthew360e@gmail.com:N1vp3^129Db@c$I4Nim
jorgutierrez@yahoo.com:apocalipsis09
c48972675@gmail.com:Pepefe223344
djpaguntalan01@gmail.com:lodigoals
miguelsadsd4@gmail.com:GL9kYPZsZwAgi3@
thezandduzz@gmail.com:Laaks2608
diegocod1297@gmail.com:181961249303deD
upwork8207@gmail.com:M@HiN*!!
cherece22white@gmail.com:GaylE1234
ianlucaarroyo@gmail.com:SeX99poP888
the.babadook@outlook.com.gr:Gianhs@699
luquitasprods@gmail.com:37241913A
r.errafai.badoo10@gmail.com:vxy0.0()PRkYYx
ricardo_18.-@hotmail.com:Windrunner20
emiliojimenezpuerta@gmail.com:lukqgrx
skullerjoker.18@gmail.com:BuffBull19$
malakaperera@gmail.com:Indrachapa
david@impresamktg.com:Clave"2019#
wujaw@yahoo.com.tw:pc590302
queen.feet.yea@gmail.com:Peanutqueen1
eduardo_o_lara@hitmail.com:Mamita0511
su.jacome.2001@gmail.com:s.1.a.123.A
mv1380.m@gmail.com:xxwolf12345
sebityukodi@yahoo.com:Wisky123456
nooblovedickkk@gmail.com:nooblovedick1193981531
samucaquintanilhaamor@gmail.com:Amor10pp.
theukbacon@gmail.com:khowbuanarn1848
johnrobertodark@gmail.com:AqWsDe123
renukasuraj192829@gmail.com:24114710**
thatsmywork@gmail.com:1234567890kickerass
magnums303@gmail.com:magnums303@gmail.com
fabiolaraqueldominguesresquin@gmail.com:XYeHJCTu4kHQEfH
singhakshat036@gmail.com:Akt12345@
ekwenugojude2@gmail.com:Chidii#2000++
mbsl88422@gmail.com:Subaru2022
gusbarcebomber@gmail.com:contrasena9a
arianalatexx@gmail.com:ValentinJacquet972*
kamelm952@gmail.com:mah22221111
ericksonpirata@gmail.com:pirata132525
cargosaso877@gmail.com:Neymar.jr10
ignaciocoser1@gmail.com:ignacio2003
cruffini@jefferies.com:wq4s3nDo
wickmr007gaming@gmail.com:MYASS6860
chilunjikatyler@gmail.com:Charmaine
fortunekayimba14@gmail.com:Ws6nDU&x?!.USb?
sakibalhossain@gmail.com:!3xXE3W?t?yT@4A
tcampiolamaral@gmail.com:34694059thi
r.errafai.badoo2@gmail.com:vxy0.0()PRkYYx
michaleenderson123@gmail.com:Utilacays0101
pbsax10@hotmail.com:Colombia2019
jovcaris2@gmail.com:220309Jj.
bronselaer76@gmail.com:sPxfEn6QA9xGmg9
bfvv128@live.com:K5r3gy00
world.wrestling.federation.96@gmail.com:Undertaker1989*
rosmeryleon76@gmail.com:Wandamariros31
caycedosebastian24@gmail.com:kirito24@24
rh6599110@gmail.com:SRP6GvwLyJFi56r
joabitamarasalazarpereira@gmail.com:Salazar12
susi.2001.sj@gmail.com:s.1.a.123.A
chloeonlybusiness@gmail.com:Pirainambrosio2210
digadigital2020@gmail.com:petitPAPANOEL
juancarlos065@gmail.com:Gu.FCjQc9nr!ZNr
etienneabdalla@gmail.com:pjwce3hrb@hg9nz
sergiowarrior86@gmail.com:ironmaiden1032
hardtravelin86@gmail.com:James1951!
bruno101dias@gmail.com:Br@2356uno
xxxx76056@gmail.com:Fetefatefu88
giacomohak@gmail.com:Giuseppe2001!
gisay75876@webbamail.com:14789632xx*
cetic21178@qatw.net:18060411
amipukus@yahoo.com:junayed2013923132
ivocharles@aol.com:22410066291
grubsoonntb@gmail.com:_y3_26-JwfMLv$8
1658776917@qq.com:Shengli1
ozzemrehan@gmail.com:Emrehan33
mendezjonh@yahoo.com:cimdug-komgar-kiqTe3
carn1voro@gmx.es:.wWT(y94-*qZ,ea
mixersphones@gmail.com:.com/view_2345
tokudavl1@gmail.com:xxnx6789kimochi
rakensadwifa@gmail.com:Asdasd2011
summau38@gmail.com:04042526
rauberfelipe873@gmail.com:#fC,6sAmmNGVA(h
osdosd33@gmail.com:islamnagip
vearjoshua@gmail.com:pdr22466
emilio.montiel1@gmail.com:volveraserfeliz51!
tan028963@gmail.com:ciwololi
fri552455@gmail.com:!!L7vrczG3WXRR4
qlazzarustacna@gmail.com:carlonchofp31
ricardoelmaster22@hotmail.comq:windrunner22
trepassiavanti@gmail.com:Pgipsy85
shoaibalmehrab23@gmail.com:iamking@@sorbo@@69@@
guilhermeventura8@gmail.com:gio110420
htetaunghlaing220@gmail.com:htet1aung2hlaing3
sajjadkadhim100@gmail.com:Ali1983Ali
boatengpriscy@aol.com:Pm199725
oliversaul199@hotmail.com:pizzayfanta04
elodouga4545@gmail.com:Ecchidaisuki4545
nelvin108@gmail.com:NELVIN108n
zev.foigel@gmail.com:qwerty11
kateshi17k@gmail.com:Adrian17
chrismarce1985@gmail.com:katherine
mamahsepti1995@gmail.com:120588hafizz
netriudalexander22@gmail.com:f4eFrHxRyXTWW5K
gabrieiopes@hotmail.com:gabriel12345
lizamona340@gmail.com:010456789
roximo1590@liaphoto.com:manik6192
cell.putra57@gmail.com:asfendi1234
magicneko1412@gmail.com:1014267256asuna
itsarameeumpon@gmail.com:02rn4752@pburl
ramonrggr@gmail.com:15221223123456
info@xystergh.com:Joanacoleman123
pj499889@gmail.com:GR?/Ccq6m7WkPf2
fkcreal@yahoo.com:realboy95
sushant.24may@gmail.com:Gixxer@1
willtex1@gmail.com:escova321
mrrobotico2020@gmail.com:M12345678r
6020434@mborijnland.nl:FV'Bz'&7u8jfp2@
tamallout2@gmail.com:ayoubazerty11A
pedrok9k9@gmail.com:pedrok9k_/
dawidwojtkoww@gmail.com:?XX(Z3UPAdq*YN4
vostilagasta@gmail.com:@7eleven
kazemgorgin79@gmail.com:k@g159357
siffionq@yahoo.co.uk:9-vSHV@
nunoloisas@gmail.com:DamaDorinha47
wattegpmaw@gmail.com:visith0987(0987)
osokolic@gmail.com:67.dinamo.Thor
dremmykung@gmail.com:Pomper1126
valdezalexander651@gmail.com:Liam1626*
davidovandou@gmail.com:jvpbgc16l8gir
farahedenn@gmail.com:1234mermaid
serefbakir@gmail.com:tirJ6n$_4XCH#_c
longjohn.foc@gmail.com:l0ngj0hnf0cXL
ultras_bianconero96@libero.it:Spennacchietto44
ltrombetta@sinec.com.ar:eqsaccam@2408
sidhusanmeet@thapar.edu:Sanmeetinder#123
razzaqhashmi007@gmail.com:razzaq1234567890
teodor.seizov@gmail.com:Pederasnik01
pwhsamuel@gmail.com:20180501a@
edanielmontoya7@gmail.com:Danielm69
tundebabag@hotmail.com:Oladoyin90
hacienda.properti@gmail.com:thoriq15
literarydiker12@gmail.com:644c-Lp+-+fZf_D
smab.shahg@gmail.com:Ar00jkhan
taihen277353@gmail.com:Sh1n194m1
mckroono.123@gmail.com:VP7kVcbQA2d/t@s
thomaz-turbando@bol.com.br:14881497329732
aleenajamal98@gmail.com:Dasiboyir289
skaun1447@gmail.com:skaun147n
fuentes95mendieta@gmail.com:rambitolola
oliveraukan2@gmail.com:Aukan123
shahzaib1982@gmail.com:decade@03212877406
wycliffmaengwe@gmail.com:steve20177800
maggytamorcal83@gmail.com:marjorie
vitinnzn09@gmail.com:VT0909vt!
danyalkhan20211@gmail.com:takhtbhai12
mdparvezusa1996@gmail.com:Mdparves@1996
jeisonbra30@gmail.com:Enero1818*
gbauri5035@gmail.com:Gourab3334
metexhdzletsplay@gmail.com:5pi6uxXqTYNLWmV
iss.benhamdi@gmail.com:Kermalek025
vargasalmer70@gmail.com:@lmerMilan1
dovydas.bartkus777@gmail.com:sCK2EAyjtUef@VM
ttthiel@web.de:495365235
sivorof282@seek4wap.com:Gr@tis12
nerzubeydu@vusra.com:rqkitj3JeLueV@8
kukuhabdi@gmail.com:bisabanget28282828
info.academy.nm@gmail.com:Jessa131028
realrag1500@gmail.com:29843477@Yy
davidrag93@gmail.com:David24997084
zjuaneduardo@gmail.com:lalito898945
andreysteeven67@gmail.com:Chupelo67veces
shahulstand@gmail.com:statement
shohaghassan930@gmail.com:0199SHOHAG
ashhadjaffri253@gmail.com:03302887440
m66khouribech@gmail.com:pic16f8
jbad2vhjba@gmail.com:%aLM+3VX95t!4.e
sdfsfs111@gmail.net:you12345678
petros1988___@hotmail.com:aggelakas1988
docguc40@gmail.com:Maverick4040
vahidnazemi2000@gmail.com:Vahid13610
pelacurjalang26@gmail.com:purnomoaji26
hunaindilawar40@gmail.com:Hunain786
tshepo099@gmail.com:Sgotsan@2024
cazuza585858@hotmail.com:33920002Rj#
yznalhassnymc@gmail.com:ABCde/f.@500224
maximuspatio@gmail.com:n9mm$$rW!DV3VFQ
watanabemia4@gmail.com:ProyectoMinaFalsa123
francocosb15@gmail.com:maca.p3rra
ablante4312@gmail.com:dripdrap1234
biplobmd3001@gmail.com:Bd152893929292
m0osibat70@gmail.com:m0osibat70
sexybiancax@gmail.com:VVPkvaavk$!6677
kalitsakispetros@gmail.com:1214a!3236
tavo_ji83@hotmail.com:xvideoss
visionerpraise@gmail.com:hp+wD%bHZ97m9Yk
bmveruzs@hldrive.com:28415744
hentai277353@gamil.com:sh1n194m1
candelarjsjshsh@gmail.com:02406014021candelaria
toker_up@outlook.com:Ashcol2112
dakunimain686@gmail.com:C.8!WaDWijWxyhh
nyanlinthuyein12345@gmail.com:nyanlinthuyein6182
syadmashud5@gmail.com:@@borh79ucuglj7
juandarc558@gmail.com:p.D4JKd)FhauT7J
krasik9607619@gmail.com:Levit1469
lourdeslazaro6512@gmail.com:01020654
lenerveux1996@gmail.com:Repos1996
ivan.kristic@yahoo.com:Adrian1
rytis8888@gmail.com:rytis19860406
ridertambun69@gmial.com:Master123
unkeylover@gmail.com:Desatge123
italoviniciocruz@gmail.com:vemcomigo9090
litonyb123@gmail.com:Biswas123@
andrykoernia1@gmail.com:ak14031976
yosef.alipoori@gmail.com:y09113479188
erwingmontoya@gmail.com:danielm69
kjp1370@gmail.com:Kirikung32
laninho-lindo@hotmail.comla:omegastar01
pu.peenong13@gmail.com:Pu77897789
antonio123@yahoo.com:bimamonyet12
juankevin844@gmail.com:trespernA123
wemr1987@gmail.com:We24118785
luanjefferson12@hotmail.com:Val@1010
gath1234m@gmail.com:SmJYqF_Z7Rb5_Fa
mikazukiorga36@gmail.com:Supersaiyen4
boldingemelina@penskeautomotive.com:XPldglBYL
jose_baca_duarte@hotmail.com:chile@garras.com
jiokioggy@gmail.com:pornstar1080
ovcasasvalna@gmail.com:Tt1608716098
gopinda39@gmail.com:02021997
smailos57@gmail.com:32392268Battosai
rayneljose5@gmail.com:Ray422469*
originsenmon@gmail.com:regazi0011
pofesax807@bymercy.com:AZERTY@poiu
espinosareyesjesus@gmail.com:Jesus12reyes
cocohawaira@gmail.com:Perrarina.8080
amitbhattacharya92@gmail.com:sagiterus
akitchen64@yahoo.com:Gustak@1964
jenifariqbal.toma@gmail.com:31December1992
braker2011@hotmail.com.ar:alemania
cristhdaplug@gmail.com:Sarobinha8
lovelyandrew86@yahoo.com:gotnorules
cesardiazcamacho@gmail.com:anonhymusbro????????????
pixdeeugenio@gmail.com:18dezoito
tessie.bolger@edwardjones.com:JLJOTBCb
0bed4091ce@boxmail.lol:HEp*+CsZq$$Nr4p
shimbocommunication@gmail.com:shimbonet
debuck22888@gmail.com:!4d*K/%n7UX9%me
mofugger2009@gmail.com:Viper891
jatinder.gandhi@gmail.com:Prabhleen@123
prodej@4everpc.cz:Laura197001
prasadvishnu806@gmail.com:8453060866
laxmimayawai@gmail.com:Laxmi@123
pakovueno18@gmail.com:Clemen268
cbosquef@gmail.com:Desiree2015
hallsboy674@gmail.com:as7as8as
arminarekawarujuanda@gmail.com:bombong118
orzzett@gmail.com:12382190rA
ericklee541@gmail.com:aa123123
kylevernom@gmail.com:qwerty1234.
holasiqtalestas@gmail.com:rodrix07
noreply2119@gmail.com:Thomas28042004
kunzmariano@gmail.com:mrk201028
mpuspendu2016@gmail.com:puspendu2016
liamgurura@gmail.com:thedoc843362
remosorio@gmail.com:remcris
cancer.cancer552@gmail.com:techingo1
diogodiaspupo1@gmail.com:Diogo.dias1
roinagare1988@yahoo.co.jp:88eraganior19
tahleeltabarak78@gmail.com:2Ba46d03
rauberfelipe823@gmail.com:Bzekztk&aq&4GvQ
jonielbrito460@gmail.com:joniel?05
sasukemamani66@gmail.com:JUAN123*pepito234
nabilnazar85@gmail.com:SRMDsrmd85
royale.1379.royale@gmail.com:09179908507
pallobdhali59303@gmail.com:pallobpallob
dulceballejos@gmail.com:7652044Mt23
pallabhumanbeing@gmail.com:bokachoda
jonathan_portugal_1994@hotmail.com:Fourhoursemen2017
transportes.sedasa@gmail.com:@Lex1234
saafffsajad@gmail.com:sajadawad12345
joy105681@gmail.com:Joy2732413913
peachnsyrup@gmail.com:Gomenasa33
mohamedjefa39@gmail.com:0743731283
fortuneroki0@gmail.com:fortuneroki00000
angela03gonzalez217@gmail.com:Angela01.
ricardoxcesarx@gmail.com:ri201502
salcedodj1999@gmail.com:42359268
debopriyoghosal24@gmail.com:debopriyoghosal24@gmail.com
megahercbp144@gmail.com:mirkonemirko
guillermo38ortiz@hotmail.com:Ortiz@2023
junihtcampanaflores@gmail.com:regenci00000
valentineroseexclusive@gmail.com:Dog12345
armanjsapta@gmail.com:armanjs2744
noeliarmardeajo@gmail.com:Noelia1977
tatsuya.aiba1304@gmail.com:tatsuya88
jd7875996@gmail.com:Josemiguel1324
jeisonmlima@gmail.com8:jeison03905000
nurcibansubeauty@gmail.com:Fidan3835.
katharina.wilfer@web.de:Muffin12
ryanjanb090@gmail.com:ojan1100
bilgi@arenbatu.com:b741023^^^
mehmetsereftargit@gmail.com:mst639dbakir68
matejcermak80@gmail.com:Tatarka123
enrique123@mailinator.com:putitos2080
eros.photographystudio@gmail.com:monterrey1975eros
jancukkamprettaik@gmail.com:v1moneystudio009
basitalikhn@gmail.com:cssofficer123@*?.,
chris_pogi12@yahoo.com:solidnorth12
lg-am@bol.com.br:Philco23
taufikomarwas@gmail.com:1612004745916111
yoaeef@gamil.com:AS123456789AS1
dudufxt@gmail.com:Porn4me4days
chadi.br1@hotmail.com:goodsex
dfsdfsf1990@gmail.com:697171829er
jarthursj@gmail.com:2301ARTHUR
markuz.v.c@gmail.com:sR-fmP7tYgD-_t6
oncheonche@hotmail.be:Newlife23
pisac_21@hotmail.com:Osito123
gavwala5@gmail.com:Lnrawat860@
andrewelprozzz@gmail.com:RETBULTEDAALAS
guillermo.0908@gmail.com:Junior12
chihablive08@gmail.com:Sowa2020%
learnthetech3@gmail.com:Mother_01
sarahcamposx.@gmail.com:sarahvictor
yoselinsantiago262001@gmail.com:Saturninojda5423580126
zonagames40@gmail.com:Kiskakuk1996
taten58742@wifame.com:Ua7R7-n7HXfPe7T
sergiohobo@gmail.com:guarani78
huizehinzy@gmail.com:glapro50
jarur.artruiz95@gmail.com:Crealab2023
okok7768@naver.com:0p9o8i7u
michibarbo7@gmail.com:ksrZ98&zAcXKWa-
rahylmallick832@gmail.cam:9051422
celismar.agro@gmail.com:5c&UXfA?WxWU5Z$
hayatmali052@gmail.com:5$x9ntxH+bz-PXp
carlossalazar.arr@gmail.com:GatewayAut2023
2258473154@qq.com:v123456
paypall0kzy@gmail.com:6539100Toni_
gallardomauro.03@gmail.com:mauromontevideo12345
sagitrod@gmail.com:adriana92
andretiagodasilvacapelo1980@gmail.com:03031980Aaa
peramathdwria@gmail.com:Perama1312.
bifivac235@byorby.com:@2345678
yuioggfh455@gmail.com:Guszaza1455
brandolbadia@hotmail.com:B@dia2517
ocbwbwbgs@gmail.com:Eseivis1
vinatier78@gmail.com:er@"34IN
hpacb123@gmail.com:Vsk25147144
doctor.hf39@gmail.com:09198539844Hh
ercantaor@gmail.com:Torrent21!
vigow85369@bombaya.com:y_MjDq8D,!&GVdq
ivynnemulusa03@gmail.com:vladmir2021
stcxfamily@hotmail.com:facebook_2011
directornails@gmail.com:yamilani
ghhusd@gmail.com:K,!D-@Xv6J!M'r-
mystersam@gmail.com:WND)CAB?rZBx8uD
doug.burn@gmail.com:estilosinho2011
komaduqi@forexlist.in:Cocina32
tdfsdfssd@gmail.com:697171829er
gamergame123z@gmail.com:alizaeri8484
augusto.mgsp@gmail.com:551138Jar
befoy10768@vasteron.com:Befoy10768@vasteron.com
konayonline@gmail.com:moenge121
mtasaeem04@gmail.com:mtasaeem04@2234098123
wasakakar0x@hotmail.com:Disast3rpi3ceS
charlesrasseliferreira@gmail.com:!aLPnK.5wPXQm2q
ndu7583@gmail.com:073Minnie!
simonbigboy234@gmail.com:ewrgeryhhergvfkuyergfgsfgjfsgj
shienexd@gmail.com:Santiago@2008
olegperidot@gmail.com:Musor800
milad.toc@gmail.com:%y6JhJ@iE*bJ.u%
juanzapata090903@gmail.com:123456l,.
susi.2001.sj@gmail.com:S.1.a.123
modelsophiadior@gmail.com:Dog12345
ovulddz@scpulse.com:Password@123
giana.stefano02@gmail.com:Greta02
bloodygamer703@gmail.com:9LLYQy98wpL84M3
jorgeromo16@gmail.com:jorgeromo11
r_char@live.com:alexauro236
jhoops.mirsha2@gmail.com:mirsha57871522
charlestusi@gmail.com:riversflow123
casanovas111@hotmail.com:Daxelbadoofretoque
ramonggr@gmail.com:15221223123456
bilalaqeel013@gmail.com:BAmaiks#@1315
dhonipoox@gmail.com:ashayube4
pieryouseff@gmail.com:rangeroveroan535
bilone.samuele@gmail.com:RpYR!X&ze2B7u#@
victorepson12@gmail.com:fuh!z4Huwnred+6
danielalexishaedo@gmail.com:29032003Arde
joaquinarriola44@gmail.com:tomynoxD1
uiuiyui7iyuj@gmail.com:JKhtghfgdBFD58gse!2feuythtgdr5
samoelmary3@gmail.com:12345sS
spryler@hotmail.com:Raimund456@.
vikilopez16@gmail.com:V1k1l0p3z
pktud04108@tinaksu.com:Mohammed!!@@7
dgray3432@gmail.com:BIGDTG43
ranasubhanzafar1234@gmail.com:ranameeran123@
amadinhovaly@gmail.ccom:calcinha
kelvinwathoni1@gmail.comu:KELVIN,WATHONI,15209342.
edwinrojas20001@gmail.com:Machuca1995$$*
tctschirhart@gmail.com:Tct9805315.
jcohello@gmail.com:heavymetal77
deser@gmai.com:Dester123456789
hmzaalhmaeda1@gmail.com:hmede2320p
oliver@sprenger.com.co:OsquiLL2020
z90z909259@gmail.com:@Danceofdeath22
dionklein12@gmail.com:60h5fAZB
ivansetiadi271298@gmail.com:27121998ivan
luth02@gmail.com:prestonplayz
jgb1966@gmail.com:Eunice00
jshigenski@gmail.com:99021499ms
tomtomayo565@gmail.com:1020304050XxX
sergiowarrior86@gmail.com:slayer666
ybmocoehnhjfglvtpb@tmmbt.com:zzz123456
cuenta2rocket@gmail.com:Zombablanca1
johan-uniajc2017@hotmail.com:Porno2022
negroba1975@hotmail.com:casapreta1975
foyto@gmail.com:fxp123tyug
eelmats@gmail.com:marinamarina
melkuniels@gmail.com:8NrF5gb%2@@YXxc
vicky.arrogant1995@gmail.com:xvideospassword
alvanpe@gmail.com:akusayangkeluargaku110198
xfarming16@gmail.com:sWDsGkzXYqbr7XA
gk_lynn22@hotmail.com:32671502*sD
supermimis1@hotmail.com:mimis19971318
perezauriel75@gmail.com:@UTA1501LT
punck-_-star@hotmail.fr:hassanisdead
jgokou75@gmail.com:Httpsnhentai.net/g/177013
tew2001scjuergens@gmail.com:Hawthorne10
mobileauto773@gmail.com:auto@773
gallego.yerly@gmail.com:Alejamarin98
jordanticona48@gmail.com:C9p5au8naa
kr130716@gmail.com:Matiastqm28262
gihsonline.official@gmail.com:Universal#1569
saiminthant1998just@gmail.com:179198just
bzumbzumblabla@gmail.com:pMjnf.A38d5YGYi
krs9607619@gmail.com:Levit1469
marto.hristoff@gmail.com:hellobrO12345
bhupeshnegichinpa007@gmail.com:918988932868
hafid.elhalfaoui87@gmail.com:Casablanca06
kevinlanny2@gmail.com:telanjang
fuutarro2105@gmail.com:ToikhongtiN2105
valenzuelabenjamin993@gmail.com:benjaprro777
hidinma095@gmail.com:911isthebest
roger@scalacap.com:Donnie1!
ph6204572j@gmail.com:pedrok9k
sitholecharles01@gmail.com:580@Jak
thefolkerr@gmail.com:Maporcaputtana1.
shabadoo.ie@gmail.com:bilinakayo27301
heatherdeepxxx@gmail.com:CBsupportsucks23
strifkes1@gmail.com:Mikelandjelo82
fdsa123321123@gmail.com:Lisamaria2011
saheb.hiya143@yahoo.com:iloveuhiya143
ttperumal561@gmail.com:934581135tttttttttt
pinavaldemar@gmail.com:valdemar2023@
mitsuikamada@gmail.com:icametowatchhentai
jakeblake81713@gmail.com:Orange2!!
renatofalanque32@gmail.com:15ka16ta10re
ronald.diego21@hotmail.com:1234567890
fsousa892@gmail.com:uchiha123
patsfof@gmail.com:Brandyndec27!
reza110204@gmail.com:Abcd123
089abc2116@emailabox.pro:hama8989M
debalyoussef@gmail.com:55670613
arnauvabe@gmail.com:Trenbolona69
angieg.a.m.5@gmail.com:532Angie
monram.k85@gmail.com:09386395172sarko
ouattarajoseph225@gmail.com:jwjak82iijb387y2k1oixj
hxl14894546@gmail.com:Hxl123456
luluzhk@gmail.com:King@5852
lboyworst@gmail.com:Hluga101
moralesvitorwilder18@gmail.com:nosoyjoa9973
bobinfoagadir@gmail.com:hamada2017@@@0
hhridoy87343@gmail.com:AdhoraHridoy3
nicolasbfarroni0@gmail.com:qfh,vna,49jWMD,
daniel527spotify@gmail.com:Dsgp2705
basitalikhn@gmail.com:khankhattak123456789
rajatchaudhary371@gmail.com:Izqzg123
kasall.sx@gmail.com:Obr40fx4m9@
ccuiitrd@gmail.com:fio7644fhp87
puiyin2005@hotmail.com:Nevermind@3
that1guyonpc@gmail.com:xKmQ@R8#H.HN.2s
l60nanoowai@gmail.com:emily12oowai
ichimochihayato@gmail.com:kamenrider05
herman.marketingorion@gmail.com:K4hvdq9tj9
candelariaraposo@gmail.com:@,M`-KL/8tVL+9y
jabawwa012@gmail.com:JAGMS012
farooqahmad89793@email.com:X7Y'S4fVcA+b(*5
kazunaazami@gmail.com:Kazunaazami88
pablomolina97@yahoo.com.ar:16Jun1986
wongyes56@gmail.com:qwertyuiop10
capitomey056cxdgg@gmail.com:697171829er
geromemukaya@gmail.com:Joycemukaya92
adrianespilan@gmail.com:q1234567890p
gufu88gtu@gmail.com:98@@i"hFd?xm&@U
mjensen097@gmail.com:NewZealand771*
djdeedan@gmail.com:mathenge2
dcon6115@gmail.com:Bruhman@12346978
morgan.nascimentto@gmail.com:V1d4l0k@
chokomirk@gmail.com:zxc252612007
luisalfsan@gmail.com:TR011f35+
dudevivek786@gmail.com:Dipak@7867
mesinmobil5@gmail.com:47511614
jesim97656@kingsready.com:mMzEaMQaM!U5mi8
otienocollins234@gmail.com:19994827adeboom
clive.hoskins15@gmail.com:Koenig$egg25
hoangminh579468@gmail.com:30061988Huong
bertrandattiogbe2@gmail.com:96124033@1234
eselerd@yandex.com:z98765432x
canradnio27@gmail.com:mafiacity2008
roszelrazzanelly@gmail.com:rizzardi@azdra23
ralfred30@gmail.com:vanlalchhanhima
titicapelo70@gmail.com:03031980a
carolinaruiz1925@gmail.com:Liss1925
hs8wufkw55kwk@gmail.com:UzP?Dnt7,962b/)
cosmiiin2712@gmail.com:Leilani1
cmartinezalvarez669@gmail.com:cmartinezalvarez669@gmail.com
deniszakon11@gmail.com:Beograd007**
samsugalaxyyy@gmail.com:protec09S
gersonluucas97@gmail.com:Aa722598455
pedroalexqunitero55@gmail.com:master55master
bcgivo16@gmail.com:Mypadu12345678
twincat2015@gmail.com:thaetonelay
coopamc@gmail.com:banana69
shahwarjafri12@gmail.com:Asdfghjkl@#12
vishal999819@gmail.com:Aamir123@
toni90.rho@gmail.com:#6976597955Rho*
barrosojuanchu@gmail.com:50369739
sdgalvan70@gmail.com:hardwellonair
tiffanyrosevip1@gmail.com:Cat12345
ngwenyaa334@gmail.com:$*T-FYsKdcU6LfU
jadisongomesdasilva624@gmail.com:jack$$$@
monarcaleoncarlos@hotmail.com:monarquia1978
rob_rbpiura@hotmail.com:SEXO69placer
odairjbf3@gmail.com:ojbf121824
lorentindreslopez@gmail.com:mama1234lorenti
mamadjavad1382s21@gmail.com:12345678m@
marcoreiny@gmail.com:123456789Reiny
smailfanboy@gmail.com:sjrdgvnGDFDFujyd
angelesaf2023@gmail.com:8$G,@m.$B3kC,Wf
pedro361989@gmail.com:48099832
rowaisromani@gmail.com:EC4SE+2-.D&Wg*.
onlyfansmiracles@gmail.com:Onlyfans2021
bnyk342@gmail.com:m05356812452m
rafael.arzumanyan@yandex.com:M5vBX6NP2JTxgfn
hhhailstorm@gmail.com:Alok@143
goryou789456@gmail.com:0979216891God
gutierrezbeat@gmail.com:29deAGO-1998
o.ovn2k4@gmail.com:OVDGstps2K4
ben.user007@gmail.com:User.error404
josemanuelag47@gmail.com:HBR-0FRoTE6QIyy
frostbytezgbz@gmail.com:Jatibd11
mashmel365.1234@gmail.com:20211598aibC
www.bituponsarmah@gmail.com:biswanathchariali
mohammed1961193712@gmail.com:1962193712
nahidkhan4g@gmail.com:A0Z9.com
xavi_obc@hotmail.com:#feitosporting1988#
chiebukaprosper@gmail.com:29930566
raptumvitaeworld@gmail.com:Colibries22
massy148@virgilio.it:280472mm
vananhfc18062003@gmail.com:abigaile1996vananh2003
djrobionic@gmail.com:Lovelove0809
dv82227@gmail.com:kaikennedy10
ennn0317@gmail.com:!Gb52806bg
crist-beat@live.it:Drummer90-
maniyarock2004@gamil.com:maneesha2004
osmeoliveravargas@gmail.com:germany00
oscarivannataren95@gmail.com:Uv6T,r6,YtUxG_r
brunotrindade417@gmail.com:470811@512Bruno
hennybernt65@gmail.com:45!qcBX8QSk!Vvq
sweetteresavip22@gmail.com:62LYl*ude0aj9@2!hoca
sisiu.silviu@yahoo.com:(AaY_ZCcgjcrL8-
de50a00c35@boxmail.lol:@Jw&d6..rWi,&G9
mullaibeqo@gmail.com:Konislol9090
luizrios28@gmail.com:Matematica28
wwfol@gmail.com:QiSe2(yurZB%+CF
idkjack640@gmail.com:This1betterwork
onlywinniie@gmail.com:Bekind1110!
tarunpaul075@gmail.com:54321tarn
stoicgamer29@gmail.com:123321pornhub.com
sjhoncykharl@gmail.com:sampelo12345
hondafranskito@gmail.com:*Master123
sameermistry6@gamil.com:Sameerlove
glavicaninmatija05@gmail.com:mrvilicaOCB05072020
paveljoveski57@yahoo.com:Saraevska58
kackapipi48@gmail.com:Klockergangx6.
rastreculo@gmail.com:messenger4ever
rogelio.nicolas4@gmail.com:Modelo20121
cristann25@gmail.com:123443221
tylolo@yahoo.co:amma350082
rajeshbt992@hotmail.com:035053992
123@123.equus:Q123456
sauceoficial@gmail.com:molliypercose
bekzodismoilov877@gmail.com:beka2002+
collinsndeda@gmail.com:collims2015@
david.raanieri@gmail.com:ranieri07
mirzausamam5@gmail.com:XVi(k)dY=&8Xd-6
kubaq001@gmail.com:BuRaKi002!
pogbaluyanda@gmail.com:2003011
zahraramadhani96687@gmail.com:120588hafizz
cesarpaulino200@gmail.com:rjiazjJ-744/F@w
zicado.pro@gmail.com:xv802518
rarafaelss@outlook.com:crp212345
isaacmantovani20062@gmail.com:Isaac007897776
juanzxo552@gmail.com:Juanzxo552_
capitomey125845666654@gmail.com:697171829er
wtistaken@gmail.com:Allah123
socialmedia@minimageek.com.br:j@cKp0711
huzaif123@gmail.com:uKhG@GfnG9t.ddG
edeziomatosmb@gmail.com:1995Edgar#
pupuchaewon6@gmail.com:uuggcf8b.
paula.sviglin@gmail.com:123456789012345678902
t4_h_94@yahoo.com.vn:english123456789
fieldshitaze@gmail.com:f1eld088808
walkerbarsi@gmail.com:hroxxqyhxsxu4p
lucianapalominodavila@gmail.com:1007452138AAa.
simonmbuvi5000@gmail.com:s123@/8!Q
pyarelalmeena143292@gmail.com:komal@123
civiccoupe1987@gmail.com:7AbjXt1KrB
zzzmonad@gmail.com:Lj-dALXxKP6r&G6
jb359990@gmail.com:tigergahlot
nelitongoncalves2023@gmail.com:neliton2023
s3043298@gmail.com:Luis4ngel
marlymendanha@gmail.com:Pikachu100
tormanorra@gmail.com:saoledkarvane112112
www.joeldextro@email.com:MASALZAS
kabishek1@yahoo.com:Toshiba1
pentecostjerry5@gmail.com:Deepxxx???!!!
traxbanana@gmail.com:cacadevaca12
mysteriousrrated@gmail.com:4hRuvin20anna.29
pioneerdjmixer2003@gmail.com:New2003DJ@
vladimirpaldus1@gmail.com:Vlasatej09
karlos937616@gmail.com:cbcelcarmen..
itzluckyasif2@gmail.com:itzluckyasif123
rinnymixer98@gmail.com:.bC7x-ZnCX8H-Cs
marimbondozapata@gmail.com:Pony1977
balibro7860@gmail.com:bilal567890
laryge98@gmail.com:Larrygee988@
carlosantonio192@gmail.com:lomas7386xo
micheal@gmail.co:pe9efz@5tW9Ehev
lupitasilver24@gmail.com:lupitasilver24
dar.k.prises011@gmail.com:Apoyo123
uwilson108@gmail.com:Rolltide13
mohamed356reda@gmail.com:Rmo545454
nandhudileep16@gmail.com:J2_b$YufH2I8yvK
werwer2@ymail.com:"D'cilino"
piropelado30@gmail.com:Bautista
ng.profex@gmail.com:()uubong12345
hellyeahgs@hotmail.com:Can200000
maxsave90@gmail.com:monferno90
lossami210@gmail.com:casa285275bol@
foodguructg1@gmail.com:JtFARUpVM4FpR-@
josehurleyofpm@gmail.com:12345678
paulajostino@gmail.com:montenegro4
rinoamisato@gmail.com:serondaspencer99
thouficahmed07@gmail.com:12345678
1909broken@mitico.org:Kaos12.
cs0968770902@gmail.com:as1234-shun
mimibonilla2015@gmail.com:yuly2424
azertazert1979azert@gmail.com:azertazert11
diegojdk6@gmail.com:jotajota2
mdjuyalbapary@gmail.com:Mdjuy@lis19yearsold
danitorr0412@gmail.com:Dot@2315$#
kidxues@gmail.com:_gBeh.Nji5TgJ-4
nelitongoncalves298@gmail.com:neliton123
lulu33z_f544o@oysa.life:miGhae7ch
litwinin92@gmail.com:0701093802m
liochastej@gmail.com:sososos12@1S
freddy.de.buck@telenet.be:curSgi86TmE4@Cz
kruaunthavaraj999@gmail.com:Kruaun47121533
fangz12593ro@gmail.com:Cook1256
kinjaninja959@gmail.com:Kelsey@1987
gilpedragil102@gmail.com:C@sadogro
ionceban27@gmail.com:xLtAmW!dv2c_?Vn
diego.2015.aqp@hotmail.com:2015AQP2015
emmawhitevip1@gmail.com:Dog12345
thienhuynh1203@gmail.com:VribSt-S2KkXUkv
sheeeeeeeshhh07@gmail.com:2595056Mm*
martinadominguez010@gmail.com:Mgjafyap9
riznhasan01@gmail.com:2,F23F!Ubs$+67v
jstalin436@gmail.com:jharznnny
valentinepinto123@gmail.com:qwertyqwerty
kakolisaha407@gmail.com:subho007
nnuapod63@gmail.com:Marcos7788
zawphyoaung1995@gmail.com:K@y2O.KKO
justinmarte2323@gmail.com:sosajustin1823
hassanrichwood@gmail.com:?????01223125835?????
vilsonrafaelmatoscardoso@gmail.com:Fa12032015
leonard.pyram@gmail.com:BB7F.w9MiKjd?5?
reinasteven61@gmail.com:@steven2022
rezult101@protonmail.com:London12@
ycwbrster@gmail.com:520607ycwbr
ikerggasca@gmail.com:IKERgabrieGASC4L
faizazn10faizz10@gmail.com:Faizz1234567890
matt4ewbail2oo5@gmail.com:Doom$it10
yan60372@gmail.com:a90275026
vanbart233@gmail.com:Rivelino300188@
sarahwilliamskenya@gmail.com:4705passwordpassword
fonsecacastromario@gmail.com:Nm010997
oldmandesignvintage@gmail.com:Juanma3333
jamillora@gmail.com:pakistan25432
sarnadeep12@gmail.com:9748331181
mexicaligd@gmail.com:Nathalie92
jbltriponey@outlook.fr:Eff9,nrPb22G@bH
sasmitoprayogo14@gmail.com:147258sas#
morris.dorbeck@gmail.com:100965morris
ketlyvolmar1@gmail.com:Jesus.@1
rahmanfardin58@gmail.com:Qwerzxcv@00
pg1405619@gmail.com:Exclusivecontent11.
gold.lion2528@gmail.com:beer1985
syaifudinmuda@gmail.com:mahardika
ghumm3@gmail.com:1b2345b6789
gumcia48@gmail.com:Wzmacniacz48
zezo.moh.kju25456@gmail.com:ok|mnbvcxzzxcvbnm
kmilonano@gmail.com:juanemo666
brianpee3@gmail.com:Lols18$$
pjay47721@gmail.com:p@$$w0rdpk
salifnealya@gmail.com:nealya@2014
tiago931912@gmail.com:tecladista
setumismosetudios@gmail.com:Agustina11.
cuentaparaventa100@gmail.com:Onlypajas1/
micene.dominique@gmail.com:Fourmi13+
athmanimarie@gmail.com:Britney11@
kandidencounters@gmail.com:Karmyn123
josemiguelserranolopez348@gmail.com:Nequi321
lucaszanina456@gmail.com:melemeg123789
2022leoboy@gmail.com:Leoboy@2022
pro-diego@hotmail.com:455031990piloto
urjrjnrnrnrj@gmail.com:NCt-A!B)P2Agz*4
dr.heydar@mail.ruwe:asdfgh_6548
oadcanon@gmail.com:D@okan0nsex999
prive.ziwix04@gmail.com:*ZiWix54*
dpavelj@hotmail.com:Locolatu567
ronaldosmacedo171@gmail.com:(CL4Xpfc/%_jjQ5
gianggiang719@gmail.com:hicoollutngo
s.p.d.o.w2452016@gmail.com:Mewadke12
aviao747200@gmail.com:f.e.a.r3
manishkepapa@hi2.in:Deepak@123
matej.dvorak@pivovarska.cz:@_@@pf7oll1h5
emayejames@gmail.com:victor71006
ethankrautz@gmail.com:zx23cv45
decent30@gmail.com:Pass2020
karimstar101@gmail.com:045250892312369
mikikotai42@gmail.com:mikikotai1992
feliperauber105@gmail.com:#fC,6sAmmNGVA(h
minhtuanhoang251007@gmail.com:xvideos251007
ertan34343434@yahoo.com:ea2505ae
chloericard64@gmail.com:Steffy2021
ianwaynegura@gmail.com:Md4Q&y@6wd@GgZ%
yourblackstallionof@gmail.com:Noyolobreh69!
www.saraaa345@gmail.com:mklpo099
simaoalvianol@gmail.com:Alvianolindo01
pslow09@gmail.com:p092913L
rrxxjjse22856@gmail.com:Aa123456
wedilei.pipo@hotmail.com:33255453Pipo
jamrokka@googlemail.com:jamaica1982
urrutianeyder002@gmail.com:Neyder12345678910
redandsweetcandy@gmail.com:Alebello66
goodboiofficial1@gmail.com:WbRPWP6MQ7hfj!U
egarcia.cinspira@gmail.com:Edgardo122!!
jkag16@gmail.com:973398570
bomillarg@gmail.com:JPMonsal89.
jutsaybing@gmail.com:Tybryllety9379
ramonaguero0@gmail.com:rdja37467904
marvineodera108@gmail.com:merlintourec
juandarc558@gmail.com:12345678
cremagaming4@gmail.com:pornhub.com
biomedicogio@gmail.com:gio110420@
apcortes97@gmail.com:Parlante.01
famalouka@hotmail.com:malakiman
xxfazesnakexx@gmail.com:en)C_/U)6'@EyM*
pphestars@yahoo.com:fabulous
trungkha3tp@gmail.com:Dragonsmall95
t1catv409@gmail.com:johnny@0803
meenanithu0@gmail.com:yuv12345
angelovpetur993@gmail.com:Yavjroi98
jomqz74@gmail.com:jose741218
cpl4fun3426@gmail.com:P@ssw0rd
grimreaperdragon@gmail.com:BIBBSno01
nhadyirrrr@gmail.com:H223236198822h
uruplayer510@gmail.com:cqa17109
dagukuku23332@gmail.com:kendariandonohu23
demunsterm@gmail.com:mdm0009
wahyuoktaviansyah01@gmail.com:Xenoverse
bcgivo16@gmail.com:mypadu321
screamingpanda42@gmail.com:Zaphod422!
www.invictus1232@gmail.com:3,1415926535
ddok6@qq.com:abcd-1234
mmarcussh@gmail.com:310393maxich
xionggurenmeii8@gmail.com:bb951123
joshankrah1@gmail.com:eyiram,2007
yaknotukka@vusra.com:Azer1333#
archivos.jheyson@gmail.com:7pNDSv73pd!Kc6D
daniellegal612@gmail.com:LEGAL123
hamadouchefarouksoltane@gmail.com:hamadouchefarouksoltane
federico_badoo@hotmail.com:42359268
luchadev1@gmail.com:Athena1
fer68729@gmail.com:Fiodamacaca03
eaydil@yahoo.com:ert123456
anon_elregreso@hotmail.com:vega2491
smyyabwalfdl8@gmail.com:sex140014001400
felipetognocchi@gmail.com:81328928edilpe
kingzf59@gmail.com:Yumyum68bas
knodat55@gmail.com:javon55knodat
boyxbellect@gmail.com:Giorgio1978.
ruberconxa@gmail.com:riguerit3
guillermoajj@gmail.com:10202802memo
rodrigoramoshdez@gmail.com:rodrix07
ponay169@gmail.com:G8+pU+!F&L5xJWn
barnabaelias@gmail.com:123098barnaba
kunjiolsha123@gmail.com:kunjiolsha123
yulgang.maxit2@gmail.com:Max$2539
ridayoy33@gmail.com:hRiDaY7979@
the.babadook@outlook.com.gr:C4ERX_8kabwPTL-
deboradebordera@hotmail.cm:gogole78??
fernandosantos1202@gmail.com:Pepeynaty22
rivaldi.saghara2402@gmail.com:rival2402
ckpfkaet3t5pfsu@gmail.com:yMmPWJU2!c2s!Hu
med553619@gmail.com:vivabadoo
naybellchay03@gmail.com:Naybell20
joseravanales134@gmail.com:Mipcgamer34
arilove.peru@outloo.com:AriLove123
kandidencounters@gmail.com:Schitz0$$
mhmd.m.r.k.w.77@gmail.com:1234567890QAZ*wsx
champion00728@gmail.com:mercancia
catsaac@hotmail.com:Comida.com1
gersonmedezm@gmail.com:*Yeimer01
ana4ko89@abv.bg:7qS@vvDTBbKU0KU#a!WI
dianalovevip@gmail.com:Cat12345
maurorafax@gmail.com:h$_24iNHa*rj6Sw
anushkaanish91@gmail.com:12345riya12345
robcorin@tin.it:i@T_m#eLN.im48F
sadique.saif786@gmail.com:Abcd@1234
tango190320192019@gmail.com:19juin2011
mdrakibulhoquesami@gmail.com:0171Rk@sami#
darlisdeseco27@gmail.com:Darlis27
ricksanchez39313@gmail.com:Sanchez39313
mahsaazkaraj@gmail.com:mehran1393
dion.kerschbaumer@outlook.com:Dion2008!
mrhacsrr@gmail.com:ayush2008@
mbutsdota2@gmail.com:cukdus1q2w3e
visalroyd@gmail.com:8420335114sudeep
cabanilladonoso2.1informatica@gmail.com:joshy1995
oliverbergseth2@gmail.com:Aukan123
paulken2508@gmail.com:Orapronobis
r.errafai.badoo3@gmail.com:vxy0.0()PRkYYx
kakaozil.ko8@gmail.com:aloevera@8
shaw7787@gmail.com:Fuck123456
rakibul.ts.islam@gmail.com:7416000992
sksifatk0@gmail.com:SIFAT12KHAN
arturn73@gmail.com:Bund@loca2020
jlgruizdiaz@gmail.com:JLG.250388
sentinela.prime22@gmail.com:S@sentinada
msouder@aig.com:YydZ7EY8x2mvB
jandohmen3103@gmail.com:-Xpxqxpxq1
memo60502@gmail.com:muntadher@@90m
jovcaris@gmail.com:220309Jj.
luizinhodark@gmail.com:lc81161134
kevinreynagaflores2022@gmail.com:Familia1020
havlikosadam@gmail.com:Havadamek1*
snail.2229@gmail.com:Isabella111
crema_sanmarcos@hotmail.com:Piloto123
yewetar528@paxven.com:47640116Officier
playtrops3@gmail.com:teixeira486
joseluisra.1q@gmail.com:Lionventas16
fjfjtkc@gmai.com:RhsPm53.xBMvnz9
morgana.fones@blackrock.com:7kk7EhqWdC14Pk
elianny1810@gmail.com:14525112
nathanchhour9@gmail.com:Anime4201
vikalifornia@gmail.com:qwerty123456
donleonxj48@gmail.com:08160969846
chbteodoro34@gmail.com:su06082013su
secret.ice@hotmail.co.jp:i4c2e3ice
hiu4342@gmail.com:FtA-Ex9kbMsqt9A
zhilver10@gmail.com:Gabriel98
huzaif123@gmail.com:uKhG@GfnG9t.ddG
juandavid1111195807@gmail.com:1111195807
hiqenyqa@tutuapp.bid:Suricata321
noeliarmardeajo@hotmail.com:Noelia1977
paximperia@web.de:pimmel222!
parkwebict@gmail.com:TuupjeNL@1986NL
oliveraukan37@gmail.com:Aukan123
shaw9657@gmail.com:Sookimhwa7787
samirroy024@gmail.com:ILUMOM@@
punyaphat0304@gmail.com:963258741xD
lukipro17elp@gmail.com:LUKIPRO171997
dhanacell8984@gmail.com:indonesia01
frosboyfrosboy@gmail.com:Adivina10
gallethinobrocolin010@gmail.com:15dediciembre
lamiyastudio2022@gmail.com:s9PQU(t$y9N*#Vb
leo-cordeiro09@hotmail.com:mistertrool191200
juaabril2004@gmail.com:1027400450/Jp
giustirifkih86@gmail.com:Buih9000
rserre@murphyusa.com:w03OjPLJgbi
duglasemo@gmail.com:70379541
fcldorock@gmail.com:t123f321Q
jarthursj@gmail.com:Lisboa2007
julio891cesar@gmail.com:145066332211
edward_scott_kennedy@hotmail.com:ed220984
ejniezlacipa@gmail.com:Hujeczek55
mirko.chiari94@gmail.com:@10KYANUReeves94!
gerikaw221@dukeoo.com:80041234@#
giramenu8@gmail.com:rlzdichava227fR
mapinganming983@gmail.com:bb951123
razuroy2055@gmail.com:kathmandu
paseka11@email.cze:X9.hWJU3.wqgxNC
tropical552014@gmail.com:Carmen2014
hugoraulnokia@gmail.com:HugoRaul1981
kiarashkhani301@gmail.com:kiarash1234l
robcorin@tin.it:SN5txxTn@AtAyTr
kwakusalim2020@gmail.com:.$n$e!bVk2bnA!6
pioneerdjmixer2003@gmail.com:PIONEERVIRTUALDJ@
i.am.osmium@gmail.com:!e6sQJU#%Wrdgct
vitorsodoma123@gmail.com:Vitor662
schafelende@googlemail.com:dante13-
furkanylz82@gmail.com:(Furkanylz82)
rtzinngrota@gmail.com:24654425
sitholecharles01@gmail.com:2580@Jak
gungalamasyon4@gmail.com:Hastag123?
yolanoglez@gmail.com:TVkLJxg7tDPKsfQ
b3202132@gmail.com:dTBkPo_msTg3PLY
mattcedd06@gmail.com:Melancholy0606*
freelancefari@gmail.com:4321dsaewq
fernandogeema@gmail.com:X5w4RqfBMUZSVdC
brunamoraessm@gmail.com:R49Sh&Y8t6P+.vY
mhm200725@gmail.com:g3pIsLYXaN$XPYT
kennysanzy131@gmail.com:Sanzy1472
deliciasdovalealegrete@gmail.com:91595971
onana4304@gmail.com:moncompte2345
bokolink93@gmail.com:Linkboko9100
mamadou2018@gmail.com:705029301
thegamekeita33@gmail.com:keita1234
mohanex.com@gmail.com:2020.com
jamblon262@gmail.com:345678912
barryishorny@hotmail.com:99Myrrab@
christianhorch@firestore.pl:3-cX8,yG_y2hz5@
jasonkhan@outlook.com:jasonkhan01
susk5695@gmail.com:8_Bn.$B3+yHEKRz
ernestodcuevas@outlook.com:gablizjo927262
rockxbox0@gmail.com:123Letsstart
mclementk2@gmail.com:6qe.WB4Ht&/,n
nahuelyrrutio@hot.com:starco19
usamasaimkhalid@gmail.com:Pakistan141947
francoislion@hotmail.com:BidouillaxFod147
frenesys_199779@hotmail.com:vhQ$2+b8T9&H#!d
vietanh62@gmail.com:nguyentao1891
nv6069100@gmail.com:Kellysurf08
debopriyoghosal64@gmail.com:debopriyoghosal
thatshofreak23@gmail.com:Abilene325$
hamzehothman8@gmail.com:hamza123456
ccvamiiririirir@proton.me:Teddy357$@&
litwinin93@gmail.com:LaD?j7tKsyfUH_j
whitfieldlens80@gmail.com:Olamide88
cuocsongmuonmau1108@gmail.com:12345678a@
bzumbzumblabla@gmail.com:a%Wjm9=i+L4)(WD
jaafar12121212@gmail.com:_a7kqvm1rj.q1
jaimeduardoreyesjr@gmail.com:Eduardojr1234
cheewan68@hotmail.com:25163290
gillespiebeng@gmail.com:Lekpgpro@12
oku511663@gmail.com:Paramore27*
dtdtdt@gmail.com:1234567890
www.joeldextro@email.com:6.231023
joxes91@gmail.com:987654321
ccackyte@gmail.com:Nada12345
dudutelady9@gmail.com:duduteladi14ani
blancodelwapsas@hotmail.com:Blanco54140694
hashtofficial@gmail.com:sara*85
francisndjanpa@icloud.com:Kiadjeub(10)
cudem1@gmail.com:ajdjdj2003
thatotherguyonpc@gmail.com:6dNhj!gkUkEd@LV
jk7496541@gmail.com:9621069232
luis99gomez@gmail.com:Samanta456
fabrixio2001ds@gmail.com:santana4608
kudzaibinha@gmail.com:Kudzie12
jodetemrd46@gmail.com:thewillyrex2019
massimobassai@libero.it:bassaidai33
kahverengi.2008@icloud.com:Kalpsiz16Bs*
djdjfjdjwjjs@gmail.com:disjsjdj1237?
henrychaves007@gmail.com:Henryemykatia007
tv_mishka@outlook.com:2fdglC1w123$
games.guieler1@gmail.com:gui280402
preetindermehra06@gmail.com:Prabhjeet$2016
ibnualif33@yahoo.com:komputer123
bstewart032181@gmail.com:Par@0722
sezookendi@gmail.com:Sezoiyiki
ffontaniesrouco@gmail.com:Faaa91090422308.@@@@#
ordetoi@gmail.com:s_z6N4DbqRj-X@v
g9417696676@gmail.com:Jatinder2@
vx3699@gmail.com:3699*3699
robiul42048@gmail.com:_NQNhh6fqYDK8vw
hrmurad01@gmail.com:EDhatmojNifGiT2
khumbudzo.akha@gmail.com:Akha.@1983
chirn10b2@gmail.com:kakaop@1233
mnchawchaw@gmail.com:qeu44xdi@tqo
fdddsdssd@gmail.com:asdasdasd123123123
laurent.turchetta@ftee.fr:kamikaze71470
peterosagie188@gmail.com:garygoodspee00d
skossakowska345@gmail.com:Daniel2019
wang747594@gmail.com:gL%Gzv5H*c2GTKZ
jcalaveramx@gmail.com:Pixies365
lemaidinhtung@gmail.com:Xjma@MdSn95WgTW
chevezman@yahoo.com:G3n3s1s
duongngocchien2003@gmail.com:ajdjdj2003123
fersaltos46@gmail.com:Elyongobongo2
hafizahmad.babar@arcs.af:Iloveyou@420
basmalahazemhazem@gmail.com:zebi123123
cuthernita@chk.com:VVE0Lsjlnt6Wh
mamaddjavad1382s21@gmail.com:mamadj_1100
arilove.peru@outlook.com:AriLove123
parham@safirtelecom.com:pinkfloyd24
ybngabrielsworlds@gmail.com:lilself09
ruangwara@gmail.com:r0886408187
angellozfaris@gmail.com:ABCD1234
panecok336@edulena.com:VzHE22cG?GDBK@/
rashpalkalsi98@yahoo.in:dara2123
robbert258@gmail.com:hzs19960120
ihebmrabet93@gmail.com:ihebmr7000@
labowie11@gmail.com:notunoZ1234
josedorimar57@gmail.com:esojramirod2753
ituyasrajaf@gmail.com:rxTt3fHexR#$bSQ
isphoto27121998@gmail.com:27121998ivan
melvinulukyanan19@gmail.com:201955201045
kbekeer@gmail.com:Kbekeer2023
gilvanf8@gmail.com:gilvanpp0285
zhirov.oleg.igorevich@gmail.com:ghbdtnBro
emensleonel3@gmail.com:_!mXt.KV,*iaN4S
pytpublication@gmail.com:Ekqulp33n
arzzmnfrd@gmail.com:Arzzmnfrd138q
mabblel725@gmail.com:jj521a52122
dododino2019@gmail.com:@l@@dino2018
klote82@gmail.com:L1nux82!
waqas1510@gmail.com:15101974waq
finosenores856@gmail.com:jhddjhhddhdmsshe,jieksk
zaar.ayoub@gmail.com:30078900
koli_vs@live.com.com:096051091A
william.arias5447@yahoo.com:Wfag5447
jonas.havinga050@gmail.com:Sjonnie5
riuji_igamato@hotmail.com:Igakiang1
renatofalanque32@gmail.comi:15ka16ta10re
robertodasilva.marcio@gmail.com:88195052marcioroberto
joseguilhermecavalin2012@gmail.com:16112004kJ
hkher@intlfcstone.com:sn5lwI7HoQN6SJO
asadzeerak50@gmail.com:Rpakistan@1
andrescanserbero1206@gmail.com:piter1206We
lyphuongngoc2861989@gmail.com:abc123456789
batuhanodabas92@gmail.com:A@!WYgpw.&-6YKc
martinka0405@gmail.com:66850085M
victor.pedreros@estudiantesunibague.edu.co:@Matematicass2.4
pytarhan@gmail.com:Poyraz2007
losmer_bra@hotmail.com.pe:losdelbarrio123456
yoelsacarias17@yahoo.com:Bartolomeo123
jdvla1120mega@gmail.com:galaxys7EDGE
elimora.3328@gmail.com:Qwe987123.Noa10.02
pierremerlina@starbucks.com:znr8AoOn0Qc3d6
maikelperez5039@gmail.com:Axelzmk12
debuck288@gmail.com:aYx?E(RwQdnm!&9
luiz141105@gmail.com:141105luiz
molazyloser@gmail.com:Mr342292157.
razyel2003@yahoo.com.br:guigo253434R
www.edwinchukwuemeka12@gmail.com:nikitaeguare
britneylongxxx@gmail.com:Britney234
fauzanatc11@gmail.com:ojhanajh11
thabodjtouch@gmail.com:Jack1804!
lukasrc78@gmail.com:lucasrc78
wa7eed8999@hotmail.com:a0501503661
katielala911@gmail.com:suscribeteydalelike1!Q
jucero58@gmail.com:34567890
molazyloser@gmail.com:Mr667260.
pashamardan@gmail.com:Andypasha022406
kimo.jali@gmail.com:Mandi1305
jelep68098@ikanid.com:Iqra@123
patitoking41@gmail.com:pL8h#RTd.!kk#$A
krek_292@yahoo.com:Syenke7
sagheertarar123@gmail.com:Sagheer@123
guilhermecruzmodelo@gmail.com:gio110420
milagrossufia8@gmail.com:Onlyfans2023
wessexstore@gmail.com:imperiosempreataca@
christofer9864@gmail.com:Joao9864
surasit.siri@gmail.com:as115030411
ashtonjtimothy@gmail.com:19980721
ojhonmathias@gmail.com:jhonmathias12345
noeliafigueredo0402@gmail.com:Jose040218
decier78@gmail.com:Decier1403?
timozenmate@gmail.com:*Master123
jatinder.malik29@gmail.com:vamsi123
farancisafonape9@gmail.com:9916331O
gurpreetdeol0@gmail.com:deol1993
capitomey1258456522166654@gmail.com:697171829er
ronaldenrriqueav@gmail.comi:ronaldreav
jojosoumo@gmail.com:rajaanup
zfu3qbsjez@superblohey.com:Suricata321
rjhm1999@gmail.com:369852123aA
joshi1805@hotmail.com:b5,8rcHwFCZJe6L
cific.fernandonannini@gmail.com:35220859fer
shadowatcher0.3@gmail.com:3gG5AD?swQqR-,G
cymaraloura@outlook.pt:simonesimone
facuyea@gmail.com:4Spiderman4
nandex@gmail.con:passaccountfornandexxx.
rytis8888@gmail.com:H2JKSgccxmX4V
cseverinovega@gmail.com:cuentagratis
josef.cervinka14789@gmail.com:lama12345CZ
dakotarob769@gmail.com:Dakota09262006?
dikaw4982@gmail.com:WahyuDika123
wilhinhaa16@gmail.com:98751485
rhadamantis782@libero.it:akyra19782002
oscarsaw09@gmail.com:Q-k7HN@MA@!2xGs
rjvanderuit@gmail.com:ruQtof-nebmyz-5boswi
pelle_larsson@live.se:P3masvd3
heredevil85@gmail.com:THh2qRXQU__Q!hz
tarjetas_de_credito@outlook.com:Madrid123
phaludisbuda@gmail.com:0780873052
bbmbias4@gmail.com:jombang123
anupamf444@gmail.com:Ifuckindonesian
ninjafrettchen@gmail.com:LinkinSpam
michaelhatten1771@gmail.com:pooukl21
samanthanafujoshi@gmail.com:Nyanyadesune
onlyfansdaphnemuller@gmail.com:Negocio_1
dopiyo1506@picdv.com:HnUKfcs)z$keWf7
pallobdhali59707@gmail.com:pallobpallob
laylamapeka0@gmail.com:PA8Cq#iXczPv?QX
ali.alduais@hotmail.com:Pornisgreat4ever*
fatkllergordo@gmail.com:eerm230809
fowobajemath9@gmail.com:Alabaman@1
edwinedisonlopezmunoz@gmail.com:1345678
discob0lul1978@gmail.com:pisicherul
imyourjoyi02@gmail.com:8Gn($aHF9pc_55v
marce17-12@hotmail.com:1Contrasena*
eamedzakey@gmail.com:P9@kEaH3w9!R@Jk
ma0340510@gmail.com:Ali786...
letarsier@hotmail.fr:alphaomega1
deboracfotos@gmail.com:Uea@2023
fowobajemath9@gmail.com:@fowobajemath9
mitchelink@hotmail.com:Link02061991
joanamil165@gmail.com:Pornkrieg45
olahmiki83@gmail.com:1998Miklos
ipekoglu@msn.com:AGXipekxxy1
pgame6059@gmail.com:Play3game
kestenhermione@sears.com:1kwHCZI6h7osvxg
nitecgames57@gmail.com:educatedy2004
sadnessdark703@gmail.com:dark59682500
qxrpy98383@kitiva.com:Casa.1234
flaviofilipe2020@hotmail.com:paugrandE11--
lilxxskye@gmail.com:Beard2006
1e9807b810@boxmail.lol:Tocayo9
tanadamentelindo_@gmail.com:H-_r9n_Rf.xFiWP
sexodinero4@gmail.com:molliypercose12345
thelifeofruben@gmail.com:Je2548386
nongking25483000@gmail.com:ghfhtgbang01
m.bahar.shirdel@gmail.com:MMs137156
waltersempape1@gmail.com:ELSHARAAWY@45
m3t4gr0und@gmail.com:Barbakhan1
omariffcl@gmail.com:Aakkaakk11.
maus82@gmail.com:Malaga1982!
dedewislah@yahoo.com:deraisex19
tomytoscano89@gmail.com:Toto0909
maniixsqueeze@gmail.com:Hardproductions
gmaiachato3@gmail.com:GabriellI1.
ariabelenparra1986@gmail.com:Belen86*
subhodebnath0450@gmail.com:Subho@2021
mateovianomontenove@gmail.com:viano2305
capitomey1258456652166654@gmail.com:697171829er6
marstono@yahoo.com:sadler56
smab.shahg@yahoo.com:ar00jkhan
joey.gustovich@molinahealthcare.com:2pnpuVL1ofVEgmG
johnjoshuapeace2@gmail.com:oluwatosin1616
onlyfeetcute@hotmail.com:TUTSYPOP13
vikilopez16@gmail.com:vikilopez2015
huizehinzy@gmail.com:glapro50
bdemny@sherwin-williams.com:8vQq62kcI7
arisuryadiip@gmail.com:123456as121995
los3amilokos@gmail.com:20022421212Da
m.aicol123@hotmail.es:marco2266
siqueirajorge998@gmail.com:14234aA535%%@@
gordinhocorrendo@gmail.com:hades7890
nedenkagutierrez@gmail.com:rubegetta
sankalp.maurya220@gmail.com:!rXbYspF8uKUuq2
fer_chore@hotmail.com:Ferferfersk8614
klimaszewskijosee@gm.com:Cwu01T4hr6
centraldecomecioca@gmail.com:Nada1619
xddneryxx@hotmail.com:Hummerh123#
riyyadxharker03@gmail.com:allahallah
willyancmoraes@gmail.com:Enterinxvideos92@
muslimgg20@gmail.com:1122334455Avv
mohamedhusseinpro@gmail.com:@Mohussein01095005652
liocerna641@gmail.com:Lionzn.16
rajneeshgarg1986@gmail.com:user@0918
carlospatineo474@gmail.com:carlos2006
ruvinsilava@gmail.com:ruvin@205
lolo2lolo@gmai.com:lolololo2314
cremagaming8@gmail.com:pornhub.com
anisarsumcomel@gmail.com:"ZQjQh@,k!82fQy
dunkahiga@gmail.com:dirtyme1
dfggjukjh@gmail.com:"didp)")
cs0968770902@gmail.com:@Shun-1976
drday1976@yahoo.com.vn:AaylAnh81
joaquinquiroga130@gmail.com:eqT)@6MQ85Gw&)6
kkkhan654@gmail.com:BtqxCN8a'Z/@Wi8
bronselaer76@gmail.com:aLXaiVmgkchnY2F
albertojuarez237@gmail.com:Juarez23
malakali112000@gmail.com:6p,2ju"M$*,jKWz
larryjuniorpezo@gmail.com:1234laremix456
chamsouudz@gmail.com:az123456789
joanagoma@gmail.com:Goma1957.
ka.lfk202020@gmail.com:XnX2002*?
miguelalejandromerlo09@gmail.com:gorrafenix
zorrothakilla33@gmail.com:stef091212
sitthy@yahoo.com:RTG92!av5XVideos713
olive21chan@gmail.com:150789ryo
mahmmouydd5@gmail.com:td.bd7hc.oqs
thiagobonfim73@gmail.com:123654987z
xionggurennei8@gmail.com:bb951123
galozamajo@gmail.com:Comemelaconchita82
j.m.v_@hotmail.com:juanki13081990
leonardogomez0702@gmail.com:L3022453238
the.marinos@hotmail.com:Mcdermott2026
marvineodera108@gmail.com:merlintourec
fuderusfude@gmail.com:Ranger@1998
joaquin.canton23@gmail.com:Joako1212
imtiyaazrinquest30@gmail.com:Boeboe30
ppkrrxqz@hldrive.com:38654177
margarita.proksch@omnicomgroup.com:5JOqmq6WhIVpf
antonio.sena.aura@gmail.com:Rastaman13#z
xxxenigmaxxx77@gmail.com:7N6D,p39BD4awcx
d_jackson90@hotmail.com:ML350mdx!
bayuconstantine@yahoo.com:constantine
colinesmarry294@gmail.com:Religion123
emmawhitemodelll@gmail.com:Dog12345
wellingtonjr@globomail.com:Trouxa19
luisnorge.vila1992@gmail.com:Minerva92022826749.
viktorvolkov270297@gmail.com:flamins290916
mushu250@gmail.com:iyigan12334
larosadepetra@gmail.com:Boton77!
sadiyashaikh306910@gmail.com:S@jid306910
infinity50games@gmail.com:papafrita123
shayabusa8@gmail.com:samrat2004hayabusa1340
nilovec589@hdmup.com:Regalo1234
el_ma_chingon@hotmail.es:fAR$8(!tvm#FbaU
mrabtifadi3@gmail.com:H"yzJPr"/35h3z+
midoelbitar229@gmail.com:moody123$
nikosnadlonek@gmail.com:Byjlon12
georgenikolaishvili3@gmail.com:Nuzikoko1
sofia999fernandez@gmail.com:1710matias
ttmissnova@gmail.com:Tina1525
alfredsarra6@gmail.com:sarrajuniorM1993
diablos1234@gmail.com:LILADJUNAIHA1234
rosadodominick666@gmail.com:dom1005,.
truefrost35@googlemail.com:Jokacardz101
limalexy50@gmail.com:854927Lexy@@
surbhijyoti538@gmail.com:surbhi12345jyoti
canalalbuquerque2017@gmail.com:rozz2436?
eaindraniel9699@gmail.com:eaindra959697
mrashraf31500@gmail.com:Ash@05@ettalb
kevinxd952@gmail.com:kevin123
samueldavid9292@gmail.com:Greatness9292
upt.taxe@gmail.com:Anythin6
osriaz.klg@gmail.com:dimmuborgir066
roger@scalacap.com:Juve102!
tenshi_niji@hotmail.com:McSoft2636
chienchinase@gmail.com:ajdjdj2003
cherryhallmodel@gmail.com:Cherryhall2024
izael405@hmail.com:duduca19811
yehewek738@kaftee.com:D9ZCfT2Z@6#.EMq
thouficahmed07@gmail.com:Thou1234
konmalumnai@gmail.com:8431361313Syed
tanakanoie7744@gmail.com:A929u7ar
saksbsb@gmail.com:hujiankaubangsat
nour.white1@gmail.com:merji2001$
rbyithfc0008@gmail.com:0714628984
dohkwami21@gmail.com:@goldenking21
harrypower119@gmail.com:Harry5358958#
the.babadook@outlook.com.gr:Gianis@698
jhefrychilon@gmail.com:0801jcd@Pejesapo
chenguomin202106@126.com:Min19940325
ignaciovalentincoserferreyra@gmail.com:ignaciocoser2003
rp999866@gmail.com:bughatiacar
lantonio892@gmail.com:tonnylima
manu.luvas@hotmail.com:Milf2022.
eevee.aldo22@gmail.com:Casanova22021998
bruna_pohlvora@hotmail.com:Bessie007
je2_uun@yahoo.co.id:samsunG03
augustamesmodel@gmail.com:fuckyoufag123!
mdmahadihassansaad123@gmail.com:Mehedi471074
wozamajj@hotmail.com:Junior99
luz_0909@outlook.fr:luzgargaTe09
mabs0008@gmail.com:Mabs12345
smailfanboy@gmail.com:Mouhm1975
vladimir.paldus370@gmail.com:20102006
niskichoudhury@gmail.com:w*zV82FAJFd/Hz+
turamirez94@gmail.com:Gabi1994
ninjatv3319@gmail.com:Kambata!02
osmanchoque2@gmail.com:1234567
mathiasgorena12@gmail.com:G4TnUbj4HXw6WL.
kianilyrosado17@gmail.com:Kianily9
bigm7276@gmail.com:45303861
da-k1@live.com:cavernet
nik.balaban007@gmail.com:Tv8UeXqUt$Eu$Lh
chimlambei@gmail.com:inno*cent2
pekobbandar398@gmail.com:tojari202
festre@gmail.com:XgCLD4BXkakLdCG
roneylucas@gmail.com:rla020823
ivanspiegel99@gmail.com:carlonchofp31
rjshagorhasan@gmail.com:rjshagor
prasadvishnu806@gmial.com:9611996236
sushant.exl27@gmail.com:Gixxer@155
zezakori@gmail.com:MusseTand22!!
mayko.yanne14@gmail.com:maykonyanne2016
leenamohannad2021@gmail.com:$Mylove1980
kevinmiler46@gmail.com:france32
matz.archi@gmail.com:Gvd$2P_TqQ+)S2s
squadmask04@gmail.com:sevA0609
francoisduggan1@gmail.com:France111
beautifulmill30@gmail.com:+@Qk&#sy9s6JHX$
jiok98r@gmail.com:oiukujyhgfhji87766
kguapod63@gmail.com:Klk7788
luisdavidzapata1998@gmail.com:Amaris2022
simplylimitlessjr@gmail.com:2020Raindrops$
lucasroldan19902915@gmail.com:37097117
luisyaguachi1986@gmail.com:W#tn6tNgryN$.@F
milliyonmulugeta1987@gmail.com:Milli@pass123
mjanleu@gmail.com:loco2018
bbobbyybuilder89@gmail.com:123Home123!
jaimemarcacardenas2000@gmail.com:30demayodel2000
lohipu@acrossgracealley.com:lohipu@acrossgracealley.com
simplylimitlessc@gmail.com:2020Raindrops$
konmalumnai@gmail.com:Syed8431361313
bankspctech500@gmail.com:blaze50M
faravenagaete@gmail.com:thewarmachine88
thiagotsao@hotmail.com:batata123
masterhacking339@gmail.com:rY(*9Khup4$,TDG
djnuynuy@hotmail.com:nuynuy1519079389
slekktt@gmail.com:.JZYXRh!!be3!tG
wgauwga@gmail.com:V&6W6_VaL&eX6E3
wwwhamzadz27@gmail.com:675743535.Dz
ibraimojoaquim@gmail.com:Meninomimado]
marcelinocorona33@gmail.com:Toshca123
mavdsandt@gmail.com:Malaga1982!y
sexyboy@gmail.com:Z6m@RTyZsVuF4Qb
cristianledea5@gmail.com:Cristian2020
chbteodoro37@gmail.com:@05160613su
xnxxmed32@gmail.com:AB2623186
mistresable@gmail.com:zUB3WAv2viXh*9a
saitama030192@gmail.com:Px6AhcHW2bu5Wqd
vartu369@gmail.com:vartolo48
chakal6000@gmail.com:Galeno78
nandoselzler.com@gmail.com:felipao
m7jica9083@gmail.com:[2OT_SAVE22
rokvilla@yahoo.com:GatoPerro77
hamid.movahedi5889@gmail.com:hamid130911
hardproductions7@gmail.com:Rosariosebastiao1
r.errafai.badoo9@gmail.com:%AX9s2{c
freider17pro@gmail.com:navas31
calidocospiososa@gmail.com:23336344maximo
roberthiu2015@gmail.com:xn20246988
2154269363@qq.com:bobo9520
brandonrocabadool@gmail.com:ARgentina233.-
fahmazzhh1512@gmail.com:t3hg3l4s
sethflake152@gmail.com:Amber152.
mehrshad198@gmail.com:5p64g49
oratilwelengana06@gmail.com:@Prada17
michaelacommittie@gmail.com:Shelli10131!
vicedburcer@gmail.com:Sabina123
wajavi10@gmail.com:_NelPeace1
mistedespe@vusra.com:Randybryan00
cdklpasrecords@gmail.com:Dj44dj4499
mahmudul0543@gmail.com:17347775
xxxenigmaxxx@hotmail.com:Ropero1234#
peelclayton@gmail.com:Woub@1823!
sookimhwa6363@gmail.com:Shaw7787
sgtkareemkamaldeen@gmail.com:Oluwakay18
jason.guilhardi@gmail.com:AezaKmi2506
madushanka.visa@gmail.com:mfSiX#&_68Py*m4
the.babadook@outlook.com.gr:Annabelle1980
khalodsarhan@gmail.com:0166763846
omaemma042@gmail.com:33KpzLU@Fxq2QLL
batatazinha07@gmail.com:loveyou2
irvan12879@gmail.com:Ferusa12879
miguelxxx277@gmail.com:huanca420M
mrlvs888@gmail.com:supermario
confusedmind2@gmail.com:BUdmhzHy?d/nk3*
phenixmedhat@gmail.com:Immortal.c245
hderasoudenar@gmail.com:Bardotk1993
iury334@gmail.com:12345678
izael405@hotmail.com:duduca1981
yvonned96@hotmail.com:@Rambo1973
hackerir19@gmail.com:M0osibat70
hugty9@gmail.com:l35tvhq.4t9gr
xxx.intothedeep.xxx@gmail.com:MyOnlyFansPass.1981
thatsmuwork@gmail.com:1234567890kickerass
smab.shahg@gmail.com:Ar00jkhan
dedheko@gmail.com:lucky06
sony14ts@gmail.com:Sony14ts
hackeralferi.ssqk@gmail.com:Awoyemi1996
dineshkanishkar20@gmail.com:rawinswwe
francesco.fls78@gmail.com:kekko2514..
riveraramirezjoshua@gmai.com:joshua280505
mex65er@gmail.com:rock6969
thanatos78@virgilio.it:alessandro201978
gap_tuyet_mua_dong@yahoo.com.vn:sa0ph4is0an
venomist456@gmail.com:v1d4l0ka
fogoso_999@hotmail.com:x100pre+69
freddysuarez02@gmail.com:Boligrafonegro.26
youshaibgill20@gmail.com:@danidaniels20
ri2112874@gmail.com:fZvb3#_vzCJL8Z!
lorenzottipaypal@gmail.com:Pepetto1998
turnquistfloria@xpo.com:vqLKKNCfzzf09
mr.angell249@gmail.com:kilianbrais
danielkurt21@hotmail.com:C@micami8027.
longlastinggun@gmail.com:MonkLock2383
mh03015899@gmail.com:45454565@
brandonrocabadooli@gmail.com:Argentina233
lukeny300@e-mail.com:Lukeny321
deaahamam91@gmail.com:NUB@1191
aqxxxxxxxxxxpa@gmail.com:Apichat0929018801a
razenbarzanji3@gmail.com:_y74edcootosp
geoflip04@hotmail.com:Hallo1234gg
morteza.zeus@gmail.com:nahaiat
fuderusfude@gmail.com:Ranger1998
gutemberg_filipe@hotmail.com:Guto2502
mohamedalaa01045@gmail.com:z/MSGsYi5hjtKGV
yamilegg01@gmail.com:Miabnerdelcarpio19972
petros1988___@hotmail.com:Aggelakas1988
nikoszompolae@gmail.com:123456789Nick!
neftali0604@gmail.com:ssn0vf0_mv911i
mano956assis@gmail.co:AmbZGy~G))9dTq#
mendozamoralese944@gmail.com:22824398
mricetea14@gmail.com:3729Agregoire02101999!
suzanymarques985@gmail.com:Lisesuzy123
htetaunghlaing220@gmail.comd:kokohtet123
mkadzimba@gmail.com:juju2016
tafaramasla@gmail.com:204909921tt
murilobento197@gmail.com:muriloh02.
mushu_280@hotmail.com:iyigan1234
raspoteenelmasry@yahoo.com:Avocato_50
hormiga_88@hotmail.com:alfonso
samueltorre122@gmial.com:Otaku133
emclerico@hotmail.com:bosskllbf8fq0
luisalejandrorodriguezcalzada@gmail.com:alex28070456321alex
f_ernando_cds@hotmail.com:534204711a
bluedope@protonmail.com:C0ntrol567
weldson.p.cabral@gmail.com:osuomimimo14
larryjuniorpezo@gmail.com:larex3456
larepepiojito_0660@gmail.com:nahuelferreyra
rosivaniabatista195@gmail.com:PFDKCFg(44eH,,v
xerark8@gmacil.com:Xerark12xx
wangchengjie43@gmail.com:Zshx3@JDA5uycS@
osmanchoquerojas@gmail.com:mis2amores123
mdokmanian37@gmail.com:m4848495434
jamblon262@gmail.com:345678912
isamchajiabeat@gmail.com:datinge2003
yassuspierro@gmail.com:19960702La@
egtescort@gmail.com:Legacy@2010
herdani1654@gmail.com:LuJRe!7zU2!mJ@z
kkjb2000@gmail.com:9167014380
sufyand@gmail.com:askfptuipguthpitfihkthjnoftgp
pelle_larsson@live.se:pemasvde2014
kekyafari@mirai.re:Kou1smith!
dwaynekyle750@gmail.com:12841661
olson142@gmail.com:NotTodayMom999
carlospatineo474@gail.com:gargola2000
noriwinderney@gmail.com:v-26G)&jMV35yJ&
etihadfund@gmail.com:123sex456
2182062209@comunimex.edu.mx:Blackmore17
benjaminsmulo123@gmail.com:6701246462
osmeloliveravargas@gmail.com:germany00
luis.eduardo.astete@gmail.com:Dark2607@
santiagomateo2905@gmail.com:42632856
nameisoxygen@gmail.com:xOxyGen2135
dinei3993@gmail.com:30403040beto
tqs2511185443@gmail.com:tqs960126ZYJ
jeronhufana@yahoo.com:killurask
quikeazul13@gmail.com:0444Kike
divaychugh1607@gmail.com:Z62pT7VzMCwSLk5
berniche.ngoma1997@gmail.com:pq8J25w7THFLNGV
p.a.barnabe@gmail.com:Leabarnabe12
samimuddin52@gmail.com:samimlaskar788161
iixxpoliciafederalxxii@gmail.com:29Deagosto1
edwinpleitez24@gmail.com:Sjonnie5
mrbrookz53@gmail.com:2020Raindrops
vhmgc65@gmail.com:Mani@0967
katabola2002@gmail.com:v1moneystudio009
nahuelmolinamaradey@gmail.com:#nahuel#@($:_+#79@!3&
roysle.1379.royale@gmsil.com:091799085077
dinei399@gmail.com:30403040dinei
noahsteiner89@gmail.com:leChacal123
yagiz.civan@yandex.com:Myldrm863300
pawlikus15@gmail.com:Kdz0251q
donramalho@hotmail.com:naotemsenha
maxi.leo.tapia@gmail.com:maxito333
jimitravelsofficial@gmail.com:Universal#1569
nkanyisomakhanya608@gmail.com:Nkanyiso#23
wonzipeppers@gmail.com:Tfjr2SgAq254hCF
mgonzalez123@amnet.cr:mgcd1234
raptum.digital@gmail.com:Limpieza22
nroppot@hotmail.com:penfire159*
tindertinder6@yahoo.com:Atsu@200@
isamchajia@gmail.com:datinge2003
leo-cordeiro09@hotmail.com:Mistertrool191200
cristiano1784@gmail.com:C99165807
drinckus@gmail.com:aspire3002,.
franglaud@gmail.com:chucky360
siiiiiiiib@yahoo.com:21091370**
natty.khum@globalp.com:kEhI2g74
guramakina@gmail.com:Stown8315
shemarbryce@gmail.com:Young$hemflow
laureinekakou0@gmail.com:77595175t
nzuhgfbsfxcygsjdjdtdf@gmail.com:jhygg6u8gbruhy
shakira.badoor1984@gmail.com:badoorfamily1234
mauricetinder@gmail.com:18514787
coder.at.work24@gmail.com:Dyno@1665
travelnation96@gmail.com:Nishant2000
johniquaaaron1@gmail.com:422354875
saedddc@gmail.com:q6*trKCN*nth!NX
nathasinvip22@gmail.com:ytYdfkNy8lXVnER6
vananhfc18062003@gmail.com:AbigaileVanAnh@
jesusxdvillegas@gmail.com:30801006s
piter.obdulian@gmail.com:73047452
umi.hassan.3@gmail.com:Umair523
hidrissa269@gmail.com:Albah81272
ddtivfsqkv@txcct.com:Daniel10293
gold.lion5728@gmail.com:beer1985
orang.gabut.098765@gmail.com:Ti090909
optymist4704@gmail.com:Jebacmatiego123
dnhh2208@gmail.com:maianhden88
gsjjdsg@gmail.com:sdgiad8wqe87te82gd
julio891cesar@gmail.com:145055321
marinkovicrade@ymail.com:srbijabre123.
sananejgf@gmail.com:Aynen3156879826w6161
khaedu008@yahoo.com:Vhudenga008
tundaman120@gmail.com:Ngongingo555
sihemg1974@gmail.com:05547183
dghpablo@hotmail.com:mariobros1230
keweg48021@biohorta.com:qrPbmeGtkr2PQyR
midooomidooo71@yahoo.com:ahmed100AA#
trungkha3tp@gmail.com:Dragonsmall_95
aromaroma1666@yahoo.com:19Alexpoiu0987
gadfadacode@gmail.com:MXVrealestate1017!
kraser9607619@gmail.com:sergo1469
contaopapa@gmail.com:regina1regina
metalxtremegameplay@gmail.com:Darwin2002
zhgaming997@gmail.com:Zairihakimi2005
paulomartinsf@gmail.com:230916luiza
karou_dangerous@outlook.es:30191796La
jamrokka@gmail.com:jamaica1982
lmarco610@gmail.com:Rock121192
gabofierro.o@gmail.com:gabriel98
m3abdehakim@gmail.com:hakim34obbi94
nchxbdjhdbdbdh@gmail.com:car123456
rajsinghniet@gmail.com:Rajupapa@09
sameermistry14@gamil.com:Sameerlove
vickysure212@gmail.com:elmcvicking1
kunanimwalilino001@gmail.com:gezirekunani+18
janemane09@gmail.com:adil786_Ps5
kennysanzy@email.com:Sanzy9977#####
felipebelen38@gmail.com:noris1111
youssefsghairi5@gmail.com:bayouta15
chbteodoro84@gmail.com:06082013su
laxer174@gmail.com:A1A2A3A4A5@
zerizen10@gmail.com:zerizen123454321
palthcino.teo@gmail.com:Zyrek_123
cacingcliquers@gmail.com:Qwerty1234
ytruru546@gmail.com:q123456789p
vicky22216@gmail.com:iamkrish005
kunanikendrick1@gmail.com:gezirekunani+18
ponickspolia@gmail.com:06132002
macgregordorothy@tjx.com:eBCOpos71NzLG3
felipeporto0606@gmail.com:Saomarcos12@
kj789456123@gmail.com:kj789456123
oscarsam040506@gmail.com:adivina10
vorobushek1245@gmail.com:vitamin987
iosijeet@gmail.com:%Dg,Er9mvyPdq,+
moritzsengleitner111@gmail.com:Fickteuch91
chenhaowen19@gmail.com:nR3Z#a73$Y_*id6
ankitcooldude786@gmail.com:Ankit1234
bwjusjsi8opak@gmail.com:nwjskosododkosoiwowpp@((#!"92
jose_jose1237895@hotmail.com:megustas123456789
keafalink@gmail.com:Xenoverse2610
mcherreuvski@gmail.com:Milagros209
sujitdas6785@gmail.com:9775206704
vixojeria@gmail.com:dazaiiteamo28
dilucgoswami@gmail.com:xnxx.com2005
civiccoupe1987@gmail.com:mojitoniki
gwwagner@gmail.com:thU0LxnARQeC4XR4
zeroxun.7@gmail.com:216spo216Bo
rikibruno1@gmail.com:Mayuri1211
ramanbim2078@prime.edu.np:LPUOMLWT@2001-2016+2017CMBRDJ
fadeexotic8818@gmail.com:Hackergaming1
mariuszbacza6@gmail.com:maniek1997
elases2@hotmail.com:pauloXD5478
bbahahsh22@gmail.com:123456789Daas
tanvirhr60166@gmail.com:R01721860166
brandon103070@gmail.com:+6g,V$9S7K_mT6U
joellemmora@gmail.com:31385325063145504058
ovitorsegato@outlook.com:Omagrito_2020
carabado@ryteto.me:6Ta_Vs7(AF2?UWB
notefo2631@vinthao.com:MoonClient123
bycross77@gmail.com:Leilani2020
zerowolfytwolfytzero@gmail.com:2007Felipe
fireflight300@gmail.com:66325414a
champion00728@gmail.com:mercancia1986
brunnoshet@gmail.com:BBs@174147
angeldavidsilvaramirez@yahoo.com:JUbi5689
nchewilfred@gmail.com:bamenda12345
anjanette.garhart@pnc.com:PX0KLzocueci
mishiko.kenkebashvili@gmail.com:jigarson2004
krishnendude222@gmail.com:Jrish@1997
nelitongoncalves31@gmail.com:fjhD#yWp22Zgdjq
shadowatcher0.4@gmail.com:3gG5AD?swQqR-,G
limeiradotado@gmail.com:Xtlvmk27@
tiago.rinaldo13@gmail.com:Metalcore13_
trushananto@gmail.com:thoriq14
that1guyonpc@gmail.com:xKmQ@R8#H.HN.2s
ashantimoore95@yahoo.com:Badoo1996
tripleijueputa0@gmail.com:M8kZkZXDV9K6nu8
krltsed2541@gmail.com:Ab123456
zedkai45@gmail.com:dito1234
gyorfi.richard112@gmail.com:Rudika98
smab.shahg@gmail.com:ar00jkhan
casanovaadee@gmail.com:9920198196pikachu
tyreetw@gmail.com:lovema80
hamid.oussama@gmail.com:hakimhakim12
dewanshjoshi7@gmail.com:@Mayank1707
farhamdani9@gmail.com:Farian@1994
b0688b7228@inboxmail.life:Serkan.5343
laghiandaiaimitatrice17@gmail.com:Aveterottoilcazzo21
blissnanfe@gmail.com:justina55
fer68729@gmail.com:amareloed+
www.edwinchukwuemeka12@gmail.com:eddytekkers2002
machine.sex@virgilio.it:Hackers.mSmilzo197365
rich40120102@gmail.com:colin40120102
shansonpeter@gmail.com:FR(8H#&3?+qz-Rh
equipeb455@gmail.com:#Pedro455
osmanchoque2@gmail.com:eltorazo123456
nokeshw2@gmail.com:nokeshwaran12345@@@
chicomlb96@gmail.com:corazondeDios369
ytruru546@gmail.com:o45678908p
milopamilo@gmail.com:11397electronica
xgirl4141@gmail.com:Ghazalah@1
jessakino48@gmail.com:Fernando38
peladardo@gmail.com:florencia
cuentasnow1020@gmail.com:Cuentasnow1
durbaa@email.cz:K4rb0nyldiamid-2886
jackal.gio@hotmail.it:Lbgay73"4z
someonehelpghost@gmail.com:rahulthakur123#
miguelgines38@gmail.com:930527507
silvanathurleraraujo@hotmail.com:simonesimone
thfpogu@gmail.com:brtW48vt@qtCTFX
wasuremono.101@gmail.com:xFxpiyT6CSkyg7r
shipumatbar@gmail.com:shipubhai5452
stepinnocent@gmail.com:gapper2
vilan48526@veb27.com:Felicecalamita
nathanchhour45@gmail.com:Jayleechhour69
anson9512@gamil.com:xiaoke111113
me.love.puppys530@gmail.com:0llieisdumb
profnelson1305@gmail.com:#NeLson*3381
dionklein12@gmail.com:AA123bb
mohanedx054@gmail.com:01100599477
marianna_mee@int.pl:!Marianne1
sttephan7@gmail.com:Edma0706
snake174629@hotmail.com:MadMongoose1!
urjrjnrnrnrj@gmail.com:o45678908p
yainderp@gmail.com:anzutimbolwu.k
prabhatkrydv@gmail.com:prabhat17
bertrandattiogbe98@gmail.com:BERTRAND@228
vinni_and@limao.com:25341500
durjoy.chakrabory@gmail.com:durjoy9999
kdkddkjdddk12@gmail.comtu:honorygloria1.
kudzaibinha@gmail.com:Kudzie12
claussenisaiah1@gmail.com:cdAqsEi9HhfZ7Ex
aurelschmitz@gmail.com:samson07
vinciusdesousa@gmail.com:U*$(t&aDv2d(x*)
darkmasterjay2@gmail.com:yQEu!CR=8Rs8BWb
nmhjst0798@gmail.comn:sonnhu0204
maty2595@hotmail.com:0205995a
mindrobson@hotmail.com:michelin
jordanvaldes6@gmail.com:99386967
marakisotiris@gmail.com:babadook1980
timotiusdheakurnia89@gmail.com:*Master123
fdgdyh54@gmail.com:456ERFGHYRGHD
pijaka6443@huekieu.com:Pagada123
juandaniel2023djjotad@gmail.com:12345678909Juan
crazytime145@gmail.com:158947632Ss
arabianyachting.seo@gmail.com:Rentyachts1^&)78
elkatawy800@gmail.com:Hoda.net00
wonterfell@gmail.com:280952Guyhiend
karcsi55@yahoo.com:himarkia2021
crfalpha459@gmail.com:Alpha2006
dkj405@gmail.com:123405@T
hs8wufkwkw7k@gmail.com:x5cVD)#wp/JpX4k
waqas1510@gmail.com:15101975waw
emelidelcarmenmora@gmail.com:Emely.23
carlosbenavent431@vixca.co:Pornhub2023@
bismarckkms31@gmail.com:bismarckkms32
nelsoncamirand@gmail.com:Aston2020
lucianapalominodavila@gmail.com:ANGELICa123.
